Archive member included because of file (symbol)

.\CortexM3\ARM_GCC_493\Debug\FreeRTOS_Demo.a(cyfitter_cfg.o)
                              .\CortexM3\ARM_GCC_493\Debug\Cm3Start.o (cyfitter_cfg)
.\CortexM3\ARM_GCC_493\Debug\FreeRTOS_Demo.a(CyLib.o)
                              .\CortexM3\ARM_GCC_493\Debug\Cm3Start.o (CyResetStatus)
.\CortexM3\ARM_GCC_493\Debug\FreeRTOS_Demo.a(cyPm.o)
                              .\CortexM3\ARM_GCC_493\Debug\FreeRTOS_Demo.a(CyLib.o) (CyPmReadStatus)
.\CortexM3\ARM_GCC_493\Debug\FreeRTOS_Demo.a(uartISR_BYTE_RX.o)
                              .\CortexM3\ARM_GCC_493\Debug\Serial.o (uartISR_BYTE_RX_StartEx)
.\CortexM3\ARM_GCC_493\Debug\FreeRTOS_Demo.a(pwmClock.o)
                              .\CortexM3\ARM_GCC_493\Debug\main.o (pwmClock_Start)
.\CortexM3\ARM_GCC_493\Debug\FreeRTOS_Demo.a(servoPWM.o)
                              .\CortexM3\ARM_GCC_493\Debug\main.o (servoPWM_Start)
.\CortexM3\ARM_GCC_493\Debug\FreeRTOS_Demo.a(UART.o)
                              .\CortexM3\ARM_GCC_493\Debug\main.o (UART_Start)
.\CortexM3\ARM_GCC_493\Debug\FreeRTOS_Demo.a(UART_IntClock.o)
                              .\CortexM3\ARM_GCC_493\Debug\FreeRTOS_Demo.a(UART.o) (UART_IntClock_Start)
.\CortexM3\ARM_GCC_493\Debug\FreeRTOS_Demo.a(uartISR_BYTE_TX.o)
                              .\CortexM3\ARM_GCC_493\Debug\Serial.o (uartISR_BYTE_TX_StartEx)
.\CortexM3\ARM_GCC_493\Debug\FreeRTOS_Demo.a(CyBootAsmGnu.o)
                              .\CortexM3\ARM_GCC_493\Debug\FreeRTOS_Demo.a(cyfitter_cfg.o) (CyDelayCycles)
.\CortexM3\ARM_GCC_493\Debug\FreeRTOS_Demo.a(CyFlash.o)
                              .\CortexM3\ARM_GCC_493\Debug\FreeRTOS_Demo.a(cyPm.o) (CyFlash_SetWaitCycles)
.\CortexM3\ARM_GCC_493\Debug\FreeRTOS_Demo.a(CySpc.o)
                              .\CortexM3\ARM_GCC_493\Debug\FreeRTOS_Demo.a(CyFlash.o) (CySpcStart)
c:/program files (x86)/cypress/psoc creator/4.0/psoc creator/import/gnu/arm/4.9.3/bin/../lib/gcc/arm-none-eabi/4.9.3/armv7-m\libgcc.a(_arm_addsubdf3.o)
                              .\CortexM3\ARM_GCC_493\Debug\flop.o (__aeabi_dsub)
c:/program files (x86)/cypress/psoc creator/4.0/psoc creator/import/gnu/arm/4.9.3/bin/../lib/gcc/arm-none-eabi/4.9.3/armv7-m\libgcc.a(_arm_muldivdf3.o)
                              .\CortexM3\ARM_GCC_493\Debug\flop.o (__aeabi_dmul)
c:/program files (x86)/cypress/psoc creator/4.0/psoc creator/import/gnu/arm/4.9.3/bin/../lib/gcc/arm-none-eabi/4.9.3/armv7-m\libgcc.a(_arm_cmpdf2.o)
                              .\CortexM3\ARM_GCC_493\Debug\flop.o (__aeabi_dcmpgt)
c:/program files (x86)/cypress/psoc creator/4.0/psoc creator/import/gnu/arm/4.9.3/bin/../lib/gcc/arm-none-eabi/4.9.3/../../../../arm-none-eabi/lib/armv7-m\libg_nano.a(lib_a-errno.o)
                              .\CortexM3\ARM_GCC_493\Debug\Cm3Start.o (__errno)
c:/program files (x86)/cypress/psoc creator/4.0/psoc creator/import/gnu/arm/4.9.3/bin/../lib/gcc/arm-none-eabi/4.9.3/../../../../arm-none-eabi/lib/armv7-m\libg_nano.a(lib_a-exit.o)
                              c:/program files (x86)/cypress/psoc creator/4.0/psoc creator/import/gnu/arm/4.9.3/bin/../lib/gcc/arm-none-eabi/4.9.3/../../../../arm-none-eabi/lib/armv7-m/crt0.o (exit)
c:/program files (x86)/cypress/psoc creator/4.0/psoc creator/import/gnu/arm/4.9.3/bin/../lib/gcc/arm-none-eabi/4.9.3/../../../../arm-none-eabi/lib/armv7-m\libg_nano.a(lib_a-impure.o)
                              c:/program files (x86)/cypress/psoc creator/4.0/psoc creator/import/gnu/arm/4.9.3/bin/../lib/gcc/arm-none-eabi/4.9.3/../../../../arm-none-eabi/lib/armv7-m\libg_nano.a(lib_a-exit.o) (_global_impure_ptr)
c:/program files (x86)/cypress/psoc creator/4.0/psoc creator/import/gnu/arm/4.9.3/bin/../lib/gcc/arm-none-eabi/4.9.3/../../../../arm-none-eabi/lib/armv7-m\libg_nano.a(lib_a-init.o)
                              c:/program files (x86)/cypress/psoc creator/4.0/psoc creator/import/gnu/arm/4.9.3/bin/../lib/gcc/arm-none-eabi/4.9.3/../../../../arm-none-eabi/lib/armv7-m/crt0.o (__libc_init_array)
c:/program files (x86)/cypress/psoc creator/4.0/psoc creator/import/gnu/arm/4.9.3/bin/../lib/gcc/arm-none-eabi/4.9.3/../../../../arm-none-eabi/lib/armv7-m\libg_nano.a(lib_a-memcpy.o)
                              .\CortexM3\ARM_GCC_493\Debug\queue.o (memcpy)
c:/program files (x86)/cypress/psoc creator/4.0/psoc creator/import/gnu/arm/4.9.3/bin/../lib/gcc/arm-none-eabi/4.9.3/../../../../arm-none-eabi/lib/armv7-m\libg_nano.a(lib_a-memset.o)
                              c:/program files (x86)/cypress/psoc creator/4.0/psoc creator/import/gnu/arm/4.9.3/bin/../lib/gcc/arm-none-eabi/4.9.3/../../../../arm-none-eabi/lib/armv7-m/crt0.o (memset)

Allocating common symbols
Common symbol       size              file

xHighPriorityTask   0x4               .\CortexM3\ARM_GCC_493\Debug\QPeek.o
xMediumPriorityTask
                    0x4               .\CortexM3\ARM_GCC_493\Debug\QPeek.o
xQueueRegistry      0x50              .\CortexM3\ARM_GCC_493\Debug\queue.o
[...]
Memory Configuration

Name             Origin             Length             Attributes
rom              0x00000000         0x00040000         xr
ram              0x1fff8000         0x00010000         xrw
*default*        0x00000000         0xffffffff

Linker script and memory map

LOAD c:/program files (x86)/cypress/psoc creator/4.0/psoc creator/import/gnu/arm/4.9.3/bin/../lib/gcc/arm-none-eabi/4.9.3/armv7-m/crti.o
LOAD c:/program files (x86)/cypress/psoc creator/4.0/psoc creator/import/gnu/arm/4.9.3/bin/../lib/gcc/arm-none-eabi/4.9.3/armv7-m/crtbegin.o
LOAD c:/program files (x86)/cypress/psoc creator/4.0/psoc creator/import/gnu/arm/4.9.3/bin/../lib/gcc/arm-none-eabi/4.9.3/../../../../arm-none-eabi/lib/armv7-m/crt0.o
START GROUP
LOAD .\CortexM3\ARM_GCC_493\Debug\BlockQ.o
LOAD .\CortexM3\ARM_GCC_493\Debug\blocktim.o
LOAD .\CortexM3\ARM_GCC_493\Debug\comtest.o
LOAD .\CortexM3\ARM_GCC_493\Debug\countsem.o
LOAD .\CortexM3\ARM_GCC_493\Debug\death.o
LOAD .\CortexM3\ARM_GCC_493\Debug\dynamic.o
LOAD .\CortexM3\ARM_GCC_493\Debug\flash.o
LOAD .\CortexM3\ARM_GCC_493\Debug\flop.o
LOAD .\CortexM3\ARM_GCC_493\Debug\GenQTest.o
LOAD .\CortexM3\ARM_GCC_493\Debug\integer.o
LOAD .\CortexM3\ARM_GCC_493\Debug\IntQueue.o
LOAD .\CortexM3\ARM_GCC_493\Debug\PollQ.o
LOAD .\CortexM3\ARM_GCC_493\Debug\QPeek.o
LOAD .\CortexM3\ARM_GCC_493\Debug\semtest.o
LOAD .\CortexM3\ARM_GCC_493\Debug\croutine.o
LOAD .\CortexM3\ARM_GCC_493\Debug\heap_2.o
LOAD .\CortexM3\ARM_GCC_493\Debug\list.o
LOAD .\CortexM3\ARM_GCC_493\Debug\port.o
LOAD .\CortexM3\ARM_GCC_493\Debug\queue.o
LOAD .\CortexM3\ARM_GCC_493\Debug\tasks.o
LOAD .\CortexM3\ARM_GCC_493\Debug\IntQueueTimer.o
LOAD .\CortexM3\ARM_GCC_493\Debug\main.o
LOAD .\CortexM3\ARM_GCC_493\Debug\ParTest.o
LOAD .\CortexM3\ARM_GCC_493\Debug\Serial.o
LOAD .\CortexM3\ARM_GCC_493\Debug\TimerTest.o
LOAD .\CortexM3\ARM_GCC_493\Debug\cymetadata.o
LOAD .\CortexM3\ARM_GCC_493\Debug\Cm3Start.o
LOAD .\CortexM3\ARM_GCC_493\Debug\FreeRTOS_Demo.a
LOAD C:\Program Files (x86)\Cypress\PSoC Creator\4.0\PSoC Creator\psoc\content\cycomponentlibrary\CyComponentLibrary.cylib\CortexM3\ARM_GCC_493\Debug\CyComponentLibrary.a
END GROUP
START GROUP
LOAD c:/program files (x86)/cypress/psoc creator/4.0/psoc creator/import/gnu/arm/4.9.3/bin/../lib/gcc/arm-none-eabi/4.9.3/armv7-m\libgcc.a
LOAD c:/program files (x86)/cypress/psoc creator/4.0/psoc creator/import/gnu/arm/4.9.3/bin/../lib/gcc/arm-none-eabi/4.9.3/../../../../arm-none-eabi/lib/armv7-m\libg_nano.a
LOAD c:/program files (x86)/cypress/psoc creator/4.0/psoc creator/import/gnu/arm/4.9.3/bin/../lib/gcc/arm-none-eabi/4.9.3/../../../../arm-none-eabi/lib/armv7-m\libc_nano.a
END GROUP
START GROUP
LOAD c:/program files (x86)/cypress/psoc creator/4.0/psoc creator/import/gnu/arm/4.9.3/bin/../lib/gcc/arm-none-eabi/4.9.3/armv7-m\libgcc.a
LOAD c:/program files (x86)/cypress/psoc creator/4.0/psoc creator/import/gnu/arm/4.9.3/bin/../lib/gcc/arm-none-eabi/4.9.3/../../../../arm-none-eabi/lib/armv7-m\libc_nano.a
END GROUP
LOAD c:/program files (x86)/cypress/psoc creator/4.0/psoc creator/import/gnu/arm/4.9.3/bin/../lib/gcc/arm-none-eabi/4.9.3/armv7-m/crtend.o
LOAD c:/program files (x86)/cypress/psoc creator/4.0/psoc creator/import/gnu/arm/4.9.3/bin/../lib/gcc/arm-none-eabi/4.9.3/armv7-m/crtn.o
START GROUP
LOAD c:/program files (x86)/cypress/psoc creator/4.0/psoc creator/import/gnu/arm/4.9.3/bin/../lib/gcc/arm-none-eabi/4.9.3/armv7-m\libgcc.a
LOAD c:/program files (x86)/cypress/psoc creator/4.0/psoc creator/import/gnu/arm/4.9.3/bin/../lib/gcc/arm-none-eabi/4.9.3/../../../../arm-none-eabi/lib/armv7-m\libc.a
LOAD c:/program files (x86)/cypress/psoc creator/4.0/psoc creator/import/gnu/arm/4.9.3/bin/../lib/gcc/arm-none-eabi/4.9.3/../../../../arm-none-eabi/lib/armv7-m\libnosys.a
END GROUP
                0x00000000                CY_APPL_ORIGIN = 0x0
                0x00000100                CY_FLASH_ROW_SIZE = 0x100
                0x00000020                CY_ECC_ROW_SIZE = 0x20
                0x00000000                CY_EE_IN_BTLDR = 0x0
                0x00000000                CY_APPL_LOADABLE = 0x0
                0x00000800                CY_EE_SIZE = 0x800
                0x00000001                CY_APPL_NUM = 0x1
                0x00000001                CY_APPL_MAX = 0x1
                0x00000040                CY_METADATA_SIZE = 0x40
                0x00000000                CY_APPL_LOADABLE = 0x0
                0x00000000                CY_CHECKSUM_EXCLUDE_SIZE = ALIGN (0x0, CY_FLASH_ROW_SIZE)
                0x200002c8                PROVIDE (__cy_heap_start, _end)
                0x00000001                PROVIDE (__cy_region_num, ((__cy_regions_end - __cy_regions) / 0x10))
                0x20008000                PROVIDE (__cy_stack, (ORIGIN (ram) + 0x10000))
                0x20007c00                PROVIDE (__cy_heap_end, (__cy_stack - 0x400))

.cybootloader   0x00000000        0x0
 *(.cybootloader)
                0x00000000                appl1_start = CY_APPL_ORIGIN?CY_APPL_ORIGIN:ALIGN (CY_FLASH_ROW_SIZE)
                0x0001ff00                appl2_start = (appl1_start + ALIGN ((((0x40000 - appl1_start) - (0x2 * CY_FLASH_ROW_SIZE)) / 0x2), CY_FLASH_ROW_SIZE))
                0x00000000                appl_start = (CY_APPL_NUM == 0x1)?appl1_start:appl2_start
                0x00000000                ecc_offset = ((appl_start / CY_FLASH_ROW_SIZE) * CY_ECC_ROW_SIZE)
                0x00000000                ee_offset = (CY_APPL_LOADABLE && ! (CY_EE_IN_BTLDR))?((CY_EE_SIZE / CY_APPL_MAX) * (CY_APPL_NUM - 0x1)):0x0
                0x00000800                ee_size = (CY_APPL_LOADABLE && ! (CY_EE_IN_BTLDR))?(CY_EE_SIZE / CY_APPL_MAX):CY_EE_SIZE
                0x00000000                PROVIDE (CY_ECC_OFFSET, ecc_offset)

.text           0x00000000     0x2726
 CREATE_OBJECT_SYMBOLS
                0x00000000                PROVIDE (__cy_interrupt_vector, RomVectors)
 *(.romvectors)
 .romvectors    0x00000000       0x10 .\CortexM3\ARM_GCC_493\Debug\Cm3Start.o
                0x00000000                RomVectors
                0x00000001                ASSERT ((. != __cy_interrupt_vector), No interrupt vector)
                0x00000001                ASSERT (CY_APPL_ORIGIN?(SIZEOF (.cybootloader) <= CY_APPL_ORIGIN):0x1, Wrong image location)
                0x00000010                PROVIDE (__cy_reset, Reset)
 *(.text.Reset)
 .text.Reset    0x00000010       0x18 .\CortexM3\ARM_GCC_493\Debug\Cm3Start.o
                0x00000010                Reset
                0x00000001                ASSERT ((. != __cy_reset), No reset code)
 *(.dma_init)
                0x00000001                ASSERT ((((appl_start + .) <= 0x10000) || 0x1), DMA Init must be within the first 64k of flash)
 *(.text .text.* .gnu.linkonce.t.*)
 .text          0x00000028       0x5c c:/program files (x86)/cypress/psoc creator/4.0/psoc creator/import/gnu/arm/4.9.3/bin/../lib/gcc/arm-none-eabi/4.9.3/armv7-m/crtbegin.o
 .text.vAltStartComTestTasks
                0x00000084       0x60 .\CortexM3\ARM_GCC_493\Debug\comtest.o
                0x00000084                vAltStartComTestTasks
 .text.vComTxTask
                0x000000e4       0x64 .\CortexM3\ARM_GCC_493\Debug\comtest.o
 .text.vComRxTask
                0x00000148       0x2c .\CortexM3\ARM_GCC_493\Debug\comtest.o
 .text.pvPortMalloc
                0x00000174      0x124 .\CortexM3\ARM_GCC_493\Debug\heap_2.o
                0x00000174                pvPortMalloc
 .text.vPortFree
                0x00000298       0x70 .\CortexM3\ARM_GCC_493\Debug\heap_2.o
                0x00000298                vPortFree
 .text.prvHeapInit
                0x00000308       0x50 .\CortexM3\ARM_GCC_493\Debug\heap_2.o
 .text.vListInitialise
                0x00000358       0x40 .\CortexM3\ARM_GCC_493\Debug\list.o
                0x00000358                vListInitialise
 .text.vListInitialiseItem
                0x00000398       0x18 .\CortexM3\ARM_GCC_493\Debug\list.o
                0x00000398                vListInitialiseItem
 .text.vListInsertEnd
                0x000003b0       0x48 .\CortexM3\ARM_GCC_493\Debug\list.o
                0x000003b0                vListInsertEnd
 .text.vListInsert
                0x000003f8       0x70 .\CortexM3\ARM_GCC_493\Debug\list.o
                0x000003f8                vListInsert
 .text.uxListRemove
                0x00000468       0x54 .\CortexM3\ARM_GCC_493\Debug\list.o
                0x00000468                uxListRemove
 .text.pxPortInitialiseStack
                0x000004bc       0x5c .\CortexM3\ARM_GCC_493\Debug\port.o
                0x000004bc                pxPortInitialiseStack
 .text.prvTaskExitError
                0x00000518       0x1c .\CortexM3\ARM_GCC_493\Debug\port.o
 *fill*         0x00000534        0xc 
 .text.vPortSVCHandler
                0x00000540       0x30 .\CortexM3\ARM_GCC_493\Debug\port.o
                0x00000540                vPortSVCHandler
 .text.prvPortStartFirstTask
                0x00000570       0x20 .\CortexM3\ARM_GCC_493\Debug\port.o
 .text.xPortStartScheduler
                0x00000590       0x3c .\CortexM3\ARM_GCC_493\Debug\port.o
                0x00000590                xPortStartScheduler
 .text.vPortEnterCritical
                0x000005cc       0x30 .\CortexM3\ARM_GCC_493\Debug\port.o
                0x000005cc                vPortEnterCritical
 .text.vPortExitCritical
                0x000005fc       0x30 .\CortexM3\ARM_GCC_493\Debug\port.o
                0x000005fc                vPortExitCritical
 *fill*         0x0000062c        0x4 
 .text.xPortPendSVHandler
                0x00000630       0x50 .\CortexM3\ARM_GCC_493\Debug\port.o
                0x00000630                xPortPendSVHandler
 .text.xPortSysTickHandler
                0x00000680       0x40 .\CortexM3\ARM_GCC_493\Debug\port.o
                0x00000680                xPortSysTickHandler
 .text.vPortSetupTimerInterrupt
                0x000006c0       0x24 .\CortexM3\ARM_GCC_493\Debug\port.o
                0x000006c0                vPortSetupTimerInterrupt
 .text.xQueueGenericReset
                0x000006e4       0xb4 .\CortexM3\ARM_GCC_493\Debug\queue.o
                0x000006e4                xQueueGenericReset
 .text.xQueueGenericCreate
                0x00000798       0x58 .\CortexM3\ARM_GCC_493\Debug\queue.o
                0x00000798                xQueueGenericCreate
 .text.prvInitialiseNewQueue
                0x000007f0       0x3c .\CortexM3\ARM_GCC_493\Debug\queue.o
 .text.xQueueGenericSend
                0x0000082c      0x15c .\CortexM3\ARM_GCC_493\Debug\queue.o
                0x0000082c                xQueueGenericSend
 .text.xQueueGenericSendFromISR
                0x00000988       0xb4 .\CortexM3\ARM_GCC_493\Debug\queue.o
                0x00000988                xQueueGenericSendFromISR
 .text.xQueueGenericReceive
                0x00000a3c      0x1b8 .\CortexM3\ARM_GCC_493\Debug\queue.o
                0x00000a3c                xQueueGenericReceive
 .text.xQueueReceiveFromISR
                0x00000bf4       0xac .\CortexM3\ARM_GCC_493\Debug\queue.o
                0x00000bf4                xQueueReceiveFromISR
 .text.prvCopyDataToQueue
                0x00000ca0       0xd8 .\CortexM3\ARM_GCC_493\Debug\queue.o
 .text.prvCopyDataFromQueue
                0x00000d78       0x4c .\CortexM3\ARM_GCC_493\Debug\queue.o
 .text.prvUnlockQueue
                0x00000dc4       0xa4 .\CortexM3\ARM_GCC_493\Debug\queue.o
 .text.prvIsQueueEmpty
                0x00000e68       0x2c .\CortexM3\ARM_GCC_493\Debug\queue.o
 .text.prvIsQueueFull
                0x00000e94       0x30 .\CortexM3\ARM_GCC_493\Debug\queue.o
 .text.xTaskCreate
                0x00000ec4       0x80 .\CortexM3\ARM_GCC_493\Debug\tasks.o
                0x00000ec4                xTaskCreate
 .text.prvInitialiseNewTask
                0x00000f44       0xec .\CortexM3\ARM_GCC_493\Debug\tasks.o
 .text.prvAddNewTaskToReadyList
                0x00001030       0xd8 .\CortexM3\ARM_GCC_493\Debug\tasks.o
 .text.vTaskDelay
                0x00001108       0x44 .\CortexM3\ARM_GCC_493\Debug\tasks.o
                0x00001108                vTaskDelay
 .text.vTaskStartScheduler
                0x0000114c       0x6c .\CortexM3\ARM_GCC_493\Debug\tasks.o
                0x0000114c                vTaskStartScheduler
 .text.vTaskSuspendAll
                0x000011b8       0x1c .\CortexM3\ARM_GCC_493\Debug\tasks.o
                0x000011b8                vTaskSuspendAll
 .text.xTaskResumeAll
                0x000011d4      0x120 .\CortexM3\ARM_GCC_493\Debug\tasks.o
                0x000011d4                xTaskResumeAll
 .text.xTaskGetTickCount
                0x000012f4       0x20 .\CortexM3\ARM_GCC_493\Debug\tasks.o
                0x000012f4                xTaskGetTickCount
 .text.xTaskIncrementTick
                0x00001314      0x15c .\CortexM3\ARM_GCC_493\Debug\tasks.o
                0x00001314                xTaskIncrementTick
 .text.vTaskSwitchContext
                0x00001470       0xd4 .\CortexM3\ARM_GCC_493\Debug\tasks.o
                0x00001470                vTaskSwitchContext
 .text.vTaskPlaceOnEventList
                0x00001544       0x2c .\CortexM3\ARM_GCC_493\Debug\tasks.o
                0x00001544                vTaskPlaceOnEventList
 .text.xTaskRemoveFromEventList
                0x00001570       0xac .\CortexM3\ARM_GCC_493\Debug\tasks.o
                0x00001570                xTaskRemoveFromEventList
 .text.vTaskSetTimeOutState
                0x0000161c       0x2c .\CortexM3\ARM_GCC_493\Debug\tasks.o
                0x0000161c                vTaskSetTimeOutState
 .text.xTaskCheckForTimeOut
                0x00001648       0x88 .\CortexM3\ARM_GCC_493\Debug\tasks.o
                0x00001648                xTaskCheckForTimeOut
 .text.vTaskMissedYield
                0x000016d0       0x18 .\CortexM3\ARM_GCC_493\Debug\tasks.o
                0x000016d0                vTaskMissedYield
 .text.prvIdleTask
                0x000016e8       0x10 .\CortexM3\ARM_GCC_493\Debug\tasks.o
 .text.prvInitialiseTaskLists
                0x000016f8       0x7c .\CortexM3\ARM_GCC_493\Debug\tasks.o
 .text.prvCheckTasksWaitingTermination
                0x00001774       0x74 .\CortexM3\ARM_GCC_493\Debug\tasks.o
 .text.prvDeleteTCB
                0x000017e8       0x20 .\CortexM3\ARM_GCC_493\Debug\tasks.o
 .text.prvResetNextTaskUnblockTime
                0x00001808       0x48 .\CortexM3\ARM_GCC_493\Debug\tasks.o
 .text.vTaskPriorityInherit
                0x00001850       0xf0 .\CortexM3\ARM_GCC_493\Debug\tasks.o
                0x00001850                vTaskPriorityInherit
 .text.xTaskPriorityDisinherit
                0x00001940       0xcc .\CortexM3\ARM_GCC_493\Debug\tasks.o
                0x00001940                xTaskPriorityDisinherit
 .text.pvTaskIncrementMutexHeldCount
                0x00001a0c       0x28 .\CortexM3\ARM_GCC_493\Debug\tasks.o
                0x00001a0c                pvTaskIncrementMutexHeldCount
 .text.prvAddCurrentTaskToDelayedList
                0x00001a34       0xc8 .\CortexM3\ARM_GCC_493\Debug\tasks.o
 .text.main     0x00001afc       0x1c .\CortexM3\ARM_GCC_493\Debug\main.o
                0x00001afc                main
 .text.prvHardwareSetup
                0x00001b18       0x34 .\CortexM3\ARM_GCC_493\Debug\main.o
 .text.vApplicationStackOverflowHook
                0x00001b4c       0x20 .\CortexM3\ARM_GCC_493\Debug\main.o
                0x00001b4c                vApplicationStackOverflowHook
 .text.vApplicationMallocFailedHook
                0x00001b6c       0x1c .\CortexM3\ARM_GCC_493\Debug\main.o
                0x00001b6c                vApplicationMallocFailedHook
 .text.xSerialPortInitMinimal
                0x00001b88       0x74 .\CortexM3\ARM_GCC_493\Debug\Serial.o
                0x00001b88                xSerialPortInitMinimal
 .text.xSerialGetChar
                0x00001bfc       0x38 .\CortexM3\ARM_GCC_493\Debug\Serial.o
                0x00001bfc                xSerialGetChar
 .text.xSerialPutChar
                0x00001c34       0x54 .\CortexM3\ARM_GCC_493\Debug\Serial.o
                0x00001c34                xSerialPutChar
 .text.vUartRxISR
                0x00001c88       0x94 .\CortexM3\ARM_GCC_493\Debug\Serial.o
                0x00001c88                vUartRxISR
 .text.vUartTxISR
                0x00001d1c       0xb0 .\CortexM3\ARM_GCC_493\Debug\Serial.o
                0x00001d1c                vUartTxISR
 .text.IntDefaultHandler
                0x00001dcc       0x14 .\CortexM3\ARM_GCC_493\Debug\Cm3Start.o
                0x00001dcc                IntDefaultHandler
 .text.Start_c  0x00001de0       0x98 .\CortexM3\ARM_GCC_493\Debug\Cm3Start.o
                0x00001de0                Start_c
 .text.initialize_psoc
                0x00001e78       0x8c .\CortexM3\ARM_GCC_493\Debug\Cm3Start.o
                0x00001e78                initialize_psoc
 .text.CYMEMZERO
                0x00001f04       0x1c .\CortexM3\ARM_GCC_493\Debug\FreeRTOS_Demo.a(cyfitter_cfg.o)
 .text.CYCONFIGCPY
                0x00001f20       0x1c .\CortexM3\ARM_GCC_493\Debug\FreeRTOS_Demo.a(cyfitter_cfg.o)
 .text.CyClockStartupError
                0x00001f3c        0xc .\CortexM3\ARM_GCC_493\Debug\FreeRTOS_Demo.a(cyfitter_cfg.o)
 .text.cfg_write_bytes32
                0x00001f48       0x74 .\CortexM3\ARM_GCC_493\Debug\FreeRTOS_Demo.a(cyfitter_cfg.o)
 .text.ClockSetup
                0x00001fbc      0x118 .\CortexM3\ARM_GCC_493\Debug\FreeRTOS_Demo.a(cyfitter_cfg.o)
 .text.AnalogSetDefault
                0x000020d4       0x44 .\CortexM3\ARM_GCC_493\Debug\FreeRTOS_Demo.a(cyfitter_cfg.o)
 .text.cyfitter_cfg
                0x00002118      0x120 .\CortexM3\ARM_GCC_493\Debug\FreeRTOS_Demo.a(cyfitter_cfg.o)
                0x00002118                cyfitter_cfg
 .text.uartISR_BYTE_RX_StartEx
                0x00002238       0x24 .\CortexM3\ARM_GCC_493\Debug\FreeRTOS_Demo.a(uartISR_BYTE_RX.o)
                0x00002238                uartISR_BYTE_RX_StartEx
 .text.uartISR_BYTE_RX_SetVector
                0x0000225c       0x24 .\CortexM3\ARM_GCC_493\Debug\FreeRTOS_Demo.a(uartISR_BYTE_RX.o)
                0x0000225c                uartISR_BYTE_RX_SetVector
 .text.uartISR_BYTE_RX_SetPriority
                0x00002280       0x24 .\CortexM3\ARM_GCC_493\Debug\FreeRTOS_Demo.a(uartISR_BYTE_RX.o)
                0x00002280                uartISR_BYTE_RX_SetPriority
 .text.uartISR_BYTE_RX_Enable
                0x000022a4       0x18 .\CortexM3\ARM_GCC_493\Debug\FreeRTOS_Demo.a(uartISR_BYTE_RX.o)
                0x000022a4                uartISR_BYTE_RX_Enable
 .text.uartISR_BYTE_RX_Disable
                0x000022bc       0x18 .\CortexM3\ARM_GCC_493\Debug\FreeRTOS_Demo.a(uartISR_BYTE_RX.o)
                0x000022bc                uartISR_BYTE_RX_Disable
 .text.uartISR_BYTE_RX_ClearPending
                0x000022d4       0x18 .\CortexM3\ARM_GCC_493\Debug\FreeRTOS_Demo.a(uartISR_BYTE_RX.o)
                0x000022d4                uartISR_BYTE_RX_ClearPending
 .text.pwmClock_Start
                0x000022ec       0x34 .\CortexM3\ARM_GCC_493\Debug\FreeRTOS_Demo.a(pwmClock.o)
                0x000022ec                pwmClock_Start
 .text.servoPWM_Start
                0x00002320       0x20 .\CortexM3\ARM_GCC_493\Debug\FreeRTOS_Demo.a(servoPWM.o)
                0x00002320                servoPWM_Start
 .text.servoPWM_Init
                0x00002340       0x50 .\CortexM3\ARM_GCC_493\Debug\FreeRTOS_Demo.a(servoPWM.o)
                0x00002340                servoPWM_Init
 .text.servoPWM_Enable
                0x00002390       0x20 .\CortexM3\ARM_GCC_493\Debug\FreeRTOS_Demo.a(servoPWM.o)
                0x00002390                servoPWM_Enable
 .text.servoPWM_WriteCounter
                0x000023b0       0x20 .\CortexM3\ARM_GCC_493\Debug\FreeRTOS_Demo.a(servoPWM.o)
                0x000023b0                servoPWM_WriteCounter
 .text.servoPWM_WritePeriod
                0x000023d0       0x20 .\CortexM3\ARM_GCC_493\Debug\FreeRTOS_Demo.a(servoPWM.o)
                0x000023d0                servoPWM_WritePeriod
 .text.servoPWM_WriteCompare
                0x000023f0       0x20 .\CortexM3\ARM_GCC_493\Debug\FreeRTOS_Demo.a(servoPWM.o)
                0x000023f0                servoPWM_WriteCompare
 .text.UART_Start
                0x00002410       0x20 .\CortexM3\ARM_GCC_493\Debug\FreeRTOS_Demo.a(UART.o)
                0x00002410                UART_Start
 .text.UART_Init
                0x00002430       0x40 .\CortexM3\ARM_GCC_493\Debug\FreeRTOS_Demo.a(UART.o)
                0x00002430                UART_Init
 .text.UART_Enable
                0x00002470       0x5c .\CortexM3\ARM_GCC_493\Debug\FreeRTOS_Demo.a(UART.o)
                0x00002470                UART_Enable
 .text.UART_ReadRxStatus
                0x000024cc       0x24 .\CortexM3\ARM_GCC_493\Debug\FreeRTOS_Demo.a(UART.o)
                0x000024cc                UART_ReadRxStatus
 .text.UART_GetChar
                0x000024f0       0x44 .\CortexM3\ARM_GCC_493\Debug\FreeRTOS_Demo.a(UART.o)
                0x000024f0                UART_GetChar
 .text.UART_SetTxInterruptMode
                0x00002534       0x20 .\CortexM3\ARM_GCC_493\Debug\FreeRTOS_Demo.a(UART.o)
                0x00002534                UART_SetTxInterruptMode
 .text.UART_ReadTxStatus
                0x00002554       0x18 .\CortexM3\ARM_GCC_493\Debug\FreeRTOS_Demo.a(UART.o)
                0x00002554                UART_ReadTxStatus
 .text.UART_PutChar
                0x0000256c       0x34 .\CortexM3\ARM_GCC_493\Debug\FreeRTOS_Demo.a(UART.o)
                0x0000256c                UART_PutChar
 .text.UART_IntClock_Start
                0x000025a0       0x34 .\CortexM3\ARM_GCC_493\Debug\FreeRTOS_Demo.a(UART_IntClock.o)
                0x000025a0                UART_IntClock_Start
 .text.uartISR_BYTE_TX_StartEx
                0x000025d4       0x24 .\CortexM3\ARM_GCC_493\Debug\FreeRTOS_Demo.a(uartISR_BYTE_TX.o)
                0x000025d4                uartISR_BYTE_TX_StartEx
 .text.uartISR_BYTE_TX_SetVector
                0x000025f8       0x24 .\CortexM3\ARM_GCC_493\Debug\FreeRTOS_Demo.a(uartISR_BYTE_TX.o)
                0x000025f8                uartISR_BYTE_TX_SetVector
 .text.uartISR_BYTE_TX_SetPriority
                0x0000261c       0x24 .\CortexM3\ARM_GCC_493\Debug\FreeRTOS_Demo.a(uartISR_BYTE_TX.o)
                0x0000261c                uartISR_BYTE_TX_SetPriority
 .text.uartISR_BYTE_TX_Enable
                0x00002640       0x18 .\CortexM3\ARM_GCC_493\Debug\FreeRTOS_Demo.a(uartISR_BYTE_TX.o)
                0x00002640                uartISR_BYTE_TX_Enable
 .text.uartISR_BYTE_TX_Disable
                0x00002658       0x18 .\CortexM3\ARM_GCC_493\Debug\FreeRTOS_Demo.a(uartISR_BYTE_TX.o)
                0x00002658                uartISR_BYTE_TX_Disable
 .text.uartISR_BYTE_TX_ClearPending
                0x00002670       0x18 .\CortexM3\ARM_GCC_493\Debug\FreeRTOS_Demo.a(uartISR_BYTE_TX.o)
                0x00002670                uartISR_BYTE_TX_ClearPending
 .text          0x00002688       0x20 .\CortexM3\ARM_GCC_493\Debug\FreeRTOS_Demo.a(CyBootAsmGnu.o)
                0x00002688                CyDelayCycles
                0x00002698                CyEnterCriticalSection
                0x000026a0                CyExitCriticalSection
 .text.__errno  0x000026a8        0xc c:/program files (x86)/cypress/psoc creator/4.0/psoc creator/import/gnu/arm/4.9.3/bin/../lib/gcc/arm-none-eabi/4.9.3/../../../../arm-none-eabi/lib/armv7-m\libg_nano.a(lib_a-errno.o)
                0x000026a8                __errno
 .text.__libc_init_array
                0x000026b4       0x4c c:/program files (x86)/cypress/psoc creator/4.0/psoc creator/import/gnu/arm/4.9.3/bin/../lib/gcc/arm-none-eabi/4.9.3/../../../../arm-none-eabi/lib/armv7-m\libg_nano.a(lib_a-init.o)
                0x000026b4                __libc_init_array
 .text.memcpy   0x00002700       0x16 c:/program files (x86)/cypress/psoc creator/4.0/psoc creator/import/gnu/arm/4.9.3/bin/../lib/gcc/arm-none-eabi/4.9.3/../../../../arm-none-eabi/lib/armv7-m\libg_nano.a(lib_a-memcpy.o)
                0x00002700                memcpy
 .text.memset   0x00002716       0x10 c:/program files (x86)/cypress/psoc creator/4.0/psoc creator/import/gnu/arm/4.9.3/bin/../lib/gcc/arm-none-eabi/4.9.3/../../../../arm-none-eabi/lib/armv7-m\libg_nano.a(lib_a-memset.o)
                0x00002716                memset
 *(.plt)
 *(.gnu.warning)
 *(.glue_7t)
 .glue_7t       0x00000000        0x0 linker stubs
 *(.glue_7)
 .glue_7        0x00000000        0x0 linker stubs
 *(.vfp11_veneer)
 .vfp11_veneer  0x00000000        0x0 linker stubs
 *(.bootloader)
 *(.ARM.extab* .gnu.linkonce.armextab.*)
 *(.gcc_except_table)

.v4_bx          0x00002728        0x0
 .v4_bx         0x00000000        0x0 linker stubs

.iplt           0x00002728        0x0
 .iplt          0x00000000        0x0 c:/program files (x86)/cypress/psoc creator/4.0/psoc creator/import/gnu/arm/4.9.3/bin/../lib/gcc/arm-none-eabi/4.9.3/armv7-m/crtbegin.o

.eh_frame_hdr
 *(.eh_frame_hdr)

.eh_frame       0x00002728        0x4
 *(.eh_frame)
 .eh_frame      0x00002728        0x0 c:/program files (x86)/cypress/psoc creator/4.0/psoc creator/import/gnu/arm/4.9.3/bin/../lib/gcc/arm-none-eabi/4.9.3/armv7-m/crtbegin.o
 .eh_frame      0x00002728        0x4 c:/program files (x86)/cypress/psoc creator/4.0/psoc creator/import/gnu/arm/4.9.3/bin/../lib/gcc/arm-none-eabi/4.9.3/armv7-m/crtend.o
                0x0000272c                PROVIDE (__exidx_start, .)

.ARM.exidx
 *(.ARM.exidx* .gnu.linkonce.armexidx.*)
                0x0000272c                __exidx_end = .

.rodata         0x0000272c       0x84
 *(.rodata .rodata.* .gnu.linkonce.r.*)
 .rodata        0x0000272c       0x10 .\CortexM3\ARM_GCC_493\Debug\comtest.o
 .rodata        0x0000273c        0x8 .\CortexM3\ARM_GCC_493\Debug\tasks.o
 .rodata        0x00002744       0x30 .\CortexM3\ARM_GCC_493\Debug\FreeRTOS_Demo.a(cyfitter_cfg.o)
 .rodata.str1.1
                0x00002774        0x2 c:/program files (x86)/cypress/psoc creator/4.0/psoc creator/import/gnu/arm/4.9.3/bin/../lib/gcc/arm-none-eabi/4.9.3/../../../../arm-none-eabi/lib/armv7-m\libg_nano.a(lib_a-impure.o)
                0x00002778                . = ALIGN (0x4)
 *fill*         0x00002776        0x2 
 *(.init)
 .init          0x00002778        0x4 c:/program files (x86)/cypress/psoc creator/4.0/psoc creator/import/gnu/arm/4.9.3/bin/../lib/gcc/arm-none-eabi/4.9.3/armv7-m/crti.o
                0x00002778                _init
 .init          0x0000277c        0x8 c:/program files (x86)/cypress/psoc creator/4.0/psoc creator/import/gnu/arm/4.9.3/bin/../lib/gcc/arm-none-eabi/4.9.3/armv7-m/crtn.o
                0x00002784                . = ALIGN (0x4)
                0x00002784                __preinit_array_start = .
 *(.preinit_array)
                0x00002784                __preinit_array_end = .
                0x00002784                . = ALIGN (0x4)
                0x00002784                __init_array_start = .
 *(SORT(.init_array.*))
 *(.init_array)
 .init_array    0x00002784        0x4 c:/program files (x86)/cypress/psoc creator/4.0/psoc creator/import/gnu/arm/4.9.3/bin/../lib/gcc/arm-none-eabi/4.9.3/armv7-m/crtbegin.o
 .init_array    0x00002788        0x4 .\CortexM3\ARM_GCC_493\Debug\Cm3Start.o
                0x0000278c                __init_array_end = .
                0x0000278c                . = ALIGN (0x4)
 *(.fini)
 .fini          0x0000278c        0x4 c:/program files (x86)/cypress/psoc creator/4.0/psoc creator/import/gnu/arm/4.9.3/bin/../lib/gcc/arm-none-eabi/4.9.3/armv7-m/crti.o
                0x0000278c                _fini
 .fini          0x00002790        0x8 c:/program files (x86)/cypress/psoc creator/4.0/psoc creator/import/gnu/arm/4.9.3/bin/../lib/gcc/arm-none-eabi/4.9.3/armv7-m/crtn.o
                0x00002798                . = ALIGN (0x4)
                0x00002798                __fini_array_start = .
 *(.fini_array)
 .fini_array    0x00002798        0x4 c:/program files (x86)/cypress/psoc creator/4.0/psoc creator/import/gnu/arm/4.9.3/bin/../lib/gcc/arm-none-eabi/4.9.3/armv7-m/crtbegin.o
 *(SORT(.fini_array.*))
                0x0000279c                __fini_array_end = .
                0x0000279c                . = ALIGN (0x4)
 *crtbegin.o(.ctors)
 *(EXCLUDE_FILE(*crtend.o) .ctors)
 *(SORT(.ctors.*))
 *crtend.o(.ctors)
                0x0000279c                . = ALIGN (0x4)
 *crtbegin.o(.dtors)
 *(EXCLUDE_FILE(*crtend.o) .dtors)
 *(SORT(.dtors.*))
 *crtend.o(.dtors)
                0x0000279c                . = ALIGN (0x4)
                0x0000279c                __cy_regions = .
                0x0000279c        0x4 LONG 0x27b0 __cy_region_init_ram
                0x000027a0        0x4 LONG 0x1fff8108 __cy_region_start_data
                0x000027a4        0x4 LONG 0x70 __cy_region_init_size_ram
                0x000027a8        0x4 LONG 0x8150 __cy_region_zero_size_ram
                0x000027ac                __cy_regions_end = .
                0x000027b0                . = ALIGN (0x8)
 *fill*         0x000027ac        0x4 
                0x000027b0                _etext = .

.cy_checksum_exclude
                0x000027b0        0x0
 *(.cy_checksum_exclude)

.ramvectors     0x1fff8000      0x100
                0x1fff8000                __cy_region_start_ram = .
 *(.ramvectors)
 .ramvectors    0x1fff8000      0x100 .\CortexM3\ARM_GCC_493\Debug\Cm3Start.o
                0x1fff8000                CyRamVectors

.noinit         0x1fff8100        0x5
 *(.noinit)
 .noinit        0x1fff8100        0x4 .\CortexM3\ARM_GCC_493\Debug\Cm3Start.o
 .noinit        0x1fff8104        0x1 .\CortexM3\ARM_GCC_493\Debug\FreeRTOS_Demo.a(CyLib.o)
                0x1fff8104                CyResetStatus

.data           0x1fff8108       0x70 load address 0x000027b0
                0x1fff8108                __cy_region_start_data = .
 *(.jcr)
 .jcr           0x1fff8108        0x0 c:/program files (x86)/cypress/psoc creator/4.0/psoc creator/import/gnu/arm/4.9.3/bin/../lib/gcc/arm-none-eabi/4.9.3/armv7-m/crtbegin.o
 .jcr           0x1fff8108        0x4 c:/program files (x86)/cypress/psoc creator/4.0/psoc creator/import/gnu/arm/4.9.3/bin/../lib/gcc/arm-none-eabi/4.9.3/armv7-m/crtend.o
 *(.got.plt)
 *(.got)
 *(.shdata)
 *(.data .data.* .gnu.linkonce.d.*)
 .data          0x1fff810c        0x4 .\CortexM3\ARM_GCC_493\Debug\heap_2.o
 .data          0x1fff8110        0x4 .\CortexM3\ARM_GCC_493\Debug\port.o
 .data.impure_data
                0x1fff8114       0x60 c:/program files (x86)/cypress/psoc creator/4.0/psoc creator/import/gnu/arm/4.9.3/bin/../lib/gcc/arm-none-eabi/4.9.3/../../../../arm-none-eabi/lib/armv7-m\libg_nano.a(lib_a-impure.o)
 .data._impure_ptr
                0x1fff8174        0x4 c:/program files (x86)/cypress/psoc creator/4.0/psoc creator/import/gnu/arm/4.9.3/bin/../lib/gcc/arm-none-eabi/4.9.3/../../../../arm-none-eabi/lib/armv7-m\libg_nano.a(lib_a-impure.o)
                0x1fff8174                _impure_ptr
                0x1fff8178                . = ALIGN (0x8)
 *(.ram)
                0x1fff8178                _edata = .

.igot.plt       0x1fff8178        0x0 load address 0x00002820
 .igot.plt      0x00000000        0x0 c:/program files (x86)/cypress/psoc creator/4.0/psoc creator/import/gnu/arm/4.9.3/bin/../lib/gcc/arm-none-eabi/4.9.3/armv7-m/crtbegin.o

.bss            0x1fff8178     0x8150 load address 0x00002820
                0x1fff8178                PROVIDE (__bss_start__, .)
 *(.shbss)
 *(.bss .bss.* .gnu.linkonce.b.*)
 .bss           0x1fff8178       0x1c c:/program files (x86)/cypress/psoc creator/4.0/psoc creator/import/gnu/arm/4.9.3/bin/../lib/gcc/arm-none-eabi/4.9.3/armv7-m/crtbegin.o
 .bss           0x1fff8194        0xc .\CortexM3\ARM_GCC_493\Debug\comtest.o
 .bss           0x1fff81a0     0x8014 .\CortexM3\ARM_GCC_493\Debug\heap_2.o
 .bss           0x200001b4      0x104 .\CortexM3\ARM_GCC_493\Debug\tasks.o
                0x200001b4                pxCurrentTCB
 .bss           0x200002b8        0x8 .\CortexM3\ARM_GCC_493\Debug\Serial.o
 .bss           0x200002c0        0x1 .\CortexM3\ARM_GCC_493\Debug\FreeRTOS_Demo.a(servoPWM.o)
                0x200002c0                servoPWM_initVar
 .bss           0x200002c1        0x2 .\CortexM3\ARM_GCC_493\Debug\FreeRTOS_Demo.a(UART.o)
                0x200002c1                UART_initVar
 *(COMMON)
                0x200002c8                . = ALIGN (0x8)
 *fill*         0x200002c3        0x5 
 *(.ram.b)
                0x200002c8                _end = .
                0x200002c8                __end = .
                0x200002c8                PROVIDE (end, .)
                0x200002c8                PROVIDE (__bss_end__, .)
                0x000027b0                __cy_region_init_ram = LOADADDR (.data)
                0x00000070                __cy_region_init_size_ram = (_edata - ADDR (.data))
                0x00008150                __cy_region_zero_size_ram = (_end - _edata)

.heap           0x200002c8        0x0 load address 0x00002820
                0x200002c8                . = _end
                0x200002c8                . = (. + 0x0)
                0x200002c8                __cy_heap_limit = .

.stack          0x20007c00      0x400
                0x20007c00                __cy_stack_limit = .
                0x20008000                . = (. + 0x400)
 *fill*         0x20007c00      0x400 
                0x00000001                ASSERT ((__cy_stack_limit >= __cy_heap_limit), region RAM overflowed with stack)
                0x00000000                cy_checksum_exclude_size = (CY_APPL_LOADABLE == 0x1)?SIZEOF (.cy_checksum_exclude):0x0
                0x00000001                ASSERT ((cy_checksum_exclude_size <= CY_CHECKSUM_EXCLUDE_SIZE), CY_BOOT: Section .cy_checksum_exclude size exceedes specified limit.)

.cyloadermeta
 *(.cyloadermeta)

.cyloadablemeta
 *(.cyloadablemeta)

.cyconfigecc    0x80000000      0x400
 *(.cyconfigecc)
 .cyconfigecc   0x80000000      0x400 .\CortexM3\ARM_GCC_493\Debug\cymetadata.o
                0x80000000                cy_meta_configecc

.cycustnvl      0x90000000        0x4
 *(.cycustnvl)
 .cycustnvl     0x90000000        0x4 .\CortexM3\ARM_GCC_493\Debug\cymetadata.o
                0x90000000                cy_meta_custnvl

.cywolatch      0x90100000        0x4
 *(.cywolatch)
 .cywolatch     0x90100000        0x4 .\CortexM3\ARM_GCC_493\Debug\cymetadata.o
                0x90100000                cy_meta_wonvl

.cyeeprom       0x90200000        0x0
 *(.cyeeprom)
                0x00000001                ASSERT ((. <= ((0x90200000 + ee_offset) + ee_size)), .cyeeprom data will not fit in EEPROM)

.cyflashprotect
                0x90400000      0x100
 *(.cyflashprotect)
 .cyflashprotect
                0x90400000      0x100 .\CortexM3\ARM_GCC_493\Debug\cymetadata.o
                0x90400000                cy_meta_flashprotect

.cymeta         0x90500000        0xc
 *(.cymeta)
 .cymeta        0x90500000        0xc .\CortexM3\ARM_GCC_493\Debug\cymetadata.o
                0x90500000                cy_metadata

.rel.dyn        0x00002820        0x0 load address 0x9050000c
 .rel.iplt      0x00000000        0x0 c:/program files (x86)/cypress/psoc creator/4.0/psoc creator/import/gnu/arm/4.9.3/bin/../lib/gcc/arm-none-eabi/4.9.3/armv7-m/crtbegin.o

.stab
 *(.stab)

.stabstr
 *(.stabstr)

.debug
 *(.debug)

.line
 *(.line)

.debug_srcinfo
 *(.debug_srcinfo)

.debug_sfnames
 *(.debug_sfnames)

.debug_aranges  0x00000000     0x10a8
 *(.debug_aranges)
 .debug_aranges
                0x00000000       0x38 .\CortexM3\ARM_GCC_493\Debug\BlockQ.o
 .debug_aranges
                0x00000038       0x40 .\CortexM3\ARM_GCC_493\Debug\blocktim.o
 .debug_aranges
                0x00000078       0x38 .\CortexM3\ARM_GCC_493\Debug\comtest.o
 .debug_aranges
                0x000000b0       0x40 .\CortexM3\ARM_GCC_493\Debug\countsem.o
 .debug_aranges
                0x000000f0       0x38 .\CortexM3\ARM_GCC_493\Debug\death.o
 .debug_aranges
                0x00000128       0x50 .\CortexM3\ARM_GCC_493\Debug\dynamic.o
 .debug_aranges
                0x00000178       0x28 .\CortexM3\ARM_GCC_493\Debug\flash.o
 .debug_aranges
                0x000001a0       0x48 .\CortexM3\ARM_GCC_493\Debug\flop.o
 .debug_aranges
                0x000001e8       0x58 .\CortexM3\ARM_GCC_493\Debug\GenQTest.o
 .debug_aranges
                0x00000240       0x30 .\CortexM3\ARM_GCC_493\Debug\integer.o
 .debug_aranges
                0x00000270       0x78 .\CortexM3\ARM_GCC_493\Debug\IntQueue.o
 .debug_aranges
                0x000002e8       0x38 .\CortexM3\ARM_GCC_493\Debug\PollQ.o
 .debug_aranges
                0x00000320       0x48 .\CortexM3\ARM_GCC_493\Debug\QPeek.o
 .debug_aranges
                0x00000368       0x30 .\CortexM3\ARM_GCC_493\Debug\semtest.o
 .debug_aranges
                0x00000398       0x18 .\CortexM3\ARM_GCC_493\Debug\croutine.o
 .debug_aranges
                0x000003b0       0x40 .\CortexM3\ARM_GCC_493\Debug\heap_2.o
 .debug_aranges
                0x000003f0       0x40 .\CortexM3\ARM_GCC_493\Debug\list.o
 .debug_aranges
                0x00000430       0x70 .\CortexM3\ARM_GCC_493\Debug\port.o
 .debug_aranges
                0x000004a0       0xf8 .\CortexM3\ARM_GCC_493\Debug\queue.o
 .debug_aranges
                0x00000598      0x1a8 .\CortexM3\ARM_GCC_493\Debug\tasks.o
 .debug_aranges
                0x00000740       0x30 .\CortexM3\ARM_GCC_493\Debug\IntQueueTimer.o
 .debug_aranges
                0x00000770       0x38 .\CortexM3\ARM_GCC_493\Debug\main.o
 .debug_aranges
                0x000007a8       0x30 .\CortexM3\ARM_GCC_493\Debug\ParTest.o
 .debug_aranges
                0x000007d8       0x48 .\CortexM3\ARM_GCC_493\Debug\Serial.o
 .debug_aranges
                0x00000820       0x28 .\CortexM3\ARM_GCC_493\Debug\TimerTest.o
 .debug_aranges
                0x00000848       0x18 .\CortexM3\ARM_GCC_493\Debug\cymetadata.o
 .debug_aranges
                0x00000860       0x48 .\CortexM3\ARM_GCC_493\Debug\Cm3Start.o
 .debug_aranges
                0x000008a8       0x60 .\CortexM3\ARM_GCC_493\Debug\FreeRTOS_Demo.a(cyfitter_cfg.o)
 .debug_aranges
                0x00000908      0x2a0 .\CortexM3\ARM_GCC_493\Debug\FreeRTOS_Demo.a(CyLib.o)
 .debug_aranges
                0x00000ba8       0x98 .\CortexM3\ARM_GCC_493\Debug\FreeRTOS_Demo.a(cyPm.o)
 .debug_aranges
                0x00000c40       0x80 .\CortexM3\ARM_GCC_493\Debug\FreeRTOS_Demo.a(uartISR_BYTE_RX.o)
 .debug_aranges
                0x00000cc0       0x70 .\CortexM3\ARM_GCC_493\Debug\FreeRTOS_Demo.a(pwmClock.o)
 .debug_aranges
                0x00000d30       0x80 .\CortexM3\ARM_GCC_493\Debug\FreeRTOS_Demo.a(servoPWM.o)
 .debug_aranges
                0x00000db0       0xf0 .\CortexM3\ARM_GCC_493\Debug\FreeRTOS_Demo.a(UART.o)
 .debug_aranges
                0x00000ea0       0x70 .\CortexM3\ARM_GCC_493\Debug\FreeRTOS_Demo.a(UART_IntClock.o)
 .debug_aranges
                0x00000f10       0x80 .\CortexM3\ARM_GCC_493\Debug\FreeRTOS_Demo.a(uartISR_BYTE_TX.o)
 .debug_aranges
                0x00000f90       0x20 .\CortexM3\ARM_GCC_493\Debug\FreeRTOS_Demo.a(CyBootAsmGnu.o)
 .debug_aranges
                0x00000fb0       0x80 .\CortexM3\ARM_GCC_493\Debug\FreeRTOS_Demo.a(CyFlash.o)
 .debug_aranges
                0x00001030       0x78 .\CortexM3\ARM_GCC_493\Debug\FreeRTOS_Demo.a(CySpc.o)

.debug_pubnames
 *(.debug_pubnames)

.debug_info     0x00000000     0x9997
 *(.debug_info .gnu.linkonce.wi.*)
 .debug_info    0x00000000      0x36d .\CortexM3\ARM_GCC_493\Debug\BlockQ.o
 .debug_info    0x0000036d      0x332 .\CortexM3\ARM_GCC_493\Debug\blocktim.o
 .debug_info    0x0000069f      0x237 .\CortexM3\ARM_GCC_493\Debug\comtest.o
 .debug_info    0x000008d6      0x294 .\CortexM3\ARM_GCC_493\Debug\countsem.o
 .debug_info    0x00000b6a      0x26e .\CortexM3\ARM_GCC_493\Debug\death.o
 .debug_info    0x00000dd8      0x36d .\CortexM3\ARM_GCC_493\Debug\dynamic.o
 .debug_info    0x00001145      0x189 .\CortexM3\ARM_GCC_493\Debug\flash.o
 .debug_info    0x000012ce      0x3c9 .\CortexM3\ARM_GCC_493\Debug\flop.o
 .debug_info    0x00001697      0x365 .\CortexM3\ARM_GCC_493\Debug\GenQTest.o
 .debug_info    0x000019fc      0x1be .\CortexM3\ARM_GCC_493\Debug\integer.o
 .debug_info    0x00001bba      0x925 .\CortexM3\ARM_GCC_493\Debug\IntQueue.o
 .debug_info    0x000024df      0x24a .\CortexM3\ARM_GCC_493\Debug\PollQ.o
 .debug_info    0x00002729      0x2d0 .\CortexM3\ARM_GCC_493\Debug\QPeek.o
 .debug_info    0x000029f9      0x2be .\CortexM3\ARM_GCC_493\Debug\semtest.o
 .debug_info    0x00002cb7       0xa7 .\CortexM3\ARM_GCC_493\Debug\croutine.o
 .debug_info    0x00002d5e      0x326 .\CortexM3\ARM_GCC_493\Debug\heap_2.o
 .debug_info    0x00003084      0x2d6 .\CortexM3\ARM_GCC_493\Debug\list.o
 .debug_info    0x0000335a      0x304 .\CortexM3\ARM_GCC_493\Debug\port.o
 .debug_info    0x0000365e      0xec6 .\CortexM3\ARM_GCC_493\Debug\queue.o
 .debug_info    0x00004524     0x15e0 .\CortexM3\ARM_GCC_493\Debug\tasks.o
 .debug_info    0x00005b04      0x165 .\CortexM3\ARM_GCC_493\Debug\IntQueueTimer.o
 .debug_info    0x00005c69      0x1f7 .\CortexM3\ARM_GCC_493\Debug\main.o
 .debug_info    0x00005e60      0x199 .\CortexM3\ARM_GCC_493\Debug\ParTest.o
 .debug_info    0x00005ff9      0x3e3 .\CortexM3\ARM_GCC_493\Debug\Serial.o
 .debug_info    0x000063dc      0x15a .\CortexM3\ARM_GCC_493\Debug\TimerTest.o
 .debug_info    0x00006536      0x13b .\CortexM3\ARM_GCC_493\Debug\cymetadata.o
 .debug_info    0x00006671      0x319 .\CortexM3\ARM_GCC_493\Debug\Cm3Start.o
 .debug_info    0x0000698a      0x393 .\CortexM3\ARM_GCC_493\Debug\FreeRTOS_Demo.a(cyfitter_cfg.o)
 .debug_info    0x00006d1d      0xe4a .\CortexM3\ARM_GCC_493\Debug\FreeRTOS_Demo.a(CyLib.o)
 .debug_info    0x00007b67      0x561 .\CortexM3\ARM_GCC_493\Debug\FreeRTOS_Demo.a(cyPm.o)
 .debug_info    0x000080c8      0x23a .\CortexM3\ARM_GCC_493\Debug\FreeRTOS_Demo.a(uartISR_BYTE_RX.o)
 .debug_info    0x00008302      0x25d .\CortexM3\ARM_GCC_493\Debug\FreeRTOS_Demo.a(pwmClock.o)
 .debug_info    0x0000855f      0x227 .\CortexM3\ARM_GCC_493\Debug\FreeRTOS_Demo.a(servoPWM.o)
 .debug_info    0x00008786      0x503 .\CortexM3\ARM_GCC_493\Debug\FreeRTOS_Demo.a(UART.o)
 .debug_info    0x00008c89      0x25d .\CortexM3\ARM_GCC_493\Debug\FreeRTOS_Demo.a(UART_IntClock.o)
 .debug_info    0x00008ee6      0x23a .\CortexM3\ARM_GCC_493\Debug\FreeRTOS_Demo.a(uartISR_BYTE_TX.o)
 .debug_info    0x00009120       0xba .\CortexM3\ARM_GCC_493\Debug\FreeRTOS_Demo.a(CyBootAsmGnu.o)
 .debug_info    0x000091da      0x36a .\CortexM3\ARM_GCC_493\Debug\FreeRTOS_Demo.a(CyFlash.o)
 .debug_info    0x00009544      0x453 .\CortexM3\ARM_GCC_493\Debug\FreeRTOS_Demo.a(CySpc.o)

.debug_abbrev   0x00000000     0x2e00
 *(.debug_abbrev)
 .debug_abbrev  0x00000000      0x111 .\CortexM3\ARM_GCC_493\Debug\BlockQ.o
 .debug_abbrev  0x00000111      0x10c .\CortexM3\ARM_GCC_493\Debug\blocktim.o
 .debug_abbrev  0x0000021d       0xcf .\CortexM3\ARM_GCC_493\Debug\comtest.o
 .debug_abbrev  0x000002ec      0x13e .\CortexM3\ARM_GCC_493\Debug\countsem.o
 .debug_abbrev  0x0000042a       0xe9 .\CortexM3\ARM_GCC_493\Debug\death.o
 .debug_abbrev  0x00000513      0x110 .\CortexM3\ARM_GCC_493\Debug\dynamic.o
 .debug_abbrev  0x00000623       0xa6 .\CortexM3\ARM_GCC_493\Debug\flash.o
 .debug_abbrev  0x000006c9      0x129 .\CortexM3\ARM_GCC_493\Debug\flop.o
 .debug_abbrev  0x000007f2       0xf8 .\CortexM3\ARM_GCC_493\Debug\GenQTest.o
 .debug_abbrev  0x000008ea       0xdd .\CortexM3\ARM_GCC_493\Debug\integer.o
 .debug_abbrev  0x000009c7      0x1b3 .\CortexM3\ARM_GCC_493\Debug\IntQueue.o
 .debug_abbrev  0x00000b7a       0xc2 .\CortexM3\ARM_GCC_493\Debug\PollQ.o
 .debug_abbrev  0x00000c3c      0x109 .\CortexM3\ARM_GCC_493\Debug\QPeek.o
 .debug_abbrev  0x00000d45      0x111 .\CortexM3\ARM_GCC_493\Debug\semtest.o
 .debug_abbrev  0x00000e56       0x4b .\CortexM3\ARM_GCC_493\Debug\croutine.o
 .debug_abbrev  0x00000ea1      0x186 .\CortexM3\ARM_GCC_493\Debug\heap_2.o
 .debug_abbrev  0x00001027       0xd8 .\CortexM3\ARM_GCC_493\Debug\list.o
 .debug_abbrev  0x000010ff      0x1db .\CortexM3\ARM_GCC_493\Debug\port.o
 .debug_abbrev  0x000012da      0x224 .\CortexM3\ARM_GCC_493\Debug\queue.o
 .debug_abbrev  0x000014fe      0x2af .\CortexM3\ARM_GCC_493\Debug\tasks.o
 .debug_abbrev  0x000017ad       0xd0 .\CortexM3\ARM_GCC_493\Debug\IntQueueTimer.o
 .debug_abbrev  0x0000187d      0x13b .\CortexM3\ARM_GCC_493\Debug\main.o
 .debug_abbrev  0x000019b8       0xe5 .\CortexM3\ARM_GCC_493\Debug\ParTest.o
 .debug_abbrev  0x00001a9d      0x140 .\CortexM3\ARM_GCC_493\Debug\Serial.o
 .debug_abbrev  0x00001bdd       0x9f .\CortexM3\ARM_GCC_493\Debug\TimerTest.o
 .debug_abbrev  0x00001c7c       0x66 .\CortexM3\ARM_GCC_493\Debug\cymetadata.o
 .debug_abbrev  0x00001ce2      0x1b6 .\CortexM3\ARM_GCC_493\Debug\Cm3Start.o
 .debug_abbrev  0x00001e98      0x19d .\CortexM3\ARM_GCC_493\Debug\FreeRTOS_Demo.a(cyfitter_cfg.o)
 .debug_abbrev  0x00002035      0x217 .\CortexM3\ARM_GCC_493\Debug\FreeRTOS_Demo.a(CyLib.o)
 .debug_abbrev  0x0000224c      0x161 .\CortexM3\ARM_GCC_493\Debug\FreeRTOS_Demo.a(cyPm.o)
 .debug_abbrev  0x000023ad      0x172 .\CortexM3\ARM_GCC_493\Debug\FreeRTOS_Demo.a(uartISR_BYTE_RX.o)
 .debug_abbrev  0x0000251f      0x11d .\CortexM3\ARM_GCC_493\Debug\FreeRTOS_Demo.a(pwmClock.o)
 .debug_abbrev  0x0000263c      0x116 .\CortexM3\ARM_GCC_493\Debug\FreeRTOS_Demo.a(servoPWM.o)
 .debug_abbrev  0x00002752      0x163 .\CortexM3\ARM_GCC_493\Debug\FreeRTOS_Demo.a(UART.o)
 .debug_abbrev  0x000028b5      0x11d .\CortexM3\ARM_GCC_493\Debug\FreeRTOS_Demo.a(UART_IntClock.o)
 .debug_abbrev  0x000029d2      0x172 .\CortexM3\ARM_GCC_493\Debug\FreeRTOS_Demo.a(uartISR_BYTE_TX.o)
 .debug_abbrev  0x00002b44       0x14 .\CortexM3\ARM_GCC_493\Debug\FreeRTOS_Demo.a(CyBootAsmGnu.o)
 .debug_abbrev  0x00002b58      0x13c .\CortexM3\ARM_GCC_493\Debug\FreeRTOS_Demo.a(CyFlash.o)
 .debug_abbrev  0x00002c94      0x16c .\CortexM3\ARM_GCC_493\Debug\FreeRTOS_Demo.a(CySpc.o)

.debug_line     0x00000000     0x686b
 *(.debug_line)
 .debug_line    0x00000000      0x24a .\CortexM3\ARM_GCC_493\Debug\BlockQ.o
 .debug_line    0x0000024a      0x30f .\CortexM3\ARM_GCC_493\Debug\blocktim.o
 .debug_line    0x00000559      0x245 .\CortexM3\ARM_GCC_493\Debug\comtest.o
 .debug_line    0x0000079e      0x27d .\CortexM3\ARM_GCC_493\Debug\countsem.o
 .debug_line    0x00000a1b      0x22e .\CortexM3\ARM_GCC_493\Debug\death.o
 .debug_line    0x00000c49      0x2a4 .\CortexM3\ARM_GCC_493\Debug\dynamic.o
 .debug_line    0x00000eed      0x203 .\CortexM3\ARM_GCC_493\Debug\flash.o
 .debug_line    0x000010f0      0x325 .\CortexM3\ARM_GCC_493\Debug\flop.o
 .debug_line    0x00001415      0x361 .\CortexM3\ARM_GCC_493\Debug\GenQTest.o
 .debug_line    0x00001776      0x221 .\CortexM3\ARM_GCC_493\Debug\integer.o
 .debug_line    0x00001997      0x55c .\CortexM3\ARM_GCC_493\Debug\IntQueue.o
 .debug_line    0x00001ef3      0x241 .\CortexM3\ARM_GCC_493\Debug\PollQ.o
 .debug_line    0x00002134      0x27e .\CortexM3\ARM_GCC_493\Debug\QPeek.o
 .debug_line    0x000023b2      0x255 .\CortexM3\ARM_GCC_493\Debug\semtest.o
 .debug_line    0x00002607      0x13a .\CortexM3\ARM_GCC_493\Debug\croutine.o
 .debug_line    0x00002741      0x2d8 .\CortexM3\ARM_GCC_493\Debug\heap_2.o
 .debug_line    0x00002a19      0x230 .\CortexM3\ARM_GCC_493\Debug\list.o
 .debug_line    0x00002c49      0x2af .\CortexM3\ARM_GCC_493\Debug\port.o
 .debug_line    0x00002ef8      0x672 .\CortexM3\ARM_GCC_493\Debug\queue.o
 .debug_line    0x0000356a      0xa89 .\CortexM3\ARM_GCC_493\Debug\tasks.o
 .debug_line    0x00003ff3      0x1d7 .\CortexM3\ARM_GCC_493\Debug\IntQueueTimer.o
 .debug_line    0x000041ca      0x216 .\CortexM3\ARM_GCC_493\Debug\main.o
 .debug_line    0x000043e0      0x19c .\CortexM3\ARM_GCC_493\Debug\ParTest.o
 .debug_line    0x0000457c      0x2c4 .\CortexM3\ARM_GCC_493\Debug\Serial.o
 .debug_line    0x00004840      0x174 .\CortexM3\ARM_GCC_493\Debug\TimerTest.o
 .debug_line    0x000049b4       0x51 .\CortexM3\ARM_GCC_493\Debug\cymetadata.o
 .debug_line    0x00004a05      0x1dc .\CortexM3\ARM_GCC_493\Debug\Cm3Start.o
 .debug_line    0x00004be1      0x1ee .\CortexM3\ARM_GCC_493\Debug\FreeRTOS_Demo.a(cyfitter_cfg.o)
 .debug_line    0x00004dcf      0x882 .\CortexM3\ARM_GCC_493\Debug\FreeRTOS_Demo.a(CyLib.o)
 .debug_line    0x00005651      0x37f .\CortexM3\ARM_GCC_493\Debug\FreeRTOS_Demo.a(cyPm.o)
 .debug_line    0x000059d0      0x14a .\CortexM3\ARM_GCC_493\Debug\FreeRTOS_Demo.a(uartISR_BYTE_RX.o)
 .debug_line    0x00005b1a      0x1a3 .\CortexM3\ARM_GCC_493\Debug\FreeRTOS_Demo.a(pwmClock.o)
 .debug_line    0x00005cbd      0x14a .\CortexM3\ARM_GCC_493\Debug\FreeRTOS_Demo.a(servoPWM.o)
 .debug_line    0x00005e07      0x2e2 .\CortexM3\ARM_GCC_493\Debug\FreeRTOS_Demo.a(UART.o)
 .debug_line    0x000060e9      0x1a8 .\CortexM3\ARM_GCC_493\Debug\FreeRTOS_Demo.a(UART_IntClock.o)
 .debug_line    0x00006291      0x15a .\CortexM3\ARM_GCC_493\Debug\FreeRTOS_Demo.a(uartISR_BYTE_TX.o)
 .debug_line    0x000063eb       0x66 .\CortexM3\ARM_GCC_493\Debug\FreeRTOS_Demo.a(CyBootAsmGnu.o)
 .debug_line    0x00006451      0x205 .\CortexM3\ARM_GCC_493\Debug\FreeRTOS_Demo.a(CyFlash.o)
 .debug_line    0x00006656      0x215 .\CortexM3\ARM_GCC_493\Debug\FreeRTOS_Demo.a(CySpc.o)

.debug_frame    0x00000000     0x3fcc
 *(.debug_frame)
 .debug_frame   0x00000000       0xa0 .\CortexM3\ARM_GCC_493\Debug\BlockQ.o
 .debug_frame   0x000000a0       0xc4 .\CortexM3\ARM_GCC_493\Debug\blocktim.o
 .debug_frame   0x00000164       0xa0 .\CortexM3\ARM_GCC_493\Debug\comtest.o
 .debug_frame   0x00000204       0xcc .\CortexM3\ARM_GCC_493\Debug\countsem.o
 .debug_frame   0x000002d0       0xa0 .\CortexM3\ARM_GCC_493\Debug\death.o
 .debug_frame   0x00000370       0xfc .\CortexM3\ARM_GCC_493\Debug\dynamic.o
 .debug_frame   0x0000046c       0x58 .\CortexM3\ARM_GCC_493\Debug\flash.o
 .debug_frame   0x000004c4      0x100 .\CortexM3\ARM_GCC_493\Debug\flop.o
 .debug_frame   0x000005c4      0x12c .\CortexM3\ARM_GCC_493\Debug\GenQTest.o
 .debug_frame   0x000006f0       0x84 .\CortexM3\ARM_GCC_493\Debug\integer.o
 .debug_frame   0x00000774      0x1b8 .\CortexM3\ARM_GCC_493\Debug\IntQueue.o
 .debug_frame   0x0000092c       0xa0 .\CortexM3\ARM_GCC_493\Debug\PollQ.o
 .debug_frame   0x000009cc       0xdc .\CortexM3\ARM_GCC_493\Debug\QPeek.o
 .debug_frame   0x00000aa8       0x80 .\CortexM3\ARM_GCC_493\Debug\semtest.o
 .debug_frame   0x00000b28       0xd0 .\CortexM3\ARM_GCC_493\Debug\heap_2.o
 .debug_frame   0x00000bf8       0xd8 .\CortexM3\ARM_GCC_493\Debug\list.o
 .debug_frame   0x00000cd0      0x160 .\CortexM3\ARM_GCC_493\Debug\port.o
 .debug_frame   0x00000e30      0x474 .\CortexM3\ARM_GCC_493\Debug\queue.o
 .debug_frame   0x000012a4      0x7c8 .\CortexM3\ARM_GCC_493\Debug\tasks.o
 .debug_frame   0x00001a6c       0x64 .\CortexM3\ARM_GCC_493\Debug\IntQueueTimer.o
 .debug_frame   0x00001ad0       0x80 .\CortexM3\ARM_GCC_493\Debug\main.o
 .debug_frame   0x00001b50       0x88 .\CortexM3\ARM_GCC_493\Debug\ParTest.o
 .debug_frame   0x00001bd8      0x100 .\CortexM3\ARM_GCC_493\Debug\Serial.o
 .debug_frame   0x00001cd8       0x54 .\CortexM3\ARM_GCC_493\Debug\TimerTest.o
 .debug_frame   0x00001d2c       0xd8 .\CortexM3\ARM_GCC_493\Debug\Cm3Start.o
 .debug_frame   0x00001e04      0x16c .\CortexM3\ARM_GCC_493\Debug\FreeRTOS_Demo.a(cyfitter_cfg.o)
 .debug_frame   0x00001f70      0xc0c .\CortexM3\ARM_GCC_493\Debug\FreeRTOS_Demo.a(CyLib.o)
 .debug_frame   0x00002b7c      0x234 .\CortexM3\ARM_GCC_493\Debug\FreeRTOS_Demo.a(cyPm.o)
 .debug_frame   0x00002db0      0x1e8 .\CortexM3\ARM_GCC_493\Debug\FreeRTOS_Demo.a(uartISR_BYTE_RX.o)
 .debug_frame   0x00002f98      0x1b4 .\CortexM3\ARM_GCC_493\Debug\FreeRTOS_Demo.a(pwmClock.o)
 .debug_frame   0x0000314c      0x1f4 .\CortexM3\ARM_GCC_493\Debug\FreeRTOS_Demo.a(servoPWM.o)
 .debug_frame   0x00003340      0x42c .\CortexM3\ARM_GCC_493\Debug\FreeRTOS_Demo.a(UART.o)
 .debug_frame   0x0000376c      0x1b4 .\CortexM3\ARM_GCC_493\Debug\FreeRTOS_Demo.a(UART_IntClock.o)
 .debug_frame   0x00003920      0x1e8 .\CortexM3\ARM_GCC_493\Debug\FreeRTOS_Demo.a(uartISR_BYTE_TX.o)
 .debug_frame   0x00003b08      0x210 .\CortexM3\ARM_GCC_493\Debug\FreeRTOS_Demo.a(CyFlash.o)
 .debug_frame   0x00003d18      0x1f8 .\CortexM3\ARM_GCC_493\Debug\FreeRTOS_Demo.a(CySpc.o)
 .debug_frame   0x00003f10       0x20 c:/program files (x86)/cypress/psoc creator/4.0/psoc creator/import/gnu/arm/4.9.3/bin/../lib/gcc/arm-none-eabi/4.9.3/../../../../arm-none-eabi/lib/armv7-m\libg_nano.a(lib_a-errno.o)
 .debug_frame   0x00003f30       0x28 c:/program files (x86)/cypress/psoc creator/4.0/psoc creator/import/gnu/arm/4.9.3/bin/../lib/gcc/arm-none-eabi/4.9.3/../../../../arm-none-eabi/lib/armv7-m\libg_nano.a(lib_a-exit.o)
 .debug_frame   0x00003f58       0x2c c:/program files (x86)/cypress/psoc creator/4.0/psoc creator/import/gnu/arm/4.9.3/bin/../lib/gcc/arm-none-eabi/4.9.3/../../../../arm-none-eabi/lib/armv7-m\libg_nano.a(lib_a-init.o)
 .debug_frame   0x00003f84       0x28 c:/program files (x86)/cypress/psoc creator/4.0/psoc creator/import/gnu/arm/4.9.3/bin/../lib/gcc/arm-none-eabi/4.9.3/../../../../arm-none-eabi/lib/armv7-m\libg_nano.a(lib_a-memcpy.o)
 .debug_frame   0x00003fac       0x20 c:/program files (x86)/cypress/psoc creator/4.0/psoc creator/import/gnu/arm/4.9.3/bin/../lib/gcc/arm-none-eabi/4.9.3/../../../../arm-none-eabi/lib/armv7-m\libg_nano.a(lib_a-memset.o)

.debug_str      0x00000000     0x4619
 *(.debug_str)
 .debug_str     0x00000000      0x3e5 .\CortexM3\ARM_GCC_493\Debug\BlockQ.o
                                0x461 (size before relaxing)
 .debug_str     0x000003e5      0x1b0 .\CortexM3\ARM_GCC_493\Debug\blocktim.o
                                0x3e7 (size before relaxing)
 .debug_str     0x00000595       0xdc .\CortexM3\ARM_GCC_493\Debug\comtest.o
                                0x30c (size before relaxing)
 .debug_str     0x00000671      0x14a .\CortexM3\ARM_GCC_493\Debug\countsem.o
                                0x375 (size before relaxing)
 .debug_str     0x000007bb       0xe5 .\CortexM3\ARM_GCC_493\Debug\death.o
                                0x321 (size before relaxing)
 .debug_str     0x000008a0      0x1fa .\CortexM3\ARM_GCC_493\Debug\dynamic.o
                                0x448 (size before relaxing)
 .debug_str     0x00000a9a       0x74 .\CortexM3\ARM_GCC_493\Debug\flash.o
                                0x28d (size before relaxing)
 .debug_str     0x00000b0e      0x10b .\CortexM3\ARM_GCC_493\Debug\flop.o
                                0x31b (size before relaxing)
 .debug_str     0x00000c19      0x1a8 .\CortexM3\ARM_GCC_493\Debug\GenQTest.o
                                0x40a (size before relaxing)
 .debug_str     0x00000dc1       0x91 .\CortexM3\ARM_GCC_493\Debug\integer.o
                                0x29b (size before relaxing)
 .debug_str     0x00000e52      0x497 .\CortexM3\ARM_GCC_493\Debug\IntQueue.o
                                0x6d8 (size before relaxing)
 .debug_str     0x000012e9       0xc2 .\CortexM3\ARM_GCC_493\Debug\PollQ.o
                                0x330 (size before relaxing)
 .debug_str     0x000013ab       0xf8 .\CortexM3\ARM_GCC_493\Debug\QPeek.o
                                0x356 (size before relaxing)
 .debug_str     0x000014a3      0x12f .\CortexM3\ARM_GCC_493\Debug\semtest.o
                                0x3b9 (size before relaxing)
 .debug_str     0x000015d2       0x1b .\CortexM3\ARM_GCC_493\Debug\croutine.o
                                0x1d3 (size before relaxing)
 .debug_str     0x000015ed      0x186 .\CortexM3\ARM_GCC_493\Debug\heap_2.o
                                0x38a (size before relaxing)
 .debug_str     0x00001773      0x129 .\CortexM3\ARM_GCC_493\Debug\list.o
                                0x322 (size before relaxing)
 .debug_str     0x0000189c      0x157 .\CortexM3\ARM_GCC_493\Debug\port.o
                                0x37e (size before relaxing)
 .debug_str     0x000019f3      0x4cd .\CortexM3\ARM_GCC_493\Debug\queue.o
                                0x825 (size before relaxing)
 .debug_str     0x00001ec0      0x995 .\CortexM3\ARM_GCC_493\Debug\tasks.o
                                0xde3 (size before relaxing)
 .debug_str     0x00002855       0xfe .\CortexM3\ARM_GCC_493\Debug\IntQueueTimer.o
                                0x2d5 (size before relaxing)
 .debug_str     0x00002953       0x4f .\CortexM3\ARM_GCC_493\Debug\main.o
                                0x2bf (size before relaxing)
 .debug_str     0x000029a2       0x90 .\CortexM3\ARM_GCC_493\Debug\ParTest.o
                                0x255 (size before relaxing)
 .debug_str     0x00002a32       0xe9 .\CortexM3\ARM_GCC_493\Debug\Serial.o
                                0x385 (size before relaxing)
 .debug_str     0x00002b1b       0xac .\CortexM3\ARM_GCC_493\Debug\TimerTest.o
                                0x264 (size before relaxing)
 .debug_str     0x00002bc7       0x75 .\CortexM3\ARM_GCC_493\Debug\cymetadata.o
                                0x214 (size before relaxing)
 .debug_str     0x00002c3c      0x11b .\CortexM3\ARM_GCC_493\Debug\Cm3Start.o
                                0x2f5 (size before relaxing)
 .debug_str     0x00002d57      0x15c .\CortexM3\ARM_GCC_493\Debug\FreeRTOS_Demo.a(cyfitter_cfg.o)
                                0x321 (size before relaxing)
 .debug_str     0x00002eb3      0x80c .\CortexM3\ARM_GCC_493\Debug\FreeRTOS_Demo.a(CyLib.o)
                                0xa08 (size before relaxing)
 .debug_str     0x000036bf      0x365 .\CortexM3\ARM_GCC_493\Debug\FreeRTOS_Demo.a(cyPm.o)
                                0x555 (size before relaxing)
 .debug_str     0x00003a24      0x172 .\CortexM3\ARM_GCC_493\Debug\FreeRTOS_Demo.a(uartISR_BYTE_RX.o)
                                0x350 (size before relaxing)
 .debug_str     0x00003b96      0x16e .\CortexM3\ARM_GCC_493\Debug\FreeRTOS_Demo.a(pwmClock.o)
                                0x324 (size before relaxing)
 .debug_str     0x00003d04      0x168 .\CortexM3\ARM_GCC_493\Debug\FreeRTOS_Demo.a(servoPWM.o)
                                0x30c (size before relaxing)
 .debug_str     0x00003e6c      0x278 .\CortexM3\ARM_GCC_493\Debug\FreeRTOS_Demo.a(UART.o)
                                0x43f (size before relaxing)
 .debug_str     0x000040e4      0x15f .\CortexM3\ARM_GCC_493\Debug\FreeRTOS_Demo.a(UART_IntClock.o)
                                0x360 (size before relaxing)
 .debug_str     0x00004243      0x172 .\CortexM3\ARM_GCC_493\Debug\FreeRTOS_Demo.a(uartISR_BYTE_TX.o)
                                0x350 (size before relaxing)
 .debug_str     0x000043b5      0x145 .\CortexM3\ARM_GCC_493\Debug\FreeRTOS_Demo.a(CyFlash.o)
                                0x314 (size before relaxing)
 .debug_str     0x000044fa      0x11f .\CortexM3\ARM_GCC_493\Debug\FreeRTOS_Demo.a(CySpc.o)
                                0x311 (size before relaxing)

.debug_loc
 *(.debug_loc)

.debug_macinfo
 *(.debug_macinfo)

.debug_ranges   0x00000000      0xe18
 *(.debug_ranges)
 .debug_ranges  0x00000000       0x28 .\CortexM3\ARM_GCC_493\Debug\BlockQ.o
 .debug_ranges  0x00000028       0x30 .\CortexM3\ARM_GCC_493\Debug\blocktim.o
 .debug_ranges  0x00000058       0x28 .\CortexM3\ARM_GCC_493\Debug\comtest.o
 .debug_ranges  0x00000080       0x30 .\CortexM3\ARM_GCC_493\Debug\countsem.o
 .debug_ranges  0x000000b0       0x28 .\CortexM3\ARM_GCC_493\Debug\death.o
 .debug_ranges  0x000000d8       0x40 .\CortexM3\ARM_GCC_493\Debug\dynamic.o
 .debug_ranges  0x00000118       0x18 .\CortexM3\ARM_GCC_493\Debug\flash.o
 .debug_ranges  0x00000130       0x38 .\CortexM3\ARM_GCC_493\Debug\flop.o
 .debug_ranges  0x00000168       0x48 .\CortexM3\ARM_GCC_493\Debug\GenQTest.o
 .debug_ranges  0x000001b0       0x20 .\CortexM3\ARM_GCC_493\Debug\integer.o
 .debug_ranges  0x000001d0       0x68 .\CortexM3\ARM_GCC_493\Debug\IntQueue.o
 .debug_ranges  0x00000238       0x28 .\CortexM3\ARM_GCC_493\Debug\PollQ.o
 .debug_ranges  0x00000260       0x38 .\CortexM3\ARM_GCC_493\Debug\QPeek.o
 .debug_ranges  0x00000298       0x20 .\CortexM3\ARM_GCC_493\Debug\semtest.o
 .debug_ranges  0x000002b8       0x30 .\CortexM3\ARM_GCC_493\Debug\heap_2.o
 .debug_ranges  0x000002e8       0x30 .\CortexM3\ARM_GCC_493\Debug\list.o
 .debug_ranges  0x00000318       0x60 .\CortexM3\ARM_GCC_493\Debug\port.o
 .debug_ranges  0x00000378       0xe8 .\CortexM3\ARM_GCC_493\Debug\queue.o
 .debug_ranges  0x00000460      0x198 .\CortexM3\ARM_GCC_493\Debug\tasks.o
 .debug_ranges  0x000005f8       0x20 .\CortexM3\ARM_GCC_493\Debug\IntQueueTimer.o
 .debug_ranges  0x00000618       0x28 .\CortexM3\ARM_GCC_493\Debug\main.o
 .debug_ranges  0x00000640       0x20 .\CortexM3\ARM_GCC_493\Debug\ParTest.o
 .debug_ranges  0x00000660       0x38 .\CortexM3\ARM_GCC_493\Debug\Serial.o
 .debug_ranges  0x00000698       0x18 .\CortexM3\ARM_GCC_493\Debug\TimerTest.o
 .debug_ranges  0x000006b0       0x38 .\CortexM3\ARM_GCC_493\Debug\Cm3Start.o
 .debug_ranges  0x000006e8       0x50 .\CortexM3\ARM_GCC_493\Debug\FreeRTOS_Demo.a(cyfitter_cfg.o)
 .debug_ranges  0x00000738      0x290 .\CortexM3\ARM_GCC_493\Debug\FreeRTOS_Demo.a(CyLib.o)
 .debug_ranges  0x000009c8       0x88 .\CortexM3\ARM_GCC_493\Debug\FreeRTOS_Demo.a(cyPm.o)
 .debug_ranges  0x00000a50       0x70 .\CortexM3\ARM_GCC_493\Debug\FreeRTOS_Demo.a(uartISR_BYTE_RX.o)
 .debug_ranges  0x00000ac0       0x60 .\CortexM3\ARM_GCC_493\Debug\FreeRTOS_Demo.a(pwmClock.o)
 .debug_ranges  0x00000b20       0x70 .\CortexM3\ARM_GCC_493\Debug\FreeRTOS_Demo.a(servoPWM.o)
 .debug_ranges  0x00000b90       0xe0 .\CortexM3\ARM_GCC_493\Debug\FreeRTOS_Demo.a(UART.o)
 .debug_ranges  0x00000c70       0x60 .\CortexM3\ARM_GCC_493\Debug\FreeRTOS_Demo.a(UART_IntClock.o)
 .debug_ranges  0x00000cd0       0x70 .\CortexM3\ARM_GCC_493\Debug\FreeRTOS_Demo.a(uartISR_BYTE_TX.o)
 .debug_ranges  0x00000d40       0x70 .\CortexM3\ARM_GCC_493\Debug\FreeRTOS_Demo.a(CyFlash.o)
 .debug_ranges  0x00000db0       0x68 .\CortexM3\ARM_GCC_493\Debug\FreeRTOS_Demo.a(CySpc.o)

.comment        0x00000000       0x70
 .comment       0x00000000       0x70 .\CortexM3\ARM_GCC_493\Debug\BlockQ.o
                                 0x71 (size before relaxing)
 .comment       0x00000000       0x71 .\CortexM3\ARM_GCC_493\Debug\blocktim.o
 .comment       0x00000000       0x71 .\CortexM3\ARM_GCC_493\Debug\comtest.o
 .comment       0x00000000       0x71 .\CortexM3\ARM_GCC_493\Debug\countsem.o
 .comment       0x00000000       0x71 .\CortexM3\ARM_GCC_493\Debug\death.o
 .comment       0x00000000       0x71 .\CortexM3\ARM_GCC_493\Debug\dynamic.o
 .comment       0x00000000       0x71 .\CortexM3\ARM_GCC_493\Debug\flash.o
 .comment       0x00000000       0x71 .\CortexM3\ARM_GCC_493\Debug\flop.o
 .comment       0x00000000       0x71 .\CortexM3\ARM_GCC_493\Debug\GenQTest.o
 .comment       0x00000000       0x71 .\CortexM3\ARM_GCC_493\Debug\integer.o
 .comment       0x00000000       0x71 .\CortexM3\ARM_GCC_493\Debug\IntQueue.o
 .comment       0x00000000       0x71 .\CortexM3\ARM_GCC_493\Debug\PollQ.o
 .comment       0x00000000       0x71 .\CortexM3\ARM_GCC_493\Debug\QPeek.o
 .comment       0x00000000       0x71 .\CortexM3\ARM_GCC_493\Debug\semtest.o
 .comment       0x00000000       0x71 .\CortexM3\ARM_GCC_493\Debug\croutine.o
 .comment       0x00000000       0x71 .\CortexM3\ARM_GCC_493\Debug\heap_2.o
 .comment       0x00000000       0x71 .\CortexM3\ARM_GCC_493\Debug\list.o
 .comment       0x00000000       0x71 .\CortexM3\ARM_GCC_493\Debug\port.o
 .comment       0x00000000       0x71 .\CortexM3\ARM_GCC_493\Debug\queue.o
 .comment       0x00000000       0x71 .\CortexM3\ARM_GCC_493\Debug\tasks.o
 .comment       0x00000000       0x71 .\CortexM3\ARM_GCC_493\Debug\IntQueueTimer.o
 .comment       0x00000000       0x71 .\CortexM3\ARM_GCC_493\Debug\main.o
 .comment       0x00000000       0x71 .\CortexM3\ARM_GCC_493\Debug\ParTest.o
 .comment       0x00000000       0x71 .\CortexM3\ARM_GCC_493\Debug\Serial.o
 .comment       0x00000000       0x71 .\CortexM3\ARM_GCC_493\Debug\TimerTest.o
 .comment       0x00000000       0x71 .\CortexM3\ARM_GCC_493\Debug\cymetadata.o
 .comment       0x00000000       0x71 .\CortexM3\ARM_GCC_493\Debug\Cm3Start.o
 .comment       0x00000000       0x71 .\CortexM3\ARM_GCC_493\Debug\FreeRTOS_Demo.a(cyfitter_cfg.o)
 .comment       0x00000000       0x71 .\CortexM3\ARM_GCC_493\Debug\FreeRTOS_Demo.a(CyLib.o)
 .comment       0x00000000       0x71 .\CortexM3\ARM_GCC_493\Debug\FreeRTOS_Demo.a(cyPm.o)
 .comment       0x00000000       0x71 .\CortexM3\ARM_GCC_493\Debug\FreeRTOS_Demo.a(uartISR_BYTE_RX.o)
 .comment       0x00000000       0x71 .\CortexM3\ARM_GCC_493\Debug\FreeRTOS_Demo.a(pwmClock.o)
 .comment       0x00000000       0x71 .\CortexM3\ARM_GCC_493\Debug\FreeRTOS_Demo.a(servoPWM.o)
 .comment       0x00000000       0x71 .\CortexM3\ARM_GCC_493\Debug\FreeRTOS_Demo.a(UART.o)
 .comment       0x00000000       0x71 .\CortexM3\ARM_GCC_493\Debug\FreeRTOS_Demo.a(UART_IntClock.o)
 .comment       0x00000000       0x71 .\CortexM3\ARM_GCC_493\Debug\FreeRTOS_Demo.a(uartISR_BYTE_TX.o)
 .comment       0x00000000       0x71 .\CortexM3\ARM_GCC_493\Debug\FreeRTOS_Demo.a(CyFlash.o)
 .comment       0x00000000       0x71 .\CortexM3\ARM_GCC_493\Debug\FreeRTOS_Demo.a(CySpc.o)

.debug_weaknames
 *(.debug_weaknames)

.debug_funcnames
 *(.debug_funcnames)

.debug_typenames
 *(.debug_typenames)

.debug_varnames
 *(.debug_varnames)

.note.gnu.arm.ident
 *(.note.gnu.arm.ident)

.ARM.attributes
                0x00000000       0x29
 *(.ARM.attributes)
 .ARM.attributes
                0x00000000       0x1d c:/program files (x86)/cypress/psoc creator/4.0/psoc creator/import/gnu/arm/4.9.3/bin/../lib/gcc/arm-none-eabi/4.9.3/armv7-m/crti.o
 .ARM.attributes
                0x0000001d       0x2d c:/program files (x86)/cypress/psoc creator/4.0/psoc creator/import/gnu/arm/4.9.3/bin/../lib/gcc/arm-none-eabi/4.9.3/armv7-m/crtbegin.o
 .ARM.attributes
                0x0000004a       0x1b c:/program files (x86)/cypress/psoc creator/4.0/psoc creator/import/gnu/arm/4.9.3/bin/../lib/gcc/arm-none-eabi/4.9.3/../../../../arm-none-eabi/lib/armv7-m/crt0.o
 .ARM.attributes
                0x00000065       0x33 .\CortexM3\ARM_GCC_493\Debug\BlockQ.o
 .ARM.attributes
                0x00000098       0x33 .\CortexM3\ARM_GCC_493\Debug\blocktim.o
 .ARM.attributes
                0x000000cb       0x33 .\CortexM3\ARM_GCC_493\Debug\comtest.o
 .ARM.attributes
                0x000000fe       0x33 .\CortexM3\ARM_GCC_493\Debug\countsem.o
 .ARM.attributes
                0x00000131       0x33 .\CortexM3\ARM_GCC_493\Debug\death.o
 .ARM.attributes
                0x00000164       0x33 .\CortexM3\ARM_GCC_493\Debug\dynamic.o
 .ARM.attributes
                0x00000197       0x33 .\CortexM3\ARM_GCC_493\Debug\flash.o
 .ARM.attributes
                0x000001ca       0x33 .\CortexM3\ARM_GCC_493\Debug\flop.o
 .ARM.attributes
                0x000001fd       0x33 .\CortexM3\ARM_GCC_493\Debug\GenQTest.o
 .ARM.attributes
                0x00000230       0x33 .\CortexM3\ARM_GCC_493\Debug\integer.o
 .ARM.attributes
                0x00000263       0x33 .\CortexM3\ARM_GCC_493\Debug\IntQueue.o
 .ARM.attributes
                0x00000296       0x33 .\CortexM3\ARM_GCC_493\Debug\PollQ.o
 .ARM.attributes
                0x000002c9       0x33 .\CortexM3\ARM_GCC_493\Debug\QPeek.o
 .ARM.attributes
                0x000002fc       0x33 .\CortexM3\ARM_GCC_493\Debug\semtest.o
 .ARM.attributes
                0x0000032f       0x33 .\CortexM3\ARM_GCC_493\Debug\croutine.o
 .ARM.attributes
                0x00000362       0x33 .\CortexM3\ARM_GCC_493\Debug\heap_2.o
 .ARM.attributes
                0x00000395       0x33 .\CortexM3\ARM_GCC_493\Debug\list.o
 .ARM.attributes
                0x000003c8       0x33 .\CortexM3\ARM_GCC_493\Debug\port.o
 .ARM.attributes
                0x000003fb       0x33 .\CortexM3\ARM_GCC_493\Debug\queue.o
 .ARM.attributes
                0x0000042e       0x33 .\CortexM3\ARM_GCC_493\Debug\tasks.o
 .ARM.attributes
                0x00000461       0x33 .\CortexM3\ARM_GCC_493\Debug\IntQueueTimer.o
 .ARM.attributes
                0x00000494       0x33 .\CortexM3\ARM_GCC_493\Debug\main.o
 .ARM.attributes
                0x000004c7       0x33 .\CortexM3\ARM_GCC_493\Debug\ParTest.o
 .ARM.attributes
                0x000004fa       0x33 .\CortexM3\ARM_GCC_493\Debug\Serial.o
 .ARM.attributes
                0x0000052d       0x33 .\CortexM3\ARM_GCC_493\Debug\TimerTest.o
 .ARM.attributes
                0x00000560       0x33 .\CortexM3\ARM_GCC_493\Debug\cymetadata.o
 .ARM.attributes
                0x00000593       0x33 .\CortexM3\ARM_GCC_493\Debug\Cm3Start.o
 .ARM.attributes
                0x000005c6       0x33 .\CortexM3\ARM_GCC_493\Debug\FreeRTOS_Demo.a(cyfitter_cfg.o)
 .ARM.attributes
                0x000005f9       0x33 .\CortexM3\ARM_GCC_493\Debug\FreeRTOS_Demo.a(CyLib.o)
 .ARM.attributes
                0x0000062c       0x33 .\CortexM3\ARM_GCC_493\Debug\FreeRTOS_Demo.a(cyPm.o)
 .ARM.attributes
                0x0000065f       0x33 .\CortexM3\ARM_GCC_493\Debug\FreeRTOS_Demo.a(uartISR_BYTE_RX.o)
 .ARM.attributes
                0x00000692       0x33 .\CortexM3\ARM_GCC_493\Debug\FreeRTOS_Demo.a(pwmClock.o)
 .ARM.attributes
                0x000006c5       0x33 .\CortexM3\ARM_GCC_493\Debug\FreeRTOS_Demo.a(servoPWM.o)
 .ARM.attributes
                0x000006f8       0x33 .\CortexM3\ARM_GCC_493\Debug\FreeRTOS_Demo.a(UART.o)
 .ARM.attributes
                0x0000072b       0x33 .\CortexM3\ARM_GCC_493\Debug\FreeRTOS_Demo.a(UART_IntClock.o)
 .ARM.attributes
                0x0000075e       0x33 .\CortexM3\ARM_GCC_493\Debug\FreeRTOS_Demo.a(uartISR_BYTE_TX.o)
 .ARM.attributes
                0x00000791       0x21 .\CortexM3\ARM_GCC_493\Debug\FreeRTOS_Demo.a(CyBootAsmGnu.o)
 .ARM.attributes
                0x000007b2       0x33 .\CortexM3\ARM_GCC_493\Debug\FreeRTOS_Demo.a(CyFlash.o)
 .ARM.attributes
                0x000007e5       0x33 .\CortexM3\ARM_GCC_493\Debug\FreeRTOS_Demo.a(CySpc.o)
 .ARM.attributes
                0x00000818       0x1d c:/program files (x86)/cypress/psoc creator/4.0/psoc creator/import/gnu/arm/4.9.3/bin/../lib/gcc/arm-none-eabi/4.9.3/armv7-m\libgcc.a(_arm_addsubdf3.o)
 .ARM.attributes
                0x00000835       0x1d c:/program files (x86)/cypress/psoc creator/4.0/psoc creator/import/gnu/arm/4.9.3/bin/../lib/gcc/arm-none-eabi/4.9.3/armv7-m\libgcc.a(_arm_muldivdf3.o)
 .ARM.attributes
                0x00000852       0x1d c:/program files (x86)/cypress/psoc creator/4.0/psoc creator/import/gnu/arm/4.9.3/bin/../lib/gcc/arm-none-eabi/4.9.3/armv7-m\libgcc.a(_arm_cmpdf2.o)
 .ARM.attributes
                0x0000086f       0x2d c:/program files (x86)/cypress/psoc creator/4.0/psoc creator/import/gnu/arm/4.9.3/bin/../lib/gcc/arm-none-eabi/4.9.3/../../../../arm-none-eabi/lib/armv7-m\libg_nano.a(lib_a-errno.o)
 .ARM.attributes
                0x0000089c       0x2d c:/program files (x86)/cypress/psoc creator/4.0/psoc creator/import/gnu/arm/4.9.3/bin/../lib/gcc/arm-none-eabi/4.9.3/../../../../arm-none-eabi/lib/armv7-m\libg_nano.a(lib_a-exit.o)
 .ARM.attributes
                0x000008c9       0x2d c:/program files (x86)/cypress/psoc creator/4.0/psoc creator/import/gnu/arm/4.9.3/bin/../lib/gcc/arm-none-eabi/4.9.3/../../../../arm-none-eabi/lib/armv7-m\libg_nano.a(lib_a-impure.o)
 .ARM.attributes
                0x000008f6       0x2d c:/program files (x86)/cypress/psoc creator/4.0/psoc creator/import/gnu/arm/4.9.3/bin/../lib/gcc/arm-none-eabi/4.9.3/../../../../arm-none-eabi/lib/armv7-m\libg_nano.a(lib_a-init.o)
 .ARM.attributes
                0x00000923       0x2d c:/program files (x86)/cypress/psoc creator/4.0/psoc creator/import/gnu/arm/4.9.3/bin/../lib/gcc/arm-none-eabi/4.9.3/../../../../arm-none-eabi/lib/armv7-m\libg_nano.a(lib_a-memcpy.o)
 .ARM.attributes
                0x00000950       0x2d c:/program files (x86)/cypress/psoc creator/4.0/psoc creator/import/gnu/arm/4.9.3/bin/../lib/gcc/arm-none-eabi/4.9.3/../../../../arm-none-eabi/lib/armv7-m\libg_nano.a(lib_a-memset.o)
 .ARM.attributes
                0x0000097d       0x2d c:/program files (x86)/cypress/psoc creator/4.0/psoc creator/import/gnu/arm/4.9.3/bin/../lib/gcc/arm-none-eabi/4.9.3/armv7-m/crtend.o
 .ARM.attributes
                0x000009aa       0x1d c:/program files (x86)/cypress/psoc creator/4.0/psoc creator/import/gnu/arm/4.9.3/bin/../lib/gcc/arm-none-eabi/4.9.3/armv7-m/crtn.o

/DISCARD/
 *(.note.GNU-stack)
OUTPUT(.\CortexM3\ARM_GCC_493\Debug\FreeRTOS_Demo.elf elf32-littlearm)
