Archive member included because of file (symbol)

.\CortexM3\ARM_GCC_493\Debug\FreeRTOS_Demo.a(cyfitter_cfg.o)
                              .\CortexM3\ARM_GCC_493\Debug\Cm3Start.o (cyfitter_cfg)
.\CortexM3\ARM_GCC_493\Debug\FreeRTOS_Demo.a(UART_1.o)
                              .\CortexM3\ARM_GCC_493\Debug\main.o (UART_1_Start)
.\CortexM3\ARM_GCC_493\Debug\FreeRTOS_Demo.a(Pin_LED_0.o)
                              .\CortexM3\ARM_GCC_493\Debug\ParTest.o (Pin_LED_0_Write)
.\CortexM3\ARM_GCC_493\Debug\FreeRTOS_Demo.a(Pin_LED_1.o)
                              .\CortexM3\ARM_GCC_493\Debug\ParTest.o (Pin_LED_1_Write)
.\CortexM3\ARM_GCC_493\Debug\FreeRTOS_Demo.a(isr_UART1_TX_BYTE_COMPLETE.o)
                              .\CortexM3\ARM_GCC_493\Debug\Serial.o (isr_UART1_TX_BYTE_COMPLETE_StartEx)
.\CortexM3\ARM_GCC_493\Debug\FreeRTOS_Demo.a(isr_UART1_RX_BYTE_RECEIVED.o)
                              .\CortexM3\ARM_GCC_493\Debug\Serial.o (isr_UART1_RX_BYTE_RECEIVED_StartEx)
.\CortexM3\ARM_GCC_493\Debug\FreeRTOS_Demo.a(High_Frequency_PWM_0.o)
                              .\CortexM3\ARM_GCC_493\Debug\main.o (High_Frequency_PWM_0_Start)
.\CortexM3\ARM_GCC_493\Debug\FreeRTOS_Demo.a(isr_High_Frequency_2000Hz.o)
                              .\CortexM3\ARM_GCC_493\Debug\IntQueueTimer.o (isr_High_Frequency_2000Hz_StartEx)
.\CortexM3\ARM_GCC_493\Debug\FreeRTOS_Demo.a(LCD_Character_Display.o)
                              .\CortexM3\ARM_GCC_493\Debug\main.o (LCD_Character_Display_WriteControl)
.\CortexM3\ARM_GCC_493\Debug\FreeRTOS_Demo.a(Pin_LED_2.o)
                              .\CortexM3\ARM_GCC_493\Debug\ParTest.o (Pin_LED_2_Write)
.\CortexM3\ARM_GCC_493\Debug\FreeRTOS_Demo.a(Pin_LED_3.o)
                              .\CortexM3\ARM_GCC_493\Debug\ParTest.o (Pin_LED_3_Write)
.\CortexM3\ARM_GCC_493\Debug\FreeRTOS_Demo.a(High_Frequency_PWM_1.o)
                              .\CortexM3\ARM_GCC_493\Debug\main.o (High_Frequency_PWM_1_Start)
.\CortexM3\ARM_GCC_493\Debug\FreeRTOS_Demo.a(isr_High_Frequency_2001Hz.o)
                              .\CortexM3\ARM_GCC_493\Debug\IntQueueTimer.o (isr_High_Frequency_2001Hz_StartEx)
.\CortexM3\ARM_GCC_493\Debug\FreeRTOS_Demo.a(Timer_20KHz.o)
                              .\CortexM3\ARM_GCC_493\Debug\main.o (Timer_20KHz_Start)
.\CortexM3\ARM_GCC_493\Debug\FreeRTOS_Demo.a(isrTimer_20KHz_TC.o)
                              .\CortexM3\ARM_GCC_493\Debug\TimerTest.o (isrTimer_20KHz_TC_StartEx)
.\CortexM3\ARM_GCC_493\Debug\FreeRTOS_Demo.a(Timer_48MHz.o)
                              .\CortexM3\ARM_GCC_493\Debug\main.o (Timer_48MHz_Start)
.\CortexM3\ARM_GCC_493\Debug\FreeRTOS_Demo.a(UART_1_IntClock.o)
                              .\CortexM3\ARM_GCC_493\Debug\FreeRTOS_Demo.a(UART_1.o) (UART_1_IntClock_Start)
.\CortexM3\ARM_GCC_493\Debug\FreeRTOS_Demo.a(CyLib.o)
                              .\CortexM3\ARM_GCC_493\Debug\Cm3Start.o (CyResetStatus)
.\CortexM3\ARM_GCC_493\Debug\FreeRTOS_Demo.a(cyPm.o)
                              .\CortexM3\ARM_GCC_493\Debug\FreeRTOS_Demo.a(CyLib.o) (CyPmReadStatus)
.\CortexM3\ARM_GCC_493\Debug\FreeRTOS_Demo.a(CyBootAsmGnu.o)
                              .\CortexM3\ARM_GCC_493\Debug\FreeRTOS_Demo.a(cyfitter_cfg.o) (CyDelayCycles)
.\CortexM3\ARM_GCC_493\Debug\FreeRTOS_Demo.a(CyFlash.o)
                              .\CortexM3\ARM_GCC_493\Debug\FreeRTOS_Demo.a(cyPm.o) (CyFlash_SetWaitCycles)
.\CortexM3\ARM_GCC_493\Debug\FreeRTOS_Demo.a(CySpc.o)
                              .\CortexM3\ARM_GCC_493\Debug\FreeRTOS_Demo.a(CyFlash.o) (CySpcStart)
c:/program files (x86)/cypress/psoc creator/4.0/psoc creator/import/gnu/arm/4.9.3/bin/../lib/gcc/arm-none-eabi/4.9.3/armv7-m\libgcc.a(_arm_addsubdf3.o)
                              .\CortexM3\ARM_GCC_493\Debug\flop.o (__aeabi_dsub)
c:/program files (x86)/cypress/psoc creator/4.0/psoc creator/import/gnu/arm/4.9.3/bin/../lib/gcc/arm-none-eabi/4.9.3/armv7-m\libgcc.a(_arm_muldivdf3.o)
                              .\CortexM3\ARM_GCC_493\Debug\flop.o (__aeabi_dmul)
c:/program files (x86)/cypress/psoc creator/4.0/psoc creator/import/gnu/arm/4.9.3/bin/../lib/gcc/arm-none-eabi/4.9.3/armv7-m\libgcc.a(_arm_cmpdf2.o)
                              .\CortexM3\ARM_GCC_493\Debug\flop.o (__aeabi_dcmpgt)
c:/program files (x86)/cypress/psoc creator/4.0/psoc creator/import/gnu/arm/4.9.3/bin/../lib/gcc/arm-none-eabi/4.9.3/../../../../arm-none-eabi/lib/armv7-m\libg_nano.a(lib_a-errno.o)
                              .\CortexM3\ARM_GCC_493\Debug\Cm3Start.o (__errno)
c:/program files (x86)/cypress/psoc creator/4.0/psoc creator/import/gnu/arm/4.9.3/bin/../lib/gcc/arm-none-eabi/4.9.3/../../../../arm-none-eabi/lib/armv7-m\libg_nano.a(lib_a-exit.o)
                              c:/program files (x86)/cypress/psoc creator/4.0/psoc creator/import/gnu/arm/4.9.3/bin/../lib/gcc/arm-none-eabi/4.9.3/../../../../arm-none-eabi/lib/armv7-m/crt0.o (exit)
[...]
Memory Configuration

Name             Origin             Length             Attributes
rom              0x00000000         0x00040000         xr
ram              0x1fff8000         0x00010000         xrw
*default*        0x00000000         0xffffffff

Linker script and memory map

LOAD c:/program files (x86)/cypress/psoc creator/4.0/psoc creator/import/gnu/arm/4.9.3/bin/../lib/gcc/arm-none-eabi/4.9.3/armv7-m/crti.o
LOAD c:/program files (x86)/cypress/psoc creator/4.0/psoc creator/import/gnu/arm/4.9.3/bin/../lib/gcc/arm-none-eabi/4.9.3/armv7-m/crtbegin.o
LOAD c:/program files (x86)/cypress/psoc creator/4.0/psoc creator/import/gnu/arm/4.9.3/bin/../lib/gcc/arm-none-eabi/4.9.3/../../../../arm-none-eabi/lib/armv7-m/crt0.o
START GROUP
LOAD .\CortexM3\ARM_GCC_493\Debug\BlockQ.o
LOAD .\CortexM3\ARM_GCC_493\Debug\blocktim.o
LOAD .\CortexM3\ARM_GCC_493\Debug\comtest.o
LOAD .\CortexM3\ARM_GCC_493\Debug\countsem.o
LOAD .\CortexM3\ARM_GCC_493\Debug\death.o
LOAD .\CortexM3\ARM_GCC_493\Debug\dynamic.o
LOAD .\CortexM3\ARM_GCC_493\Debug\flash.o
LOAD .\CortexM3\ARM_GCC_493\Debug\flop.o
LOAD .\CortexM3\ARM_GCC_493\Debug\GenQTest.o
LOAD .\CortexM3\ARM_GCC_493\Debug\integer.o
LOAD .\CortexM3\ARM_GCC_493\Debug\IntQueue.o
LOAD .\CortexM3\ARM_GCC_493\Debug\PollQ.o
LOAD .\CortexM3\ARM_GCC_493\Debug\QPeek.o
LOAD .\CortexM3\ARM_GCC_493\Debug\semtest.o
LOAD .\CortexM3\ARM_GCC_493\Debug\croutine.o
LOAD .\CortexM3\ARM_GCC_493\Debug\heap_2.o
LOAD .\CortexM3\ARM_GCC_493\Debug\list.o
LOAD .\CortexM3\ARM_GCC_493\Debug\port.o
LOAD .\CortexM3\ARM_GCC_493\Debug\queue.o
LOAD .\CortexM3\ARM_GCC_493\Debug\tasks.o
LOAD .\CortexM3\ARM_GCC_493\Debug\IntQueueTimer.o
LOAD .\CortexM3\ARM_GCC_493\Debug\main.o
LOAD .\CortexM3\ARM_GCC_493\Debug\ParTest.o
LOAD .\CortexM3\ARM_GCC_493\Debug\Serial.o
LOAD .\CortexM3\ARM_GCC_493\Debug\TimerTest.o
LOAD .\CortexM3\ARM_GCC_493\Debug\cymetadata.o
LOAD .\CortexM3\ARM_GCC_493\Debug\Cm3Start.o
LOAD .\CortexM3\ARM_GCC_493\Debug\FreeRTOS_Demo.a
LOAD C:\Program Files (x86)\Cypress\PSoC Creator\4.0\PSoC Creator\psoc\content\cycomponentlibrary\CyComponentLibrary.cylib\CortexM3\ARM_GCC_493\Debug\CyComponentLibrary.a
END GROUP
START GROUP
LOAD c:/program files (x86)/cypress/psoc creator/4.0/psoc creator/import/gnu/arm/4.9.3/bin/../lib/gcc/arm-none-eabi/4.9.3/armv7-m\libgcc.a
LOAD c:/program files (x86)/cypress/psoc creator/4.0/psoc creator/import/gnu/arm/4.9.3/bin/../lib/gcc/arm-none-eabi/4.9.3/../../../../arm-none-eabi/lib/armv7-m\libg_nano.a
LOAD c:/program files (x86)/cypress/psoc creator/4.0/psoc creator/import/gnu/arm/4.9.3/bin/../lib/gcc/arm-none-eabi/4.9.3/../../../../arm-none-eabi/lib/armv7-m\libc_nano.a
END GROUP
START GROUP
LOAD c:/program files (x86)/cypress/psoc creator/4.0/psoc creator/import/gnu/arm/4.9.3/bin/../lib/gcc/arm-none-eabi/4.9.3/armv7-m\libgcc.a
LOAD c:/program files (x86)/cypress/psoc creator/4.0/psoc creator/import/gnu/arm/4.9.3/bin/../lib/gcc/arm-none-eabi/4.9.3/../../../../arm-none-eabi/lib/armv7-m\libc_nano.a
END GROUP
LOAD c:/program files (x86)/cypress/psoc creator/4.0/psoc creator/import/gnu/arm/4.9.3/bin/../lib/gcc/arm-none-eabi/4.9.3/armv7-m/crtend.o
LOAD c:/program files (x86)/cypress/psoc creator/4.0/psoc creator/import/gnu/arm/4.9.3/bin/../lib/gcc/arm-none-eabi/4.9.3/armv7-m/crtn.o
START GROUP
LOAD c:/program files (x86)/cypress/psoc creator/4.0/psoc creator/import/gnu/arm/4.9.3/bin/../lib/gcc/arm-none-eabi/4.9.3/armv7-m\libgcc.a
LOAD c:/program files (x86)/cypress/psoc creator/4.0/psoc creator/import/gnu/arm/4.9.3/bin/../lib/gcc/arm-none-eabi/4.9.3/../../../../arm-none-eabi/lib/armv7-m\libc.a
LOAD c:/program files (x86)/cypress/psoc creator/4.0/psoc creator/import/gnu/arm/4.9.3/bin/../lib/gcc/arm-none-eabi/4.9.3/../../../../arm-none-eabi/lib/armv7-m\libnosys.a
END GROUP
                0x00000000                CY_APPL_ORIGIN = 0x0
                0x00000100                CY_FLASH_ROW_SIZE = 0x100
                0x00000020                CY_ECC_ROW_SIZE = 0x20
                0x00000000                CY_EE_IN_BTLDR = 0x0
                0x00000000                CY_APPL_LOADABLE = 0x0
                0x00000800                CY_EE_SIZE = 0x800
                0x00000001                CY_APPL_NUM = 0x1
                0x00000001                CY_APPL_MAX = 0x1
                0x00000040                CY_METADATA_SIZE = 0x40
                0x00000000                CY_APPL_LOADABLE = 0x0
                0x00000000                CY_CHECKSUM_EXCLUDE_SIZE = ALIGN (0x0, CY_FLASH_ROW_SIZE)
                0x20000628                PROVIDE (__cy_heap_start, _end)
                0x00000001                PROVIDE (__cy_region_num, ((__cy_regions_end - __cy_regions) / 0x10))
                0x20008000                PROVIDE (__cy_stack, (ORIGIN (ram) + 0x10000))
                0x20007c00                PROVIDE (__cy_heap_end, (__cy_stack - 0x400))

.cybootloader   0x00000000        0x0
 *(.cybootloader)
                0x00000000                appl1_start = CY_APPL_ORIGIN?CY_APPL_ORIGIN:ALIGN (CY_FLASH_ROW_SIZE)
                0x0001ff00                appl2_start = (appl1_start + ALIGN ((((0x40000 - appl1_start) - (0x2 * CY_FLASH_ROW_SIZE)) / 0x2), CY_FLASH_ROW_SIZE))
                0x00000000                appl_start = (CY_APPL_NUM == 0x1)?appl1_start:appl2_start
                0x00000000                ecc_offset = ((appl_start / CY_FLASH_ROW_SIZE) * CY_ECC_ROW_SIZE)
                0x00000000                ee_offset = (CY_APPL_LOADABLE && ! (CY_EE_IN_BTLDR))?((CY_EE_SIZE / CY_APPL_MAX) * (CY_APPL_NUM - 0x1)):0x0
                0x00000800                ee_size = (CY_APPL_LOADABLE && ! (CY_EE_IN_BTLDR))?(CY_EE_SIZE / CY_APPL_MAX):CY_EE_SIZE
                0x00000000                PROVIDE (CY_ECC_OFFSET, ecc_offset)

.text           0x00000000     0x7b0a
 CREATE_OBJECT_SYMBOLS
                0x00000000                PROVIDE (__cy_interrupt_vector, RomVectors)
 *(.romvectors)
 .romvectors    0x00000000       0x10 .\CortexM3\ARM_GCC_493\Debug\Cm3Start.o
                0x00000000                RomVectors
                0x00000001                ASSERT ((. != __cy_interrupt_vector), No interrupt vector)
                0x00000001                ASSERT (CY_APPL_ORIGIN?(SIZEOF (.cybootloader) <= CY_APPL_ORIGIN):0x1, Wrong image location)
                0x00000010                PROVIDE (__cy_reset, Reset)
 *(.text.Reset)
 .text.Reset    0x00000010       0x18 .\CortexM3\ARM_GCC_493\Debug\Cm3Start.o
                0x00000010                Reset
                0x00000001                ASSERT ((. != __cy_reset), No reset code)
 *(.dma_init)
                0x00000001                ASSERT ((((appl_start + .) <= 0x10000) || 0x1), DMA Init must be within the first 64k of flash)
 *(.text .text.* .gnu.linkonce.t.*)
 .text          0x00000028       0x5c c:/program files (x86)/cypress/psoc creator/4.0/psoc creator/import/gnu/arm/4.9.3/bin/../lib/gcc/arm-none-eabi/4.9.3/armv7-m/crtbegin.o
 .text.vStartBlockingQueueTasks
                0x00000084      0x190 .\CortexM3\ARM_GCC_493\Debug\BlockQ.o
                0x00000084                vStartBlockingQueueTasks
 .text.vBlockingQueueProducer
                0x00000214       0x60 .\CortexM3\ARM_GCC_493\Debug\BlockQ.o
 .text.vBlockingQueueConsumer
                0x00000274       0x68 .\CortexM3\ARM_GCC_493\Debug\BlockQ.o
 .text.xAreBlockingQueuesStillRunning
                0x000002dc       0x9c .\CortexM3\ARM_GCC_493\Debug\BlockQ.o
                0x000002dc                xAreBlockingQueuesStillRunning
 .text.vCreateBlockTimeTasks
                0x00000378       0x74 .\CortexM3\ARM_GCC_493\Debug\blocktim.o
                0x00000378                vCreateBlockTimeTasks
 .text.vPrimaryBlockTimeTestTask
                0x000003ec      0x300 .\CortexM3\ARM_GCC_493\Debug\blocktim.o
 .text.vSecondaryBlockTimeTestTask
                0x000006ec       0xe0 .\CortexM3\ARM_GCC_493\Debug\blocktim.o
 .text.prvBasicDelayTests
                0x000007cc       0xb0 .\CortexM3\ARM_GCC_493\Debug\blocktim.o
 .text.xAreBlockTimeTestTasksStillRunning
                0x0000087c       0x68 .\CortexM3\ARM_GCC_493\Debug\blocktim.o
                0x0000087c                xAreBlockTimeTestTasksStillRunning
 .text.vAltStartComTestTasks
                0x000008e4       0x60 .\CortexM3\ARM_GCC_493\Debug\comtest.o
                0x000008e4                vAltStartComTestTasks
 .text.vComTxTask
                0x00000944       0x84 .\CortexM3\ARM_GCC_493\Debug\comtest.o
 .text.vComRxTask
                0x000009c8       0xc0 .\CortexM3\ARM_GCC_493\Debug\comtest.o
 .text.xAreComTestTasksStillRunning
                0x00000a88       0x30 .\CortexM3\ARM_GCC_493\Debug\comtest.o
                0x00000a88                xAreComTestTasksStillRunning
 .text.vStartCountingSemaphoreTasks
                0x00000ab8       0xac .\CortexM3\ARM_GCC_493\Debug\countsem.o
                0x00000ab8                vStartCountingSemaphoreTasks
 .text.prvDecrementSemaphoreCount
                0x00000b64       0x78 .\CortexM3\ARM_GCC_493\Debug\countsem.o
 .text.prvIncrementSemaphoreCount
                0x00000bdc       0x78 .\CortexM3\ARM_GCC_493\Debug\countsem.o
 .text.prvCountingSemaphoreTask
                0x00000c54       0x68 .\CortexM3\ARM_GCC_493\Debug\countsem.o
 .text.xAreCountingSemaphoreTasksStillRunning
                0x00000cbc       0x68 .\CortexM3\ARM_GCC_493\Debug\countsem.o
                0x00000cbc                xAreCountingSemaphoreTasksStillRunning
 .text.vCreateSuicidalTasks
                0x00000d24       0x44 .\CortexM3\ARM_GCC_493\Debug\death.o
                0x00000d24                vCreateSuicidalTasks
 .text.vSuicidalTask
                0x00000d68       0x50 .\CortexM3\ARM_GCC_493\Debug\death.o
 .text.vCreateTasks
                0x00000db8       0x70 .\CortexM3\ARM_GCC_493\Debug\death.o
 .text.xIsCreateTaskStillRunning
                0x00000e28       0x74 .\CortexM3\ARM_GCC_493\Debug\death.o
                0x00000e28                xIsCreateTaskStillRunning
 .text.vStartDynamicPriorityTasks
                0x00000e9c       0xd0 .\CortexM3\ARM_GCC_493\Debug\dynamic.o
                0x00000e9c                vStartDynamicPriorityTasks
 .text.vLimitedIncrementTask
                0x00000f6c       0x2c .\CortexM3\ARM_GCC_493\Debug\dynamic.o
 .text.vContinuousIncrementTask
                0x00000f98       0x34 .\CortexM3\ARM_GCC_493\Debug\dynamic.o
 .text.vCounterControlTask
                0x00000fcc       0xc0 .\CortexM3\ARM_GCC_493\Debug\dynamic.o
 .text.vQueueSendWhenSuspendedTask
                0x0000108c       0x4c .\CortexM3\ARM_GCC_493\Debug\dynamic.o
 .text.vQueueReceiveWhenSuspendedTask
                0x000010d8       0x70 .\CortexM3\ARM_GCC_493\Debug\dynamic.o
 .text.xAreDynamicPriorityTasksStillRunning
                0x00001148       0x7c .\CortexM3\ARM_GCC_493\Debug\dynamic.o
                0x00001148                xAreDynamicPriorityTasksStillRunning
 .text.vStartLEDFlashTasks
                0x000011c4       0x3c .\CortexM3\ARM_GCC_493\Debug\flash.o
                0x000011c4                vStartLEDFlashTasks
 .text.vLEDFlashTask
                0x00001200       0x68 .\CortexM3\ARM_GCC_493\Debug\flash.o
 .text.vStartMathTasks
                0x00001268       0x90 .\CortexM3\ARM_GCC_493\Debug\flop.o
                0x00001268                vStartMathTasks
 .text.vCompetingMathTask1
                0x000012f8       0xf8 .\CortexM3\ARM_GCC_493\Debug\flop.o
 .text.vCompetingMathTask2
                0x000013f0       0xf8 .\CortexM3\ARM_GCC_493\Debug\flop.o
 .text.vCompetingMathTask3
                0x000014e8      0x130 .\CortexM3\ARM_GCC_493\Debug\flop.o
 .text.vCompetingMathTask4
                0x00001618      0x130 .\CortexM3\ARM_GCC_493\Debug\flop.o
 .text.xAreMathsTaskStillRunning
                0x00001748       0x4c .\CortexM3\ARM_GCC_493\Debug\flop.o
                0x00001748                xAreMathsTaskStillRunning
 .text.vStartGenericQueueTasks
                0x00001794       0xc0 .\CortexM3\ARM_GCC_493\Debug\GenQTest.o
                0x00001794                vStartGenericQueueTasks
 .text.prvSendFrontAndBackTest
                0x00001854      0x31c .\CortexM3\ARM_GCC_493\Debug\GenQTest.o
 .text.prvTakeTwoMutexesReturnInDifferentOrder
                0x00001b70      0x130 .\CortexM3\ARM_GCC_493\Debug\GenQTest.o
 .text.prvTakeTwoMutexesReturnInSameOrder
                0x00001ca0      0x10c .\CortexM3\ARM_GCC_493\Debug\GenQTest.o
 .text.prvLowPriorityMutexTask
                0x00001dac       0x40 .\CortexM3\ARM_GCC_493\Debug\GenQTest.o
 .text.prvMediumPriorityMutexTask
                0x00001dec       0x20 .\CortexM3\ARM_GCC_493\Debug\GenQTest.o
 .text.prvHighPriorityMutexTask
                0x00001e0c       0x4c .\CortexM3\ARM_GCC_493\Debug\GenQTest.o
 .text.xAreGenericQueueTasksStillRunning
                0x00001e58       0x64 .\CortexM3\ARM_GCC_493\Debug\GenQTest.o
                0x00001e58                xAreGenericQueueTasksStillRunning
 .text.vStartIntegerMathTasks
                0x00001ebc       0x50 .\CortexM3\ARM_GCC_493\Debug\integer.o
                0x00001ebc                vStartIntegerMathTasks
 .text.vCompeteingIntMathTask
                0x00001f0c       0x68 .\CortexM3\ARM_GCC_493\Debug\integer.o
 .text.xAreIntegerMathsTaskStillRunning
                0x00001f74       0x54 .\CortexM3\ARM_GCC_493\Debug\integer.o
                0x00001f74                xAreIntegerMathsTaskStillRunning
 .text.vStartInterruptQueueTasks
                0x00001fc8      0x108 .\CortexM3\ARM_GCC_493\Debug\IntQueue.o
                0x00001fc8                vStartInterruptQueueTasks
 .text.prvRecordValue_NormallyFull
                0x000020d0       0x3c .\CortexM3\ARM_GCC_493\Debug\IntQueue.o
 .text.prvRecordValue_NormallyEmpty
                0x0000210c       0x3c .\CortexM3\ARM_GCC_493\Debug\IntQueue.o
 .text.prvQueueAccessLogError
                0x00002148       0x28 .\CortexM3\ARM_GCC_493\Debug\IntQueue.o
 .text.prvHigherPriorityNormallyEmptyTask
                0x00002170      0x174 .\CortexM3\ARM_GCC_493\Debug\IntQueue.o
 .text.prvLowerPriorityNormallyEmptyTask
                0x000022e4       0xb8 .\CortexM3\ARM_GCC_493\Debug\IntQueue.o
 .text.prv1stHigherPriorityNormallyFullTask
                0x0000239c      0x150 .\CortexM3\ARM_GCC_493\Debug\IntQueue.o
 .text.prv2ndHigherPriorityNormallyFullTask
                0x000024ec       0xb0 .\CortexM3\ARM_GCC_493\Debug\IntQueue.o
 .text.prvLowerPriorityNormallyFullTask
                0x0000259c       0xa4 .\CortexM3\ARM_GCC_493\Debug\IntQueue.o
 .text.xFirstTimerHandler
                0x00002640      0x1cc .\CortexM3\ARM_GCC_493\Debug\IntQueue.o
                0x00002640                xFirstTimerHandler
 .text.xSecondTimerHandler
                0x0000280c      0x2a8 .\CortexM3\ARM_GCC_493\Debug\IntQueue.o
                0x0000280c                xSecondTimerHandler
 .text.xAreIntQueueTasksStillRunning
                0x00002ab4       0xa0 .\CortexM3\ARM_GCC_493\Debug\IntQueue.o
                0x00002ab4                xAreIntQueueTasksStillRunning
 .text.vStartPolledQueueTasks
                0x00002b54       0x74 .\CortexM3\ARM_GCC_493\Debug\PollQ.o
                0x00002b54                vStartPolledQueueTasks
 .text.vPolledQueueProducer
                0x00002bc8       0x70 .\CortexM3\ARM_GCC_493\Debug\PollQ.o
 .text.vPolledQueueConsumer
                0x00002c38       0x78 .\CortexM3\ARM_GCC_493\Debug\PollQ.o
 .text.xArePollingQueuesStillRunning
                0x00002cb0       0x44 .\CortexM3\ARM_GCC_493\Debug\PollQ.o
                0x00002cb0                xArePollingQueuesStillRunning
 .text.vStartQueuePeekTasks
                0x00002cf4       0xa8 .\CortexM3\ARM_GCC_493\Debug\QPeek.o
                0x00002cf4                vStartQueuePeekTasks
 .text.prvHighestPriorityPeekTask
                0x00002d9c      0x100 .\CortexM3\ARM_GCC_493\Debug\QPeek.o
 .text.prvHighPriorityPeekTask
                0x00002e9c       0x90 .\CortexM3\ARM_GCC_493\Debug\QPeek.o
 .text.prvMediumPriorityPeekTask
                0x00002f2c       0x68 .\CortexM3\ARM_GCC_493\Debug\QPeek.o
 .text.prvLowPriorityPeekTask
                0x00002f94      0x118 .\CortexM3\ARM_GCC_493\Debug\QPeek.o
 .text.xAreQueuePeekTasksStillRunning
                0x000030ac       0x44 .\CortexM3\ARM_GCC_493\Debug\QPeek.o
                0x000030ac                xAreQueuePeekTasksStillRunning
 .text.vStartSemaphoreTasks
                0x000030f0      0x138 .\CortexM3\ARM_GCC_493\Debug\semtest.o
                0x000030f0                vStartSemaphoreTasks
 .text.prvSemaphoreTest
                0x00003228      0x11c .\CortexM3\ARM_GCC_493\Debug\semtest.o
 .text.xAreSemaphoreTasksStillRunning
                0x00003344       0x64 .\CortexM3\ARM_GCC_493\Debug\semtest.o
                0x00003344                xAreSemaphoreTasksStillRunning
 .text.pvPortMalloc
                0x000033a8      0x124 .\CortexM3\ARM_GCC_493\Debug\heap_2.o
                0x000033a8                pvPortMalloc
 .text.vPortFree
                0x000034cc       0x70 .\CortexM3\ARM_GCC_493\Debug\heap_2.o
                0x000034cc                vPortFree
 .text.prvHeapInit
                0x0000353c       0x50 .\CortexM3\ARM_GCC_493\Debug\heap_2.o
 .text.vListInitialise
                0x0000358c       0x40 .\CortexM3\ARM_GCC_493\Debug\list.o
                0x0000358c                vListInitialise
 .text.vListInitialiseItem
                0x000035cc       0x18 .\CortexM3\ARM_GCC_493\Debug\list.o
                0x000035cc                vListInitialiseItem
 .text.vListInsertEnd
                0x000035e4       0x48 .\CortexM3\ARM_GCC_493\Debug\list.o
                0x000035e4                vListInsertEnd
 .text.vListInsert
                0x0000362c       0x70 .\CortexM3\ARM_GCC_493\Debug\list.o
                0x0000362c                vListInsert
 .text.uxListRemove
                0x0000369c       0x54 .\CortexM3\ARM_GCC_493\Debug\list.o
                0x0000369c                uxListRemove
 .text.pxPortInitialiseStack
                0x000036f0       0x5c .\CortexM3\ARM_GCC_493\Debug\port.o
                0x000036f0                pxPortInitialiseStack
 .text.prvTaskExitError
                0x0000374c       0x1c .\CortexM3\ARM_GCC_493\Debug\port.o
 *fill*         0x00003768        0x8 
 .text.vPortSVCHandler
                0x00003770       0x30 .\CortexM3\ARM_GCC_493\Debug\port.o
                0x00003770                vPortSVCHandler
 .text.prvPortStartFirstTask
                0x000037a0       0x20 .\CortexM3\ARM_GCC_493\Debug\port.o
 .text.xPortStartScheduler
                0x000037c0       0x3c .\CortexM3\ARM_GCC_493\Debug\port.o
                0x000037c0                xPortStartScheduler
 .text.vPortEnterCritical
                0x000037fc       0x30 .\CortexM3\ARM_GCC_493\Debug\port.o
                0x000037fc                vPortEnterCritical
 .text.vPortExitCritical
                0x0000382c       0x30 .\CortexM3\ARM_GCC_493\Debug\port.o
                0x0000382c                vPortExitCritical
 *fill*         0x0000385c        0x4 
 .text.xPortPendSVHandler
                0x00003860       0x50 .\CortexM3\ARM_GCC_493\Debug\port.o
                0x00003860                xPortPendSVHandler
 .text.xPortSysTickHandler
                0x000038b0       0x40 .\CortexM3\ARM_GCC_493\Debug\port.o
                0x000038b0                xPortSysTickHandler
 .text.vPortSetupTimerInterrupt
                0x000038f0       0x24 .\CortexM3\ARM_GCC_493\Debug\port.o
                0x000038f0                vPortSetupTimerInterrupt
 .text.xQueueGenericReset
                0x00003914       0xb4 .\CortexM3\ARM_GCC_493\Debug\queue.o
                0x00003914                xQueueGenericReset
 .text.xQueueGenericCreate
                0x000039c8       0x58 .\CortexM3\ARM_GCC_493\Debug\queue.o
                0x000039c8                xQueueGenericCreate
 .text.prvInitialiseNewQueue
                0x00003a20       0x3c .\CortexM3\ARM_GCC_493\Debug\queue.o
 .text.prvInitialiseMutex
                0x00003a5c       0x34 .\CortexM3\ARM_GCC_493\Debug\queue.o
 .text.xQueueCreateMutex
                0x00003a90       0x30 .\CortexM3\ARM_GCC_493\Debug\queue.o
                0x00003a90                xQueueCreateMutex
 .text.xQueueCreateCountingSemaphore
                0x00003ac0       0x2c .\CortexM3\ARM_GCC_493\Debug\queue.o
                0x00003ac0                xQueueCreateCountingSemaphore
 .text.xQueueGenericSend
                0x00003aec      0x15c .\CortexM3\ARM_GCC_493\Debug\queue.o
                0x00003aec                xQueueGenericSend
 .text.xQueueGenericSendFromISR
                0x00003c48       0xb4 .\CortexM3\ARM_GCC_493\Debug\queue.o
                0x00003c48                xQueueGenericSendFromISR
 .text.xQueueGenericReceive
                0x00003cfc      0x1b8 .\CortexM3\ARM_GCC_493\Debug\queue.o
                0x00003cfc                xQueueGenericReceive
 .text.xQueueReceiveFromISR
                0x00003eb4       0xac .\CortexM3\ARM_GCC_493\Debug\queue.o
                0x00003eb4                xQueueReceiveFromISR
 .text.uxQueueMessagesWaiting
                0x00003f60       0x20 .\CortexM3\ARM_GCC_493\Debug\queue.o
                0x00003f60                uxQueueMessagesWaiting
 .text.prvCopyDataToQueue
                0x00003f80       0xd8 .\CortexM3\ARM_GCC_493\Debug\queue.o
 .text.prvCopyDataFromQueue
                0x00004058       0x4c .\CortexM3\ARM_GCC_493\Debug\queue.o
 .text.prvUnlockQueue
                0x000040a4       0xa4 .\CortexM3\ARM_GCC_493\Debug\queue.o
 .text.prvIsQueueEmpty
                0x00004148       0x2c .\CortexM3\ARM_GCC_493\Debug\queue.o
 .text.prvIsQueueFull
                0x00004174       0x30 .\CortexM3\ARM_GCC_493\Debug\queue.o
 .text.xQueueIsQueueFullFromISR
                0x000041a4       0x2c .\CortexM3\ARM_GCC_493\Debug\queue.o
                0x000041a4                xQueueIsQueueFullFromISR
 .text.vQueueAddToRegistry
                0x000041d0       0x50 .\CortexM3\ARM_GCC_493\Debug\queue.o
                0x000041d0                vQueueAddToRegistry
 .text.xTaskCreate
                0x00004220       0x80 .\CortexM3\ARM_GCC_493\Debug\tasks.o
                0x00004220                xTaskCreate
 .text.prvInitialiseNewTask
                0x000042a0       0xec .\CortexM3\ARM_GCC_493\Debug\tasks.o
 .text.prvAddNewTaskToReadyList
                0x0000438c       0xd8 .\CortexM3\ARM_GCC_493\Debug\tasks.o
 .text.vTaskDelete
                0x00004464       0xfc .\CortexM3\ARM_GCC_493\Debug\tasks.o
                0x00004464                vTaskDelete
 .text.vTaskDelayUntil
                0x00004560       0xa0 .\CortexM3\ARM_GCC_493\Debug\tasks.o
                0x00004560                vTaskDelayUntil
 .text.vTaskDelay
                0x00004600       0x44 .\CortexM3\ARM_GCC_493\Debug\tasks.o
                0x00004600                vTaskDelay
 .text.eTaskGetState
                0x00004644       0x98 .\CortexM3\ARM_GCC_493\Debug\tasks.o
                0x00004644                eTaskGetState
 .text.uxTaskPriorityGet
                0x000046dc       0x34 .\CortexM3\ARM_GCC_493\Debug\tasks.o
                0x000046dc                uxTaskPriorityGet
 .text.vTaskPrioritySet
                0x00004710      0x144 .\CortexM3\ARM_GCC_493\Debug\tasks.o
                0x00004710                vTaskPrioritySet
 .text.vTaskSuspend
                0x00004854       0xec .\CortexM3\ARM_GCC_493\Debug\tasks.o
                0x00004854                vTaskSuspend
 .text.prvTaskIsTaskSuspended
                0x00004940       0x5c .\CortexM3\ARM_GCC_493\Debug\tasks.o
 .text.vTaskResume
                0x0000499c       0xa0 .\CortexM3\ARM_GCC_493\Debug\tasks.o
                0x0000499c                vTaskResume
 .text.vTaskStartScheduler
                0x00004a3c       0x6c .\CortexM3\ARM_GCC_493\Debug\tasks.o
                0x00004a3c                vTaskStartScheduler
 .text.vTaskSuspendAll
                0x00004aa8       0x1c .\CortexM3\ARM_GCC_493\Debug\tasks.o
                0x00004aa8                vTaskSuspendAll
 .text.xTaskResumeAll
                0x00004ac4      0x120 .\CortexM3\ARM_GCC_493\Debug\tasks.o
                0x00004ac4                xTaskResumeAll
 .text.xTaskGetTickCount
                0x00004be4       0x20 .\CortexM3\ARM_GCC_493\Debug\tasks.o
                0x00004be4                xTaskGetTickCount
 .text.uxTaskGetNumberOfTasks
                0x00004c04       0x18 .\CortexM3\ARM_GCC_493\Debug\tasks.o
                0x00004c04                uxTaskGetNumberOfTasks
 .text.xTaskIncrementTick
                0x00004c1c      0x15c .\CortexM3\ARM_GCC_493\Debug\tasks.o
                0x00004c1c                xTaskIncrementTick
 .text.vTaskSwitchContext
                0x00004d78       0xd4 .\CortexM3\ARM_GCC_493\Debug\tasks.o
                0x00004d78                vTaskSwitchContext
 .text.vTaskPlaceOnEventList
                0x00004e4c       0x2c .\CortexM3\ARM_GCC_493\Debug\tasks.o
                0x00004e4c                vTaskPlaceOnEventList
 .text.xTaskRemoveFromEventList
                0x00004e78       0xac .\CortexM3\ARM_GCC_493\Debug\tasks.o
                0x00004e78                xTaskRemoveFromEventList
 .text.vTaskSetTimeOutState
                0x00004f24       0x2c .\CortexM3\ARM_GCC_493\Debug\tasks.o
                0x00004f24                vTaskSetTimeOutState
 .text.xTaskCheckForTimeOut
                0x00004f50       0x88 .\CortexM3\ARM_GCC_493\Debug\tasks.o
                0x00004f50                xTaskCheckForTimeOut
 .text.vTaskMissedYield
                0x00004fd8       0x18 .\CortexM3\ARM_GCC_493\Debug\tasks.o
                0x00004fd8                vTaskMissedYield
 .text.prvIdleTask
                0x00004ff0       0x10 .\CortexM3\ARM_GCC_493\Debug\tasks.o
 .text.prvInitialiseTaskLists
                0x00005000       0x7c .\CortexM3\ARM_GCC_493\Debug\tasks.o
 .text.prvCheckTasksWaitingTermination
                0x0000507c       0x74 .\CortexM3\ARM_GCC_493\Debug\tasks.o
 .text.prvDeleteTCB
                0x000050f0       0x20 .\CortexM3\ARM_GCC_493\Debug\tasks.o
 .text.prvResetNextTaskUnblockTime
                0x00005110       0x48 .\CortexM3\ARM_GCC_493\Debug\tasks.o
 .text.vTaskPriorityInherit
                0x00005158       0xf0 .\CortexM3\ARM_GCC_493\Debug\tasks.o
                0x00005158                vTaskPriorityInherit
 .text.xTaskPriorityDisinherit
                0x00005248       0xcc .\CortexM3\ARM_GCC_493\Debug\tasks.o
                0x00005248                xTaskPriorityDisinherit
 .text.pvTaskIncrementMutexHeldCount
                0x00005314       0x28 .\CortexM3\ARM_GCC_493\Debug\tasks.o
                0x00005314                pvTaskIncrementMutexHeldCount
 .text.prvAddCurrentTaskToDelayedList
                0x0000533c       0xc8 .\CortexM3\ARM_GCC_493\Debug\tasks.o
 .text.vInitialiseTimerForIntQueueTest
                0x00005404       0x2c .\CortexM3\ARM_GCC_493\Debug\IntQueueTimer.o
                0x00005404                vInitialiseTimerForIntQueueTest
 .text.vHighFrequencyFirstISR
                0x00005430       0x24 .\CortexM3\ARM_GCC_493\Debug\IntQueueTimer.o
                0x00005430                vHighFrequencyFirstISR
 .text.vHighFrequencySecondISR
                0x00005454       0x24 .\CortexM3\ARM_GCC_493\Debug\IntQueueTimer.o
                0x00005454                vHighFrequencySecondISR
 .text.main     0x00005478       0x80 .\CortexM3\ARM_GCC_493\Debug\main.o
                0x00005478                main
 .text.prvHardwareSetup
                0x000054f8       0x70 .\CortexM3\ARM_GCC_493\Debug\main.o
 .text.vCheckTask
                0x00005568      0x1dc .\CortexM3\ARM_GCC_493\Debug\main.o
                0x00005568                vCheckTask
 .text.vApplicationStackOverflowHook
                0x00005744       0x20 .\CortexM3\ARM_GCC_493\Debug\main.o
                0x00005744                vApplicationStackOverflowHook
 .text.vApplicationMallocFailedHook
                0x00005764       0x1c .\CortexM3\ARM_GCC_493\Debug\main.o
                0x00005764                vApplicationMallocFailedHook
 .text.vParTestInitialise
                0x00005780       0x30 .\CortexM3\ARM_GCC_493\Debug\ParTest.o
                0x00005780                vParTestInitialise
 .text.vParTestSetLED
                0x000057b0       0xa0 .\CortexM3\ARM_GCC_493\Debug\ParTest.o
                0x000057b0                vParTestSetLED
 .text.vParTestToggleLED
                0x00005850       0x34 .\CortexM3\ARM_GCC_493\Debug\ParTest.o
                0x00005850                vParTestToggleLED
 .text.xSerialPortInitMinimal
                0x00005884       0x74 .\CortexM3\ARM_GCC_493\Debug\Serial.o
                0x00005884                xSerialPortInitMinimal
 .text.xSerialGetChar
                0x000058f8       0x38 .\CortexM3\ARM_GCC_493\Debug\Serial.o
                0x000058f8                xSerialGetChar
 .text.xSerialPutChar
                0x00005930       0x54 .\CortexM3\ARM_GCC_493\Debug\Serial.o
                0x00005930                xSerialPutChar
 .text.vUartRxISR
                0x00005984       0x94 .\CortexM3\ARM_GCC_493\Debug\Serial.o
                0x00005984                vUartRxISR
 .text.vUartTxISR
                0x00005a18       0xb0 .\CortexM3\ARM_GCC_493\Debug\Serial.o
                0x00005a18                vUartTxISR
 .text.vSetupTimerTest
                0x00005ac8       0x10 .\CortexM3\ARM_GCC_493\Debug\TimerTest.o
                0x00005ac8                vSetupTimerTest
 .text.vTimer20KHzISR
                0x00005ad8       0x68 .\CortexM3\ARM_GCC_493\Debug\TimerTest.o
                0x00005ad8                vTimer20KHzISR
 .text.IntDefaultHandler
                0x00005b40       0x14 .\CortexM3\ARM_GCC_493\Debug\Cm3Start.o
                0x00005b40                IntDefaultHandler
 .text.Start_c  0x00005b54       0x98 .\CortexM3\ARM_GCC_493\Debug\Cm3Start.o
                0x00005b54                Start_c
 .text.initialize_psoc
                0x00005bec       0x8c .\CortexM3\ARM_GCC_493\Debug\Cm3Start.o
                0x00005bec                initialize_psoc
 .text.CYMEMZERO
                0x00005c78       0x1c .\CortexM3\ARM_GCC_493\Debug\FreeRTOS_Demo.a(cyfitter_cfg.o)
 .text.CYCONFIGCPY
                0x00005c94       0x1c .\CortexM3\ARM_GCC_493\Debug\FreeRTOS_Demo.a(cyfitter_cfg.o)
 .text.CyClockStartupError
                0x00005cb0        0xc .\CortexM3\ARM_GCC_493\Debug\FreeRTOS_Demo.a(cyfitter_cfg.o)
 .text.cfg_write_bytes32
                0x00005cbc       0x74 .\CortexM3\ARM_GCC_493\Debug\FreeRTOS_Demo.a(cyfitter_cfg.o)
 .text.ClockSetup
                0x00005d30      0x114 .\CortexM3\ARM_GCC_493\Debug\FreeRTOS_Demo.a(cyfitter_cfg.o)
 .text.AnalogSetDefault
                0x00005e44       0x44 .\CortexM3\ARM_GCC_493\Debug\FreeRTOS_Demo.a(cyfitter_cfg.o)
 .text.cyfitter_cfg
                0x00005e88      0x17c .\CortexM3\ARM_GCC_493\Debug\FreeRTOS_Demo.a(cyfitter_cfg.o)
                0x00005e88                cyfitter_cfg
 .text.UART_1_Start
                0x00006004       0x20 .\CortexM3\ARM_GCC_493\Debug\FreeRTOS_Demo.a(UART_1.o)
                0x00006004                UART_1_Start
 .text.UART_1_Init
                0x00006024       0x40 .\CortexM3\ARM_GCC_493\Debug\FreeRTOS_Demo.a(UART_1.o)
                0x00006024                UART_1_Init
 .text.UART_1_Enable
                0x00006064       0x5c .\CortexM3\ARM_GCC_493\Debug\FreeRTOS_Demo.a(UART_1.o)
                0x00006064                UART_1_Enable
 .text.UART_1_ReadRxStatus
                0x000060c0       0x24 .\CortexM3\ARM_GCC_493\Debug\FreeRTOS_Demo.a(UART_1.o)
                0x000060c0                UART_1_ReadRxStatus
 .text.UART_1_GetChar
                0x000060e4       0x44 .\CortexM3\ARM_GCC_493\Debug\FreeRTOS_Demo.a(UART_1.o)
                0x000060e4                UART_1_GetChar
 .text.UART_1_SetTxInterruptMode
                0x00006128       0x20 .\CortexM3\ARM_GCC_493\Debug\FreeRTOS_Demo.a(UART_1.o)
                0x00006128                UART_1_SetTxInterruptMode
 .text.UART_1_ReadTxStatus
                0x00006148       0x18 .\CortexM3\ARM_GCC_493\Debug\FreeRTOS_Demo.a(UART_1.o)
                0x00006148                UART_1_ReadTxStatus
 .text.UART_1_PutChar
                0x00006160       0x34 .\CortexM3\ARM_GCC_493\Debug\FreeRTOS_Demo.a(UART_1.o)
                0x00006160                UART_1_PutChar
 .text.Pin_LED_0_Write
                0x00006194       0x3c .\CortexM3\ARM_GCC_493\Debug\FreeRTOS_Demo.a(Pin_LED_0.o)
                0x00006194                Pin_LED_0_Write
 .text.Pin_LED_1_Write
                0x000061d0       0x3c .\CortexM3\ARM_GCC_493\Debug\FreeRTOS_Demo.a(Pin_LED_1.o)
                0x000061d0                Pin_LED_1_Write
 .text.isr_UART1_TX_BYTE_COMPLETE_StartEx
                0x0000620c       0x24 .\CortexM3\ARM_GCC_493\Debug\FreeRTOS_Demo.a(isr_UART1_TX_BYTE_COMPLETE.o)
                0x0000620c                isr_UART1_TX_BYTE_COMPLETE_StartEx
 .text.isr_UART1_TX_BYTE_COMPLETE_SetVector
                0x00006230       0x24 .\CortexM3\ARM_GCC_493\Debug\FreeRTOS_Demo.a(isr_UART1_TX_BYTE_COMPLETE.o)
                0x00006230                isr_UART1_TX_BYTE_COMPLETE_SetVector
 .text.isr_UART1_TX_BYTE_COMPLETE_SetPriority
                0x00006254       0x24 .\CortexM3\ARM_GCC_493\Debug\FreeRTOS_Demo.a(isr_UART1_TX_BYTE_COMPLETE.o)
                0x00006254                isr_UART1_TX_BYTE_COMPLETE_SetPriority
 .text.isr_UART1_TX_BYTE_COMPLETE_Enable
                0x00006278       0x18 .\CortexM3\ARM_GCC_493\Debug\FreeRTOS_Demo.a(isr_UART1_TX_BYTE_COMPLETE.o)
                0x00006278                isr_UART1_TX_BYTE_COMPLETE_Enable
 .text.isr_UART1_TX_BYTE_COMPLETE_Disable
                0x00006290       0x18 .\CortexM3\ARM_GCC_493\Debug\FreeRTOS_Demo.a(isr_UART1_TX_BYTE_COMPLETE.o)
                0x00006290                isr_UART1_TX_BYTE_COMPLETE_Disable
 .text.isr_UART1_TX_BYTE_COMPLETE_ClearPending
                0x000062a8       0x18 .\CortexM3\ARM_GCC_493\Debug\FreeRTOS_Demo.a(isr_UART1_TX_BYTE_COMPLETE.o)
                0x000062a8                isr_UART1_TX_BYTE_COMPLETE_ClearPending
 .text.isr_UART1_RX_BYTE_RECEIVED_StartEx
                0x000062c0       0x24 .\CortexM3\ARM_GCC_493\Debug\FreeRTOS_Demo.a(isr_UART1_RX_BYTE_RECEIVED.o)
                0x000062c0                isr_UART1_RX_BYTE_RECEIVED_StartEx
 .text.isr_UART1_RX_BYTE_RECEIVED_SetVector
                0x000062e4       0x24 .\CortexM3\ARM_GCC_493\Debug\FreeRTOS_Demo.a(isr_UART1_RX_BYTE_RECEIVED.o)
                0x000062e4                isr_UART1_RX_BYTE_RECEIVED_SetVector
 .text.isr_UART1_RX_BYTE_RECEIVED_SetPriority
                0x00006308       0x24 .\CortexM3\ARM_GCC_493\Debug\FreeRTOS_Demo.a(isr_UART1_RX_BYTE_RECEIVED.o)
                0x00006308                isr_UART1_RX_BYTE_RECEIVED_SetPriority
 .text.isr_UART1_RX_BYTE_RECEIVED_Enable
                0x0000632c       0x18 .\CortexM3\ARM_GCC_493\Debug\FreeRTOS_Demo.a(isr_UART1_RX_BYTE_RECEIVED.o)
                0x0000632c                isr_UART1_RX_BYTE_RECEIVED_Enable
 .text.isr_UART1_RX_BYTE_RECEIVED_Disable
                0x00006344       0x18 .\CortexM3\ARM_GCC_493\Debug\FreeRTOS_Demo.a(isr_UART1_RX_BYTE_RECEIVED.o)
                0x00006344                isr_UART1_RX_BYTE_RECEIVED_Disable
 .text.isr_UART1_RX_BYTE_RECEIVED_ClearPending
                0x0000635c       0x18 .\CortexM3\ARM_GCC_493\Debug\FreeRTOS_Demo.a(isr_UART1_RX_BYTE_RECEIVED.o)
                0x0000635c                isr_UART1_RX_BYTE_RECEIVED_ClearPending
 .text.High_Frequency_PWM_0_Start
                0x00006374       0x20 .\CortexM3\ARM_GCC_493\Debug\FreeRTOS_Demo.a(High_Frequency_PWM_0.o)
                0x00006374                High_Frequency_PWM_0_Start
 .text.High_Frequency_PWM_0_Init
                0x00006394       0x90 .\CortexM3\ARM_GCC_493\Debug\FreeRTOS_Demo.a(High_Frequency_PWM_0.o)
                0x00006394                High_Frequency_PWM_0_Init
 .text.High_Frequency_PWM_0_Enable
                0x00006424       0x20 .\CortexM3\ARM_GCC_493\Debug\FreeRTOS_Demo.a(High_Frequency_PWM_0.o)
                0x00006424                High_Frequency_PWM_0_Enable
 .text.High_Frequency_PWM_0_WriteCounter
                0x00006444       0x20 .\CortexM3\ARM_GCC_493\Debug\FreeRTOS_Demo.a(High_Frequency_PWM_0.o)
                0x00006444                High_Frequency_PWM_0_WriteCounter
 .text.High_Frequency_PWM_0_ClearFIFO
                0x00006464       0x1c .\CortexM3\ARM_GCC_493\Debug\FreeRTOS_Demo.a(High_Frequency_PWM_0.o)
                0x00006464                High_Frequency_PWM_0_ClearFIFO
 .text.High_Frequency_PWM_0_WritePeriod
                0x00006480       0x20 .\CortexM3\ARM_GCC_493\Debug\FreeRTOS_Demo.a(High_Frequency_PWM_0.o)
                0x00006480                High_Frequency_PWM_0_WritePeriod
 .text.High_Frequency_PWM_0_WriteCompare
                0x000064a0       0x20 .\CortexM3\ARM_GCC_493\Debug\FreeRTOS_Demo.a(High_Frequency_PWM_0.o)
                0x000064a0                High_Frequency_PWM_0_WriteCompare
 .text.High_Frequency_PWM_0_SetInterruptMode
                0x000064c0       0x20 .\CortexM3\ARM_GCC_493\Debug\FreeRTOS_Demo.a(High_Frequency_PWM_0.o)
                0x000064c0                High_Frequency_PWM_0_SetInterruptMode
 .text.High_Frequency_PWM_0_ReadStatusRegister
                0x000064e0       0x18 .\CortexM3\ARM_GCC_493\Debug\FreeRTOS_Demo.a(High_Frequency_PWM_0.o)
                0x000064e0                High_Frequency_PWM_0_ReadStatusRegister
 .text.High_Frequency_PWM_0_ReadCapture
                0x000064f8       0x18 .\CortexM3\ARM_GCC_493\Debug\FreeRTOS_Demo.a(High_Frequency_PWM_0.o)
                0x000064f8                High_Frequency_PWM_0_ReadCapture
 .text.isr_High_Frequency_2000Hz_StartEx
                0x00006510       0x24 .\CortexM3\ARM_GCC_493\Debug\FreeRTOS_Demo.a(isr_High_Frequency_2000Hz.o)
                0x00006510                isr_High_Frequency_2000Hz_StartEx
 .text.isr_High_Frequency_2000Hz_SetVector
                0x00006534       0x24 .\CortexM3\ARM_GCC_493\Debug\FreeRTOS_Demo.a(isr_High_Frequency_2000Hz.o)
                0x00006534                isr_High_Frequency_2000Hz_SetVector
 .text.isr_High_Frequency_2000Hz_SetPriority
                0x00006558       0x24 .\CortexM3\ARM_GCC_493\Debug\FreeRTOS_Demo.a(isr_High_Frequency_2000Hz.o)
                0x00006558                isr_High_Frequency_2000Hz_SetPriority
 .text.isr_High_Frequency_2000Hz_Enable
                0x0000657c       0x18 .\CortexM3\ARM_GCC_493\Debug\FreeRTOS_Demo.a(isr_High_Frequency_2000Hz.o)
                0x0000657c                isr_High_Frequency_2000Hz_Enable
 .text.isr_High_Frequency_2000Hz_Disable
                0x00006594       0x18 .\CortexM3\ARM_GCC_493\Debug\FreeRTOS_Demo.a(isr_High_Frequency_2000Hz.o)
                0x00006594                isr_High_Frequency_2000Hz_Disable
 .text.isr_High_Frequency_2000Hz_ClearPending
                0x000065ac       0x18 .\CortexM3\ARM_GCC_493\Debug\FreeRTOS_Demo.a(isr_High_Frequency_2000Hz.o)
                0x000065ac                isr_High_Frequency_2000Hz_ClearPending
 .text.LCD_Character_Display_Init
                0x000065c4       0x6c .\CortexM3\ARM_GCC_493\Debug\FreeRTOS_Demo.a(LCD_Character_Display.o)
                0x000065c4                LCD_Character_Display_Init
 .text.LCD_Character_Display_Enable
                0x00006630       0x18 .\CortexM3\ARM_GCC_493\Debug\FreeRTOS_Demo.a(LCD_Character_Display.o)
                0x00006630                LCD_Character_Display_Enable
 .text.LCD_Character_Display_Start
                0x00006648       0x20 .\CortexM3\ARM_GCC_493\Debug\FreeRTOS_Demo.a(LCD_Character_Display.o)
                0x00006648                LCD_Character_Display_Start
 .text.LCD_Character_Display_Position
                0x00006668       0x6c .\CortexM3\ARM_GCC_493\Debug\FreeRTOS_Demo.a(LCD_Character_Display.o)
                0x00006668                LCD_Character_Display_Position
 .text.LCD_Character_Display_PrintString
                0x000066d4       0x38 .\CortexM3\ARM_GCC_493\Debug\FreeRTOS_Demo.a(LCD_Character_Display.o)
                0x000066d4                LCD_Character_Display_PrintString
 .text.LCD_Character_Display_PutChar
                0x0000670c       0x18 .\CortexM3\ARM_GCC_493\Debug\FreeRTOS_Demo.a(LCD_Character_Display.o)
                0x0000670c                LCD_Character_Display_PutChar
 .text.LCD_Character_Display_WriteData
                0x00006724       0x34 .\CortexM3\ARM_GCC_493\Debug\FreeRTOS_Demo.a(LCD_Character_Display.o)
                0x00006724                LCD_Character_Display_WriteData
 .text.LCD_Character_Display_WriteControl
                0x00006758       0x34 .\CortexM3\ARM_GCC_493\Debug\FreeRTOS_Demo.a(LCD_Character_Display.o)
                0x00006758                LCD_Character_Display_WriteControl
 .text.LCD_Character_Display_IsReady
                0x0000678c      0x178 .\CortexM3\ARM_GCC_493\Debug\FreeRTOS_Demo.a(LCD_Character_Display.o)
                0x0000678c                LCD_Character_Display_IsReady
 .text.LCD_Character_Display_WrDatNib
                0x00006904       0x78 .\CortexM3\ARM_GCC_493\Debug\FreeRTOS_Demo.a(LCD_Character_Display.o)
 .text.LCD_Character_Display_WrCntrlNib
                0x0000697c       0x60 .\CortexM3\ARM_GCC_493\Debug\FreeRTOS_Demo.a(LCD_Character_Display.o)
 .text.LCD_Character_Display_PrintInt8
                0x000069dc       0x38 .\CortexM3\ARM_GCC_493\Debug\FreeRTOS_Demo.a(LCD_Character_Display.o)
                0x000069dc                LCD_Character_Display_PrintInt8
 .text.LCD_Character_Display_PrintInt16
                0x00006a14       0x28 .\CortexM3\ARM_GCC_493\Debug\FreeRTOS_Demo.a(LCD_Character_Display.o)
                0x00006a14                LCD_Character_Display_PrintInt16
 .text.LCD_Character_Display_PrintU32Number
                0x00006a3c       0xa4 .\CortexM3\ARM_GCC_493\Debug\FreeRTOS_Demo.a(LCD_Character_Display.o)
                0x00006a3c                LCD_Character_Display_PrintU32Number
 .text.Pin_LED_2_Write
                0x00006ae0       0x3c .\CortexM3\ARM_GCC_493\Debug\FreeRTOS_Demo.a(Pin_LED_2.o)
                0x00006ae0                Pin_LED_2_Write
 .text.Pin_LED_3_Write
                0x00006b1c       0x34 .\CortexM3\ARM_GCC_493\Debug\FreeRTOS_Demo.a(Pin_LED_3.o)
                0x00006b1c                Pin_LED_3_Write
 .text.High_Frequency_PWM_1_Start
                0x00006b50       0x20 .\CortexM3\ARM_GCC_493\Debug\FreeRTOS_Demo.a(High_Frequency_PWM_1.o)
                0x00006b50                High_Frequency_PWM_1_Start
 .text.High_Frequency_PWM_1_Init
                0x00006b70       0x90 .\CortexM3\ARM_GCC_493\Debug\FreeRTOS_Demo.a(High_Frequency_PWM_1.o)
                0x00006b70                High_Frequency_PWM_1_Init
 .text.High_Frequency_PWM_1_Enable
                0x00006c00       0x20 .\CortexM3\ARM_GCC_493\Debug\FreeRTOS_Demo.a(High_Frequency_PWM_1.o)
                0x00006c00                High_Frequency_PWM_1_Enable
 .text.High_Frequency_PWM_1_WriteCounter
                0x00006c20       0x20 .\CortexM3\ARM_GCC_493\Debug\FreeRTOS_Demo.a(High_Frequency_PWM_1.o)
                0x00006c20                High_Frequency_PWM_1_WriteCounter
 .text.High_Frequency_PWM_1_ClearFIFO
                0x00006c40       0x1c .\CortexM3\ARM_GCC_493\Debug\FreeRTOS_Demo.a(High_Frequency_PWM_1.o)
                0x00006c40                High_Frequency_PWM_1_ClearFIFO
 .text.High_Frequency_PWM_1_WritePeriod
                0x00006c5c       0x20 .\CortexM3\ARM_GCC_493\Debug\FreeRTOS_Demo.a(High_Frequency_PWM_1.o)
                0x00006c5c                High_Frequency_PWM_1_WritePeriod
 .text.High_Frequency_PWM_1_WriteCompare
                0x00006c7c       0x20 .\CortexM3\ARM_GCC_493\Debug\FreeRTOS_Demo.a(High_Frequency_PWM_1.o)
                0x00006c7c                High_Frequency_PWM_1_WriteCompare
 .text.High_Frequency_PWM_1_SetInterruptMode
                0x00006c9c       0x20 .\CortexM3\ARM_GCC_493\Debug\FreeRTOS_Demo.a(High_Frequency_PWM_1.o)
                0x00006c9c                High_Frequency_PWM_1_SetInterruptMode
 .text.High_Frequency_PWM_1_ReadStatusRegister
                0x00006cbc       0x18 .\CortexM3\ARM_GCC_493\Debug\FreeRTOS_Demo.a(High_Frequency_PWM_1.o)
                0x00006cbc                High_Frequency_PWM_1_ReadStatusRegister
 .text.High_Frequency_PWM_1_ReadCapture
                0x00006cd4       0x18 .\CortexM3\ARM_GCC_493\Debug\FreeRTOS_Demo.a(High_Frequency_PWM_1.o)
                0x00006cd4                High_Frequency_PWM_1_ReadCapture
 .text.isr_High_Frequency_2001Hz_StartEx
                0x00006cec       0x24 .\CortexM3\ARM_GCC_493\Debug\FreeRTOS_Demo.a(isr_High_Frequency_2001Hz.o)
                0x00006cec                isr_High_Frequency_2001Hz_StartEx
 .text.isr_High_Frequency_2001Hz_SetVector
                0x00006d10       0x24 .\CortexM3\ARM_GCC_493\Debug\FreeRTOS_Demo.a(isr_High_Frequency_2001Hz.o)
                0x00006d10                isr_High_Frequency_2001Hz_SetVector
 .text.isr_High_Frequency_2001Hz_SetPriority
                0x00006d34       0x24 .\CortexM3\ARM_GCC_493\Debug\FreeRTOS_Demo.a(isr_High_Frequency_2001Hz.o)
                0x00006d34                isr_High_Frequency_2001Hz_SetPriority
 .text.isr_High_Frequency_2001Hz_Enable
                0x00006d58       0x18 .\CortexM3\ARM_GCC_493\Debug\FreeRTOS_Demo.a(isr_High_Frequency_2001Hz.o)
                0x00006d58                isr_High_Frequency_2001Hz_Enable
 .text.isr_High_Frequency_2001Hz_Disable
                0x00006d70       0x18 .\CortexM3\ARM_GCC_493\Debug\FreeRTOS_Demo.a(isr_High_Frequency_2001Hz.o)
                0x00006d70                isr_High_Frequency_2001Hz_Disable
 .text.isr_High_Frequency_2001Hz_ClearPending
                0x00006d88       0x18 .\CortexM3\ARM_GCC_493\Debug\FreeRTOS_Demo.a(isr_High_Frequency_2001Hz.o)
                0x00006d88                isr_High_Frequency_2001Hz_ClearPending
 .text.Timer_20KHz_Init
                0x00006da0       0x9c .\CortexM3\ARM_GCC_493\Debug\FreeRTOS_Demo.a(Timer_20KHz.o)
                0x00006da0                Timer_20KHz_Init
 .text.Timer_20KHz_Enable
                0x00006e3c       0x48 .\CortexM3\ARM_GCC_493\Debug\FreeRTOS_Demo.a(Timer_20KHz.o)
                0x00006e3c                Timer_20KHz_Enable
 .text.Timer_20KHz_Start
                0x00006e84       0x20 .\CortexM3\ARM_GCC_493\Debug\FreeRTOS_Demo.a(Timer_20KHz.o)
                0x00006e84                Timer_20KHz_Start
 .text.Timer_20KHz_SetInterruptMode
                0x00006ea4       0x20 .\CortexM3\ARM_GCC_493\Debug\FreeRTOS_Demo.a(Timer_20KHz.o)
                0x00006ea4                Timer_20KHz_SetInterruptMode
 .text.Timer_20KHz_WritePeriod
                0x00006ec4       0x24 .\CortexM3\ARM_GCC_493\Debug\FreeRTOS_Demo.a(Timer_20KHz.o)
                0x00006ec4                Timer_20KHz_WritePeriod
 .text.Timer_20KHz_WriteCounter
                0x00006ee8       0x20 .\CortexM3\ARM_GCC_493\Debug\FreeRTOS_Demo.a(Timer_20KHz.o)
                0x00006ee8                Timer_20KHz_WriteCounter
 .text.isrTimer_20KHz_TC_StartEx
                0x00006f08       0x24 .\CortexM3\ARM_GCC_493\Debug\FreeRTOS_Demo.a(isrTimer_20KHz_TC.o)
                0x00006f08                isrTimer_20KHz_TC_StartEx
 .text.isrTimer_20KHz_TC_SetVector
                0x00006f2c       0x24 .\CortexM3\ARM_GCC_493\Debug\FreeRTOS_Demo.a(isrTimer_20KHz_TC.o)
                0x00006f2c                isrTimer_20KHz_TC_SetVector
 .text.isrTimer_20KHz_TC_SetPriority
                0x00006f50       0x24 .\CortexM3\ARM_GCC_493\Debug\FreeRTOS_Demo.a(isrTimer_20KHz_TC.o)
                0x00006f50                isrTimer_20KHz_TC_SetPriority
 .text.isrTimer_20KHz_TC_Enable
                0x00006f74       0x18 .\CortexM3\ARM_GCC_493\Debug\FreeRTOS_Demo.a(isrTimer_20KHz_TC.o)
                0x00006f74                isrTimer_20KHz_TC_Enable
 .text.isrTimer_20KHz_TC_Disable
                0x00006f8c       0x18 .\CortexM3\ARM_GCC_493\Debug\FreeRTOS_Demo.a(isrTimer_20KHz_TC.o)
                0x00006f8c                isrTimer_20KHz_TC_Disable
 .text.Timer_48MHz_Init
                0x00006fa4       0x9c .\CortexM3\ARM_GCC_493\Debug\FreeRTOS_Demo.a(Timer_48MHz.o)
                0x00006fa4                Timer_48MHz_Init
 .text.Timer_48MHz_Enable
                0x00007040       0x48 .\CortexM3\ARM_GCC_493\Debug\FreeRTOS_Demo.a(Timer_48MHz.o)
                0x00007040                Timer_48MHz_Enable
 .text.Timer_48MHz_Start
                0x00007088       0x20 .\CortexM3\ARM_GCC_493\Debug\FreeRTOS_Demo.a(Timer_48MHz.o)
                0x00007088                Timer_48MHz_Start
 .text.Timer_48MHz_SetInterruptMode
                0x000070a8       0x20 .\CortexM3\ARM_GCC_493\Debug\FreeRTOS_Demo.a(Timer_48MHz.o)
                0x000070a8                Timer_48MHz_SetInterruptMode
 .text.Timer_48MHz_WritePeriod
                0x000070c8       0x24 .\CortexM3\ARM_GCC_493\Debug\FreeRTOS_Demo.a(Timer_48MHz.o)
                0x000070c8                Timer_48MHz_WritePeriod
 .text.Timer_48MHz_WriteCounter
                0x000070ec       0x20 .\CortexM3\ARM_GCC_493\Debug\FreeRTOS_Demo.a(Timer_48MHz.o)
                0x000070ec                Timer_48MHz_WriteCounter
 .text.Timer_48MHz_ReadCounter
                0x0000710c       0x20 .\CortexM3\ARM_GCC_493\Debug\FreeRTOS_Demo.a(Timer_48MHz.o)
                0x0000710c                Timer_48MHz_ReadCounter
 .text.UART_1_IntClock_Start
                0x0000712c       0x34 .\CortexM3\ARM_GCC_493\Debug\FreeRTOS_Demo.a(UART_1_IntClock.o)
                0x0000712c                UART_1_IntClock_Start
 .text.CyDelay  0x00007160       0x44 .\CortexM3\ARM_GCC_493\Debug\FreeRTOS_Demo.a(CyLib.o)
                0x00007160                CyDelay
 .text.CyDelayUs
                0x000071a4       0x24 .\CortexM3\ARM_GCC_493\Debug\FreeRTOS_Demo.a(CyLib.o)
                0x000071a4                CyDelayUs
 .text          0x000071c8       0x20 .\CortexM3\ARM_GCC_493\Debug\FreeRTOS_Demo.a(CyBootAsmGnu.o)
                0x000071c8                CyDelayCycles
                0x000071d8                CyEnterCriticalSection
                0x000071e0                CyExitCriticalSection
 .text          0x000071e8      0x370 c:/program files (x86)/cypress/psoc creator/4.0/psoc creator/import/gnu/arm/4.9.3/bin/../lib/gcc/arm-none-eabi/4.9.3/armv7-m\libgcc.a(_arm_addsubdf3.o)
                0x000071e8                __aeabi_drsub
                0x000071f0                __aeabi_dsub
                0x000071f0                __subdf3
                0x000071f4                __aeabi_dadd
                0x000071f4                __adddf3
                0x0000746c                __floatunsidf
                0x0000746c                __aeabi_ui2d
                0x0000748c                __floatsidf
                0x0000748c                __aeabi_i2d
                0x000074b0                __aeabi_f2d
                0x000074b0                __extendsfdf2
                0x000074ec                __floatundidf
                0x000074ec                __aeabi_ul2d
                0x000074fc                __floatdidf
                0x000074fc                __aeabi_l2d
 .text          0x00007558      0x424 c:/program files (x86)/cypress/psoc creator/4.0/psoc creator/import/gnu/arm/4.9.3/bin/../lib/gcc/arm-none-eabi/4.9.3/armv7-m\libgcc.a(_arm_muldivdf3.o)
                0x00007558                __aeabi_dmul
                0x00007558                __muldf3
                0x000077ac                __divdf3
                0x000077ac                __aeabi_ddiv
 .text          0x0000797c      0x110 c:/program files (x86)/cypress/psoc creator/4.0/psoc creator/import/gnu/arm/4.9.3/bin/../lib/gcc/arm-none-eabi/4.9.3/armv7-m\libgcc.a(_arm_cmpdf2.o)
                0x0000797c                __gtdf2
                0x0000797c                __gedf2
                0x00007984                __ltdf2
                0x00007984                __ledf2
                0x0000798c                __nedf2
                0x0000798c                __eqdf2
                0x0000798c                __cmpdf2
                0x00007a08                __aeabi_cdrcmple
                0x00007a18                __aeabi_cdcmpeq
                0x00007a18                __aeabi_cdcmple
                0x00007a28                __aeabi_dcmpeq
                0x00007a3c                __aeabi_dcmplt
                0x00007a50                __aeabi_dcmple
                0x00007a64                __aeabi_dcmpge
                0x00007a78                __aeabi_dcmpgt
 .text.__errno  0x00007a8c        0xc c:/program files (x86)/cypress/psoc creator/4.0/psoc creator/import/gnu/arm/4.9.3/bin/../lib/gcc/arm-none-eabi/4.9.3/../../../../arm-none-eabi/lib/armv7-m\libg_nano.a(lib_a-errno.o)
                0x00007a8c                __errno
 .text.__libc_init_array
                0x00007a98       0x4c c:/program files (x86)/cypress/psoc creator/4.0/psoc creator/import/gnu/arm/4.9.3/bin/../lib/gcc/arm-none-eabi/4.9.3/../../../../arm-none-eabi/lib/armv7-m\libg_nano.a(lib_a-init.o)
                0x00007a98                __libc_init_array
 .text.memcpy   0x00007ae4       0x16 c:/program files (x86)/cypress/psoc creator/4.0/psoc creator/import/gnu/arm/4.9.3/bin/../lib/gcc/arm-none-eabi/4.9.3/../../../../arm-none-eabi/lib/armv7-m\libg_nano.a(lib_a-memcpy.o)
                0x00007ae4                memcpy
 .text.memset   0x00007afa       0x10 c:/program files (x86)/cypress/psoc creator/4.0/psoc creator/import/gnu/arm/4.9.3/bin/../lib/gcc/arm-none-eabi/4.9.3/../../../../arm-none-eabi/lib/armv7-m\libg_nano.a(lib_a-memset.o)
                0x00007afa                memset
 *(.plt)
 *(.gnu.warning)
 *(.glue_7t)
 .glue_7t       0x00000000        0x0 linker stubs
 *(.glue_7)
 .glue_7        0x00000000        0x0 linker stubs
 *(.vfp11_veneer)
 .vfp11_veneer  0x00000000        0x0 linker stubs
 *(.bootloader)
 *(.ARM.extab* .gnu.linkonce.armextab.*)
 *(.gcc_except_table)

.v4_bx          0x00007b0c        0x0
 .v4_bx         0x00000000        0x0 linker stubs

.iplt           0x00007b0c        0x0
 .iplt          0x00000000        0x0 c:/program files (x86)/cypress/psoc creator/4.0/psoc creator/import/gnu/arm/4.9.3/bin/../lib/gcc/arm-none-eabi/4.9.3/armv7-m/crtbegin.o

.eh_frame_hdr
 *(.eh_frame_hdr)

.eh_frame       0x00007b0c        0x4
 *(.eh_frame)
 .eh_frame      0x00007b0c        0x0 c:/program files (x86)/cypress/psoc creator/4.0/psoc creator/import/gnu/arm/4.9.3/bin/../lib/gcc/arm-none-eabi/4.9.3/armv7-m/crtbegin.o
 .eh_frame      0x00007b0c        0x4 c:/program files (x86)/cypress/psoc creator/4.0/psoc creator/import/gnu/arm/4.9.3/bin/../lib/gcc/arm-none-eabi/4.9.3/armv7-m/crtend.o
                0x00007b10                PROVIDE (__exidx_start, .)

.ARM.exidx
 *(.ARM.exidx* .gnu.linkonce.armexidx.*)
                0x00007b10                __exidx_end = .

.rodata         0x00007b10      0x338
 *(.rodata .rodata.* .gnu.linkonce.r.*)
 .rodata        0x00007b10       0x30 .\CortexM3\ARM_GCC_493\Debug\BlockQ.o
 .rodata        0x00007b40       0x24 .\CortexM3\ARM_GCC_493\Debug\blocktim.o
 .rodata        0x00007b64       0x10 .\CortexM3\ARM_GCC_493\Debug\comtest.o
 .rodata        0x00007b74       0x30 .\CortexM3\ARM_GCC_493\Debug\countsem.o
 .rodata        0x00007ba4       0x1c .\CortexM3\ARM_GCC_493\Debug\death.o
 .rodata        0x00007bc0       0x40 .\CortexM3\ARM_GCC_493\Debug\dynamic.o
 .rodata        0x00007c00        0x8 .\CortexM3\ARM_GCC_493\Debug\flash.o
 .rodata        0x00007c08       0x20 .\CortexM3\ARM_GCC_493\Debug\flop.o
 .rodata        0x00007c28       0x40 .\CortexM3\ARM_GCC_493\Debug\GenQTest.o
 .rodata        0x00007c68        0x8 .\CortexM3\ARM_GCC_493\Debug\integer.o
 .rodata        0x00007c70       0x50 .\CortexM3\ARM_GCC_493\Debug\IntQueue.o
 .rodata        0x00007cc0       0x20 .\CortexM3\ARM_GCC_493\Debug\PollQ.o
 .rodata        0x00007ce0       0x34 .\CortexM3\ARM_GCC_493\Debug\QPeek.o
 .rodata        0x00007d14       0x40 .\CortexM3\ARM_GCC_493\Debug\semtest.o
 .rodata        0x00007d54        0x8 .\CortexM3\ARM_GCC_493\Debug\tasks.o
 .rodata        0x00007d5c       0x5c .\CortexM3\ARM_GCC_493\Debug\main.o
 .rodata        0x00007db8       0x48 .\CortexM3\ARM_GCC_493\Debug\FreeRTOS_Demo.a(cyfitter_cfg.o)
 .rodata        0x00007e00       0x10 .\CortexM3\ARM_GCC_493\Debug\FreeRTOS_Demo.a(LCD_Character_Display.o)
 .rodata.str1.1
                0x00007e10        0x2 c:/program files (x86)/cypress/psoc creator/4.0/psoc creator/import/gnu/arm/4.9.3/bin/../lib/gcc/arm-none-eabi/4.9.3/../../../../arm-none-eabi/lib/armv7-m\libg_nano.a(lib_a-impure.o)
                0x00007e14                . = ALIGN (0x4)
 *fill*         0x00007e12        0x2 
 *(.init)
 .init          0x00007e14        0x4 c:/program files (x86)/cypress/psoc creator/4.0/psoc creator/import/gnu/arm/4.9.3/bin/../lib/gcc/arm-none-eabi/4.9.3/armv7-m/crti.o
                0x00007e14                _init
 .init          0x00007e18        0x8 c:/program files (x86)/cypress/psoc creator/4.0/psoc creator/import/gnu/arm/4.9.3/bin/../lib/gcc/arm-none-eabi/4.9.3/armv7-m/crtn.o
                0x00007e20                . = ALIGN (0x4)
                0x00007e20                __preinit_array_start = .
 *(.preinit_array)
                0x00007e20                __preinit_array_end = .
                0x00007e20                . = ALIGN (0x4)
                0x00007e20                __init_array_start = .
 *(SORT(.init_array.*))
 *(.init_array)
 .init_array    0x00007e20        0x4 c:/program files (x86)/cypress/psoc creator/4.0/psoc creator/import/gnu/arm/4.9.3/bin/../lib/gcc/arm-none-eabi/4.9.3/armv7-m/crtbegin.o
 .init_array    0x00007e24        0x4 .\CortexM3\ARM_GCC_493\Debug\Cm3Start.o
                0x00007e28                __init_array_end = .
                0x00007e28                . = ALIGN (0x4)
 *(.fini)
 .fini          0x00007e28        0x4 c:/program files (x86)/cypress/psoc creator/4.0/psoc creator/import/gnu/arm/4.9.3/bin/../lib/gcc/arm-none-eabi/4.9.3/armv7-m/crti.o
                0x00007e28                _fini
 .fini          0x00007e2c        0x8 c:/program files (x86)/cypress/psoc creator/4.0/psoc creator/import/gnu/arm/4.9.3/bin/../lib/gcc/arm-none-eabi/4.9.3/armv7-m/crtn.o
                0x00007e34                . = ALIGN (0x4)
                0x00007e34                __fini_array_start = .
 *(.fini_array)
 .fini_array    0x00007e34        0x4 c:/program files (x86)/cypress/psoc creator/4.0/psoc creator/import/gnu/arm/4.9.3/bin/../lib/gcc/arm-none-eabi/4.9.3/armv7-m/crtbegin.o
 *(SORT(.fini_array.*))
                0x00007e38                __fini_array_end = .
                0x00007e38                . = ALIGN (0x4)
 *crtbegin.o(.ctors)
 *(EXCLUDE_FILE(*crtend.o) .ctors)
 *(SORT(.ctors.*))
 *crtend.o(.ctors)
                0x00007e38                . = ALIGN (0x4)
 *crtbegin.o(.dtors)
 *(EXCLUDE_FILE(*crtend.o) .dtors)
 *(SORT(.dtors.*))
 *crtend.o(.dtors)
                0x00007e38                . = ALIGN (0x4)
                0x00007e38                __cy_regions = .
                0x00007e38        0x4 LONG 0x7e48 __cy_region_init_ram
                0x00007e3c        0x4 LONG 0x1fff8108 __cy_region_start_data
                0x00007e40        0x4 LONG 0x88 __cy_region_init_size_ram
                0x00007e44        0x4 LONG 0x8498 __cy_region_zero_size_ram
                0x00007e48                __cy_regions_end = .
                0x00007e48                . = ALIGN (0x8)
                0x00007e48                _etext = .

.cy_checksum_exclude
                0x00007e48        0x0
 *(.cy_checksum_exclude)

.ramvectors     0x1fff8000      0x100
                0x1fff8000                __cy_region_start_ram = .
 *(.ramvectors)
 .ramvectors    0x1fff8000      0x100 .\CortexM3\ARM_GCC_493\Debug\Cm3Start.o
                0x1fff8000                CyRamVectors

.noinit         0x1fff8100        0x5
 *(.noinit)
 .noinit        0x1fff8100        0x4 .\CortexM3\ARM_GCC_493\Debug\Cm3Start.o
 .noinit        0x1fff8104        0x1 .\CortexM3\ARM_GCC_493\Debug\FreeRTOS_Demo.a(CyLib.o)
                0x1fff8104                CyResetStatus

.data           0x1fff8108       0x88 load address 0x00007e48
                0x1fff8108                __cy_region_start_data = .
 *(.jcr)
 .jcr           0x1fff8108        0x0 c:/program files (x86)/cypress/psoc creator/4.0/psoc creator/import/gnu/arm/4.9.3/bin/../lib/gcc/arm-none-eabi/4.9.3/armv7-m/crtbegin.o
 .jcr           0x1fff8108        0x4 c:/program files (x86)/cypress/psoc creator/4.0/psoc creator/import/gnu/arm/4.9.3/bin/../lib/gcc/arm-none-eabi/4.9.3/armv7-m/crtend.o
 *(.got.plt)
 *(.got)
 *(.shdata)
 *(.data .data.* .gnu.linkonce.d.*)
 .data          0x1fff810c        0x2 .\CortexM3\ARM_GCC_493\Debug\death.o
 *fill*         0x1fff810e        0x2 
 .data          0x1fff8110        0x4 .\CortexM3\ARM_GCC_493\Debug\IntQueue.o
 .data          0x1fff8114        0x4 .\CortexM3\ARM_GCC_493\Debug\heap_2.o
 .data          0x1fff8118        0x4 .\CortexM3\ARM_GCC_493\Debug\port.o
 .data          0x1fff811c       0x10 .\CortexM3\ARM_GCC_493\Debug\FreeRTOS_Demo.a(CyLib.o)
                0x1fff811c                cydelay_freq_hz
                0x1fff8120                cydelay_freq_khz
                0x1fff8124                cydelay_freq_mhz
                0x1fff8128                cydelay_32k_ms
 .data.impure_data
                0x1fff812c       0x60 c:/program files (x86)/cypress/psoc creator/4.0/psoc creator/import/gnu/arm/4.9.3/bin/../lib/gcc/arm-none-eabi/4.9.3/../../../../arm-none-eabi/lib/armv7-m\libg_nano.a(lib_a-impure.o)
 .data._impure_ptr
                0x1fff818c        0x4 c:/program files (x86)/cypress/psoc creator/4.0/psoc creator/import/gnu/arm/4.9.3/bin/../lib/gcc/arm-none-eabi/4.9.3/../../../../arm-none-eabi/lib/armv7-m\libg_nano.a(lib_a-impure.o)
                0x1fff818c                _impure_ptr
                0x1fff8190                . = ALIGN (0x8)
 *(.ram)
                0x1fff8190                _edata = .

.igot.plt       0x1fff8190        0x0 load address 0x00007ed0
 .igot.plt      0x00000000        0x0 c:/program files (x86)/cypress/psoc creator/4.0/psoc creator/import/gnu/arm/4.9.3/bin/../lib/gcc/arm-none-eabi/4.9.3/armv7-m/crtbegin.o

.bss            0x1fff8190     0x8498 load address 0x00007ed0
                0x1fff8190                PROVIDE (__bss_start__, .)
 *(.shbss)
 *(.bss .bss.* .gnu.linkonce.b.*)
 .bss           0x1fff8190       0x1c c:/program files (x86)/cypress/psoc creator/4.0/psoc creator/import/gnu/arm/4.9.3/bin/../lib/gcc/arm-none-eabi/4.9.3/armv7-m/crtbegin.o
 .bss           0x1fff81ac       0x20 .\CortexM3\ARM_GCC_493\Debug\BlockQ.o
 .bss           0x1fff81cc       0x20 .\CortexM3\ARM_GCC_493\Debug\blocktim.o
 .bss           0x1fff81ec        0xc .\CortexM3\ARM_GCC_493\Debug\comtest.o
 .bss           0x1fff81f8       0x24 .\CortexM3\ARM_GCC_493\Debug\countsem.o
 .bss           0x1fff821c        0xc .\CortexM3\ARM_GCC_493\Debug\death.o
 .bss           0x1fff8228       0x28 .\CortexM3\ARM_GCC_493\Debug\dynamic.o
 .bss           0x1fff8250        0x4 .\CortexM3\ARM_GCC_493\Debug\flash.o
 .bss           0x1fff8254        0x8 .\CortexM3\ARM_GCC_493\Debug\flop.o
 .bss           0x1fff825c       0x20 .\CortexM3\ARM_GCC_493\Debug\GenQTest.o
 .bss           0x1fff827c        0x4 .\CortexM3\ARM_GCC_493\Debug\integer.o
 .bss           0x1fff8280      0x1d0 .\CortexM3\ARM_GCC_493\Debug\IntQueue.o
 .bss           0x1fff8450        0xc .\CortexM3\ARM_GCC_493\Debug\PollQ.o
 .bss           0x1fff845c        0xc .\CortexM3\ARM_GCC_493\Debug\QPeek.o
 .bss           0x1fff8468       0x14 .\CortexM3\ARM_GCC_493\Debug\semtest.o
 .bss           0x1fff847c     0x8014 .\CortexM3\ARM_GCC_493\Debug\heap_2.o
 .bss           0x20000490      0x104 .\CortexM3\ARM_GCC_493\Debug\tasks.o
                0x20000490                pxCurrentTCB
 .bss           0x20000594        0x4 .\CortexM3\ARM_GCC_493\Debug\ParTest.o
 .bss           0x20000598        0x8 .\CortexM3\ARM_GCC_493\Debug\Serial.o
 .bss           0x200005a0        0x8 .\CortexM3\ARM_GCC_493\Debug\TimerTest.o
                0x200005a0                usMaxJitter
 .bss           0x200005a8        0x2 .\CortexM3\ARM_GCC_493\Debug\FreeRTOS_Demo.a(UART_1.o)
                0x200005a8                UART_1_initVar
 .bss           0x200005aa        0x1 .\CortexM3\ARM_GCC_493\Debug\FreeRTOS_Demo.a(High_Frequency_PWM_0.o)
                0x200005aa                High_Frequency_PWM_0_initVar
 .bss           0x200005ab        0x2 .\CortexM3\ARM_GCC_493\Debug\FreeRTOS_Demo.a(LCD_Character_Display.o)
                0x200005ab                LCD_Character_Display_enableState
                0x200005ac                LCD_Character_Display_initVar
 .bss           0x200005ad        0x1 .\CortexM3\ARM_GCC_493\Debug\FreeRTOS_Demo.a(High_Frequency_PWM_1.o)
                0x200005ad                High_Frequency_PWM_1_initVar
 .bss           0x200005ae        0x1 .\CortexM3\ARM_GCC_493\Debug\FreeRTOS_Demo.a(Timer_20KHz.o)
                0x200005ae                Timer_20KHz_initVar
 .bss           0x200005af        0x1 .\CortexM3\ARM_GCC_493\Debug\FreeRTOS_Demo.a(Timer_48MHz.o)
                0x200005af                Timer_48MHz_initVar
 *(COMMON)
 COMMON         0x200005b0        0x4 .\CortexM3\ARM_GCC_493\Debug\death.o
                0x200005b0                xCreatedTask
 COMMON         0x200005b4        0x4 .\CortexM3\ARM_GCC_493\Debug\dynamic.o
                0x200005b4                xSuspendedTestQueue
 COMMON         0x200005b8       0x10 .\CortexM3\ARM_GCC_493\Debug\IntQueue.o
                0x200005b8                xHighPriorityNormallyEmptyTask2
                0x200005bc                xHighPriorityNormallyFullTask1
                0x200005c0                xHighPriorityNormallyEmptyTask1
                0x200005c4                xHighPriorityNormallyFullTask2
 COMMON         0x200005c8        0xc .\CortexM3\ARM_GCC_493\Debug\QPeek.o
                0x200005c8                xHighPriorityTask
                0x200005cc                xMediumPriorityTask
                0x200005d0                xHighestPriorityTask
 COMMON         0x200005d4       0x50 .\CortexM3\ARM_GCC_493\Debug\queue.o
                0x200005d4                xQueueRegistry
                0x20000628                . = ALIGN (0x8)
 *fill*         0x20000624        0x4 
 *(.ram.b)
                0x20000628                _end = .
                0x20000628                __end = .
                0x20000628                PROVIDE (end, .)
                0x20000628                PROVIDE (__bss_end__, .)
                0x00007e48                __cy_region_init_ram = LOADADDR (.data)
                0x00000088                __cy_region_init_size_ram = (_edata - ADDR (.data))
                0x00008498                __cy_region_zero_size_ram = (_end - _edata)

.heap           0x20000628        0x0 load address 0x00007ed0
                0x20000628                . = _end
                0x20000628                . = (. + 0x0)
                0x20000628                __cy_heap_limit = .

.stack          0x20007c00      0x400
                0x20007c00                __cy_stack_limit = .
                0x20008000                . = (. + 0x400)
 *fill*         0x20007c00      0x400 
                0x00000001                ASSERT ((__cy_stack_limit >= __cy_heap_limit), region RAM overflowed with stack)
                0x00000000                cy_checksum_exclude_size = (CY_APPL_LOADABLE == 0x1)?SIZEOF (.cy_checksum_exclude):0x0
                0x00000001                ASSERT ((cy_checksum_exclude_size <= CY_CHECKSUM_EXCLUDE_SIZE), CY_BOOT: Section .cy_checksum_exclude size exceedes specified limit.)

.cyloadermeta
 *(.cyloadermeta)

.cyloadablemeta
 *(.cyloadablemeta)

.cyconfigecc    0x80000000      0x53c
 *(.cyconfigecc)
 .cyconfigecc   0x80000000      0x53c .\CortexM3\ARM_GCC_493\Debug\cymetadata.o
                0x80000000                cy_meta_configecc

.cycustnvl      0x90000000        0x4
 *(.cycustnvl)
 .cycustnvl     0x90000000        0x4 .\CortexM3\ARM_GCC_493\Debug\cymetadata.o
                0x90000000                cy_meta_custnvl

.cywolatch      0x90100000        0x4
 *(.cywolatch)
 .cywolatch     0x90100000        0x4 .\CortexM3\ARM_GCC_493\Debug\cymetadata.o
                0x90100000                cy_meta_wonvl

.cyeeprom       0x90200000        0x0
 *(.cyeeprom)
                0x00000001                ASSERT ((. <= ((0x90200000 + ee_offset) + ee_size)), .cyeeprom data will not fit in EEPROM)

.cyflashprotect
                0x90400000      0x100
 *(.cyflashprotect)
 .cyflashprotect
                0x90400000      0x100 .\CortexM3\ARM_GCC_493\Debug\cymetadata.o
                0x90400000                cy_meta_flashprotect

.cymeta         0x90500000        0xc
 *(.cymeta)
 .cymeta        0x90500000        0xc .\CortexM3\ARM_GCC_493\Debug\cymetadata.o
                0x90500000                cy_metadata

.rel.dyn        0x00007ed0        0x0 load address 0x9050000c
 .rel.iplt      0x00000000        0x0 c:/program files (x86)/cypress/psoc creator/4.0/psoc creator/import/gnu/arm/4.9.3/bin/../lib/gcc/arm-none-eabi/4.9.3/armv7-m/crtbegin.o

.stab
 *(.stab)

.stabstr
 *(.stabstr)

.debug
 *(.debug)

.line
 *(.line)

.debug_srcinfo
 *(.debug_srcinfo)

.debug_sfnames
 *(.debug_sfnames)

.debug_aranges  0x00000000     0x14f8
 *(.debug_aranges)
 .debug_aranges
                0x00000000       0x38 .\CortexM3\ARM_GCC_493\Debug\BlockQ.o
 .debug_aranges
                0x00000038       0x40 .\CortexM3\ARM_GCC_493\Debug\blocktim.o
 .debug_aranges
                0x00000078       0x38 .\CortexM3\ARM_GCC_493\Debug\comtest.o
 .debug_aranges
                0x000000b0       0x40 .\CortexM3\ARM_GCC_493\Debug\countsem.o
 .debug_aranges
                0x000000f0       0x38 .\CortexM3\ARM_GCC_493\Debug\death.o
 .debug_aranges
                0x00000128       0x50 .\CortexM3\ARM_GCC_493\Debug\dynamic.o
 .debug_aranges
                0x00000178       0x28 .\CortexM3\ARM_GCC_493\Debug\flash.o
 .debug_aranges
                0x000001a0       0x48 .\CortexM3\ARM_GCC_493\Debug\flop.o
 .debug_aranges
                0x000001e8       0x58 .\CortexM3\ARM_GCC_493\Debug\GenQTest.o
 .debug_aranges
                0x00000240       0x30 .\CortexM3\ARM_GCC_493\Debug\integer.o
 .debug_aranges
                0x00000270       0x78 .\CortexM3\ARM_GCC_493\Debug\IntQueue.o
 .debug_aranges
                0x000002e8       0x38 .\CortexM3\ARM_GCC_493\Debug\PollQ.o
 .debug_aranges
                0x00000320       0x48 .\CortexM3\ARM_GCC_493\Debug\QPeek.o
 .debug_aranges
                0x00000368       0x30 .\CortexM3\ARM_GCC_493\Debug\semtest.o
 .debug_aranges
                0x00000398       0x18 .\CortexM3\ARM_GCC_493\Debug\croutine.o
 .debug_aranges
                0x000003b0       0x40 .\CortexM3\ARM_GCC_493\Debug\heap_2.o
 .debug_aranges
                0x000003f0       0x40 .\CortexM3\ARM_GCC_493\Debug\list.o
 .debug_aranges
                0x00000430       0x70 .\CortexM3\ARM_GCC_493\Debug\port.o
 .debug_aranges
                0x000004a0       0xf8 .\CortexM3\ARM_GCC_493\Debug\queue.o
 .debug_aranges
                0x00000598      0x1a8 .\CortexM3\ARM_GCC_493\Debug\tasks.o
 .debug_aranges
                0x00000740       0x30 .\CortexM3\ARM_GCC_493\Debug\IntQueueTimer.o
 .debug_aranges
                0x00000770       0x40 .\CortexM3\ARM_GCC_493\Debug\main.o
 .debug_aranges
                0x000007b0       0x30 .\CortexM3\ARM_GCC_493\Debug\ParTest.o
 .debug_aranges
                0x000007e0       0x48 .\CortexM3\ARM_GCC_493\Debug\Serial.o
 .debug_aranges
                0x00000828       0x28 .\CortexM3\ARM_GCC_493\Debug\TimerTest.o
 .debug_aranges
                0x00000850       0x18 .\CortexM3\ARM_GCC_493\Debug\cymetadata.o
 .debug_aranges
                0x00000868       0x48 .\CortexM3\ARM_GCC_493\Debug\Cm3Start.o
 .debug_aranges
                0x000008b0       0x60 .\CortexM3\ARM_GCC_493\Debug\FreeRTOS_Demo.a(cyfitter_cfg.o)
 .debug_aranges
                0x00000910       0xf0 .\CortexM3\ARM_GCC_493\Debug\FreeRTOS_Demo.a(UART_1.o)
 .debug_aranges
                0x00000a00       0x38 .\CortexM3\ARM_GCC_493\Debug\FreeRTOS_Demo.a(Pin_LED_0.o)
 .debug_aranges
                0x00000a38       0x38 .\CortexM3\ARM_GCC_493\Debug\FreeRTOS_Demo.a(Pin_LED_1.o)
 .debug_aranges
                0x00000a70       0x80 .\CortexM3\ARM_GCC_493\Debug\FreeRTOS_Demo.a(isr_UART1_TX_BYTE_COMPLETE.o)
 .debug_aranges
                0x00000af0       0x80 .\CortexM3\ARM_GCC_493\Debug\FreeRTOS_Demo.a(isr_UART1_RX_BYTE_RECEIVED.o)
 .debug_aranges
                0x00000b70       0x98 .\CortexM3\ARM_GCC_493\Debug\FreeRTOS_Demo.a(High_Frequency_PWM_0.o)
 .debug_aranges
                0x00000c08       0x80 .\CortexM3\ARM_GCC_493\Debug\FreeRTOS_Demo.a(isr_High_Frequency_2000Hz.o)
 .debug_aranges
                0x00000c88       0x98 .\CortexM3\ARM_GCC_493\Debug\FreeRTOS_Demo.a(LCD_Character_Display.o)
 .debug_aranges
                0x00000d20       0x38 .\CortexM3\ARM_GCC_493\Debug\FreeRTOS_Demo.a(Pin_LED_2.o)
 .debug_aranges
                0x00000d58       0x38 .\CortexM3\ARM_GCC_493\Debug\FreeRTOS_Demo.a(Pin_LED_3.o)
 .debug_aranges
                0x00000d90       0x98 .\CortexM3\ARM_GCC_493\Debug\FreeRTOS_Demo.a(High_Frequency_PWM_1.o)
 .debug_aranges
                0x00000e28       0x80 .\CortexM3\ARM_GCC_493\Debug\FreeRTOS_Demo.a(isr_High_Frequency_2001Hz.o)
 .debug_aranges
                0x00000ea8       0x88 .\CortexM3\ARM_GCC_493\Debug\FreeRTOS_Demo.a(Timer_20KHz.o)
 .debug_aranges
                0x00000f30       0x80 .\CortexM3\ARM_GCC_493\Debug\FreeRTOS_Demo.a(isrTimer_20KHz_TC.o)
 .debug_aranges
                0x00000fb0       0x88 .\CortexM3\ARM_GCC_493\Debug\FreeRTOS_Demo.a(Timer_48MHz.o)
 .debug_aranges
                0x00001038       0x70 .\CortexM3\ARM_GCC_493\Debug\FreeRTOS_Demo.a(UART_1_IntClock.o)
 .debug_aranges
                0x000010a8      0x2a0 .\CortexM3\ARM_GCC_493\Debug\FreeRTOS_Demo.a(CyLib.o)
 .debug_aranges
                0x00001348       0x98 .\CortexM3\ARM_GCC_493\Debug\FreeRTOS_Demo.a(cyPm.o)
 .debug_aranges
                0x000013e0       0x20 .\CortexM3\ARM_GCC_493\Debug\FreeRTOS_Demo.a(CyBootAsmGnu.o)
 .debug_aranges
                0x00001400       0x80 .\CortexM3\ARM_GCC_493\Debug\FreeRTOS_Demo.a(CyFlash.o)
 .debug_aranges
                0x00001480       0x78 .\CortexM3\ARM_GCC_493\Debug\FreeRTOS_Demo.a(CySpc.o)

.debug_pubnames
 *(.debug_pubnames)

.debug_info     0x00000000     0xae5d
 *(.debug_info .gnu.linkonce.wi.*)
 .debug_info    0x00000000      0x36d .\CortexM3\ARM_GCC_493\Debug\BlockQ.o
 .debug_info    0x0000036d      0x332 .\CortexM3\ARM_GCC_493\Debug\blocktim.o
 .debug_info    0x0000069f      0x23c .\CortexM3\ARM_GCC_493\Debug\comtest.o
 .debug_info    0x000008db      0x294 .\CortexM3\ARM_GCC_493\Debug\countsem.o
 .debug_info    0x00000b6f      0x26e .\CortexM3\ARM_GCC_493\Debug\death.o
 .debug_info    0x00000ddd      0x36d .\CortexM3\ARM_GCC_493\Debug\dynamic.o
 .debug_info    0x0000114a      0x189 .\CortexM3\ARM_GCC_493\Debug\flash.o
 .debug_info    0x000012d3      0x3c9 .\CortexM3\ARM_GCC_493\Debug\flop.o
 .debug_info    0x0000169c      0x365 .\CortexM3\ARM_GCC_493\Debug\GenQTest.o
 .debug_info    0x00001a01      0x1be .\CortexM3\ARM_GCC_493\Debug\integer.o
 .debug_info    0x00001bbf      0x925 .\CortexM3\ARM_GCC_493\Debug\IntQueue.o
 .debug_info    0x000024e4      0x24a .\CortexM3\ARM_GCC_493\Debug\PollQ.o
 .debug_info    0x0000272e      0x2d0 .\CortexM3\ARM_GCC_493\Debug\QPeek.o
 .debug_info    0x000029fe      0x2be .\CortexM3\ARM_GCC_493\Debug\semtest.o
 .debug_info    0x00002cbc       0xa7 .\CortexM3\ARM_GCC_493\Debug\croutine.o
 .debug_info    0x00002d63      0x326 .\CortexM3\ARM_GCC_493\Debug\heap_2.o
 .debug_info    0x00003089      0x2d6 .\CortexM3\ARM_GCC_493\Debug\list.o
 .debug_info    0x0000335f      0x304 .\CortexM3\ARM_GCC_493\Debug\port.o
 .debug_info    0x00003663      0xec6 .\CortexM3\ARM_GCC_493\Debug\queue.o
 .debug_info    0x00004529     0x15e0 .\CortexM3\ARM_GCC_493\Debug\tasks.o
 .debug_info    0x00005b09      0x116 .\CortexM3\ARM_GCC_493\Debug\IntQueueTimer.o
 .debug_info    0x00005c1f      0x291 .\CortexM3\ARM_GCC_493\Debug\main.o
 .debug_info    0x00005eb0      0x14f .\CortexM3\ARM_GCC_493\Debug\ParTest.o
 .debug_info    0x00005fff      0x3e3 .\CortexM3\ARM_GCC_493\Debug\Serial.o
 .debug_info    0x000063e2      0x13b .\CortexM3\ARM_GCC_493\Debug\TimerTest.o
 .debug_info    0x0000651d      0x13c .\CortexM3\ARM_GCC_493\Debug\cymetadata.o
 .debug_info    0x00006659      0x319 .\CortexM3\ARM_GCC_493\Debug\Cm3Start.o
 .debug_info    0x00006972      0x44b .\CortexM3\ARM_GCC_493\Debug\FreeRTOS_Demo.a(cyfitter_cfg.o)
 .debug_info    0x00006dbd      0x503 .\CortexM3\ARM_GCC_493\Debug\FreeRTOS_Demo.a(UART_1.o)
 .debug_info    0x000072c0      0x11e .\CortexM3\ARM_GCC_493\Debug\FreeRTOS_Demo.a(Pin_LED_0.o)
 .debug_info    0x000073de      0x11e .\CortexM3\ARM_GCC_493\Debug\FreeRTOS_Demo.a(Pin_LED_1.o)
 .debug_info    0x000074fc      0x23a .\CortexM3\ARM_GCC_493\Debug\FreeRTOS_Demo.a(isr_UART1_TX_BYTE_COMPLETE.o)
 .debug_info    0x00007736      0x23a .\CortexM3\ARM_GCC_493\Debug\FreeRTOS_Demo.a(isr_UART1_RX_BYTE_RECEIVED.o)
 .debug_info    0x00007970      0x2a0 .\CortexM3\ARM_GCC_493\Debug\FreeRTOS_Demo.a(High_Frequency_PWM_0.o)
 .debug_info    0x00007c10      0x23a .\CortexM3\ARM_GCC_493\Debug\FreeRTOS_Demo.a(isr_High_Frequency_2000Hz.o)
 .debug_info    0x00007e4a      0x3c8 .\CortexM3\ARM_GCC_493\Debug\FreeRTOS_Demo.a(LCD_Character_Display.o)
 .debug_info    0x00008212      0x11e .\CortexM3\ARM_GCC_493\Debug\FreeRTOS_Demo.a(Pin_LED_2.o)
 .debug_info    0x00008330      0x11e .\CortexM3\ARM_GCC_493\Debug\FreeRTOS_Demo.a(Pin_LED_3.o)
 .debug_info    0x0000844e      0x2a0 .\CortexM3\ARM_GCC_493\Debug\FreeRTOS_Demo.a(High_Frequency_PWM_1.o)
 .debug_info    0x000086ee      0x23a .\CortexM3\ARM_GCC_493\Debug\FreeRTOS_Demo.a(isr_High_Frequency_2001Hz.o)
 .debug_info    0x00008928      0x23e .\CortexM3\ARM_GCC_493\Debug\FreeRTOS_Demo.a(Timer_20KHz.o)
 .debug_info    0x00008b66      0x23a .\CortexM3\ARM_GCC_493\Debug\FreeRTOS_Demo.a(isrTimer_20KHz_TC.o)
 .debug_info    0x00008da0      0x23e .\CortexM3\ARM_GCC_493\Debug\FreeRTOS_Demo.a(Timer_48MHz.o)
 .debug_info    0x00008fde      0x25d .\CortexM3\ARM_GCC_493\Debug\FreeRTOS_Demo.a(UART_1_IntClock.o)
 .debug_info    0x0000923b      0xe4a .\CortexM3\ARM_GCC_493\Debug\FreeRTOS_Demo.a(CyLib.o)
 .debug_info    0x0000a085      0x561 .\CortexM3\ARM_GCC_493\Debug\FreeRTOS_Demo.a(cyPm.o)
 .debug_info    0x0000a5e6       0xba .\CortexM3\ARM_GCC_493\Debug\FreeRTOS_Demo.a(CyBootAsmGnu.o)
 .debug_info    0x0000a6a0      0x36a .\CortexM3\ARM_GCC_493\Debug\FreeRTOS_Demo.a(CyFlash.o)
 .debug_info    0x0000aa0a      0x453 .\CortexM3\ARM_GCC_493\Debug\FreeRTOS_Demo.a(CySpc.o)

.debug_abbrev   0x00000000     0x379a
 *(.debug_abbrev)
 .debug_abbrev  0x00000000      0x111 .\CortexM3\ARM_GCC_493\Debug\BlockQ.o
 .debug_abbrev  0x00000111      0x10c .\CortexM3\ARM_GCC_493\Debug\blocktim.o
 .debug_abbrev  0x0000021d       0xd1 .\CortexM3\ARM_GCC_493\Debug\comtest.o
 .debug_abbrev  0x000002ee      0x13e .\CortexM3\ARM_GCC_493\Debug\countsem.o
 .debug_abbrev  0x0000042c       0xe9 .\CortexM3\ARM_GCC_493\Debug\death.o
 .debug_abbrev  0x00000515      0x110 .\CortexM3\ARM_GCC_493\Debug\dynamic.o
 .debug_abbrev  0x00000625       0xa6 .\CortexM3\ARM_GCC_493\Debug\flash.o
 .debug_abbrev  0x000006cb      0x129 .\CortexM3\ARM_GCC_493\Debug\flop.o
 .debug_abbrev  0x000007f4       0xf8 .\CortexM3\ARM_GCC_493\Debug\GenQTest.o
 .debug_abbrev  0x000008ec       0xdd .\CortexM3\ARM_GCC_493\Debug\integer.o
 .debug_abbrev  0x000009c9      0x1b3 .\CortexM3\ARM_GCC_493\Debug\IntQueue.o
 .debug_abbrev  0x00000b7c       0xc2 .\CortexM3\ARM_GCC_493\Debug\PollQ.o
 .debug_abbrev  0x00000c3e      0x109 .\CortexM3\ARM_GCC_493\Debug\QPeek.o
 .debug_abbrev  0x00000d47      0x111 .\CortexM3\ARM_GCC_493\Debug\semtest.o
 .debug_abbrev  0x00000e58       0x4b .\CortexM3\ARM_GCC_493\Debug\croutine.o
 .debug_abbrev  0x00000ea3      0x186 .\CortexM3\ARM_GCC_493\Debug\heap_2.o
 .debug_abbrev  0x00001029       0xd8 .\CortexM3\ARM_GCC_493\Debug\list.o
 .debug_abbrev  0x00001101      0x1db .\CortexM3\ARM_GCC_493\Debug\port.o
 .debug_abbrev  0x000012dc      0x224 .\CortexM3\ARM_GCC_493\Debug\queue.o
 .debug_abbrev  0x00001500      0x2af .\CortexM3\ARM_GCC_493\Debug\tasks.o
 .debug_abbrev  0x000017af       0x84 .\CortexM3\ARM_GCC_493\Debug\IntQueueTimer.o
 .debug_abbrev  0x00001833      0x173 .\CortexM3\ARM_GCC_493\Debug\main.o
 .debug_abbrev  0x000019a6       0xb3 .\CortexM3\ARM_GCC_493\Debug\ParTest.o
 .debug_abbrev  0x00001a59      0x140 .\CortexM3\ARM_GCC_493\Debug\Serial.o
 .debug_abbrev  0x00001b99       0xa1 .\CortexM3\ARM_GCC_493\Debug\TimerTest.o
 .debug_abbrev  0x00001c3a       0x77 .\CortexM3\ARM_GCC_493\Debug\cymetadata.o
 .debug_abbrev  0x00001cb1      0x1b6 .\CortexM3\ARM_GCC_493\Debug\Cm3Start.o
 .debug_abbrev  0x00001e67      0x1b7 .\CortexM3\ARM_GCC_493\Debug\FreeRTOS_Demo.a(cyfitter_cfg.o)
 .debug_abbrev  0x0000201e      0x163 .\CortexM3\ARM_GCC_493\Debug\FreeRTOS_Demo.a(UART_1.o)
 .debug_abbrev  0x00002181       0x90 .\CortexM3\ARM_GCC_493\Debug\FreeRTOS_Demo.a(Pin_LED_0.o)
 .debug_abbrev  0x00002211       0x90 .\CortexM3\ARM_GCC_493\Debug\FreeRTOS_Demo.a(Pin_LED_1.o)
 .debug_abbrev  0x000022a1      0x172 .\CortexM3\ARM_GCC_493\Debug\FreeRTOS_Demo.a(isr_UART1_TX_BYTE_COMPLETE.o)
 .debug_abbrev  0x00002413      0x172 .\CortexM3\ARM_GCC_493\Debug\FreeRTOS_Demo.a(isr_UART1_RX_BYTE_RECEIVED.o)
 .debug_abbrev  0x00002585      0x12e .\CortexM3\ARM_GCC_493\Debug\FreeRTOS_Demo.a(High_Frequency_PWM_0.o)
 .debug_abbrev  0x000026b3      0x172 .\CortexM3\ARM_GCC_493\Debug\FreeRTOS_Demo.a(isr_High_Frequency_2000Hz.o)
 .debug_abbrev  0x00002825      0x120 .\CortexM3\ARM_GCC_493\Debug\FreeRTOS_Demo.a(LCD_Character_Display.o)
 .debug_abbrev  0x00002945       0x90 .\CortexM3\ARM_GCC_493\Debug\FreeRTOS_Demo.a(Pin_LED_2.o)
 .debug_abbrev  0x000029d5       0x90 .\CortexM3\ARM_GCC_493\Debug\FreeRTOS_Demo.a(Pin_LED_3.o)
 .debug_abbrev  0x00002a65      0x12e .\CortexM3\ARM_GCC_493\Debug\FreeRTOS_Demo.a(High_Frequency_PWM_1.o)
 .debug_abbrev  0x00002b93      0x172 .\CortexM3\ARM_GCC_493\Debug\FreeRTOS_Demo.a(isr_High_Frequency_2001Hz.o)
 .debug_abbrev  0x00002d05       0xe9 .\CortexM3\ARM_GCC_493\Debug\FreeRTOS_Demo.a(Timer_20KHz.o)
 .debug_abbrev  0x00002dee      0x172 .\CortexM3\ARM_GCC_493\Debug\FreeRTOS_Demo.a(isrTimer_20KHz_TC.o)
 .debug_abbrev  0x00002f60       0xe9 .\CortexM3\ARM_GCC_493\Debug\FreeRTOS_Demo.a(Timer_48MHz.o)
 .debug_abbrev  0x00003049      0x11d .\CortexM3\ARM_GCC_493\Debug\FreeRTOS_Demo.a(UART_1_IntClock.o)
 .debug_abbrev  0x00003166      0x217 .\CortexM3\ARM_GCC_493\Debug\FreeRTOS_Demo.a(CyLib.o)
 .debug_abbrev  0x0000337d      0x161 .\CortexM3\ARM_GCC_493\Debug\FreeRTOS_Demo.a(cyPm.o)
 .debug_abbrev  0x000034de       0x14 .\CortexM3\ARM_GCC_493\Debug\FreeRTOS_Demo.a(CyBootAsmGnu.o)
 .debug_abbrev  0x000034f2      0x13c .\CortexM3\ARM_GCC_493\Debug\FreeRTOS_Demo.a(CyFlash.o)
 .debug_abbrev  0x0000362e      0x16c .\CortexM3\ARM_GCC_493\Debug\FreeRTOS_Demo.a(CySpc.o)

.debug_line     0x00000000     0x749f
 *(.debug_line)
 .debug_line    0x00000000      0x24a .\CortexM3\ARM_GCC_493\Debug\BlockQ.o
 .debug_line    0x0000024a      0x30f .\CortexM3\ARM_GCC_493\Debug\blocktim.o
 .debug_line    0x00000559      0x25d .\CortexM3\ARM_GCC_493\Debug\comtest.o
 .debug_line    0x000007b6      0x27d .\CortexM3\ARM_GCC_493\Debug\countsem.o
 .debug_line    0x00000a33      0x22e .\CortexM3\ARM_GCC_493\Debug\death.o
 .debug_line    0x00000c61      0x2a4 .\CortexM3\ARM_GCC_493\Debug\dynamic.o
 .debug_line    0x00000f05      0x203 .\CortexM3\ARM_GCC_493\Debug\flash.o
 .debug_line    0x00001108      0x325 .\CortexM3\ARM_GCC_493\Debug\flop.o
 .debug_line    0x0000142d      0x361 .\CortexM3\ARM_GCC_493\Debug\GenQTest.o
 .debug_line    0x0000178e      0x221 .\CortexM3\ARM_GCC_493\Debug\integer.o
 .debug_line    0x000019af      0x55c .\CortexM3\ARM_GCC_493\Debug\IntQueue.o
 .debug_line    0x00001f0b      0x241 .\CortexM3\ARM_GCC_493\Debug\PollQ.o
 .debug_line    0x0000214c      0x27e .\CortexM3\ARM_GCC_493\Debug\QPeek.o
 .debug_line    0x000023ca      0x255 .\CortexM3\ARM_GCC_493\Debug\semtest.o
 .debug_line    0x0000261f      0x13a .\CortexM3\ARM_GCC_493\Debug\croutine.o
 .debug_line    0x00002759      0x2d8 .\CortexM3\ARM_GCC_493\Debug\heap_2.o
 .debug_line    0x00002a31      0x230 .\CortexM3\ARM_GCC_493\Debug\list.o
 .debug_line    0x00002c61      0x2af .\CortexM3\ARM_GCC_493\Debug\port.o
 .debug_line    0x00002f10      0x672 .\CortexM3\ARM_GCC_493\Debug\queue.o
 .debug_line    0x00003582      0xa89 .\CortexM3\ARM_GCC_493\Debug\tasks.o
 .debug_line    0x0000400b      0x1d7 .\CortexM3\ARM_GCC_493\Debug\IntQueueTimer.o
 .debug_line    0x000041e2      0x26d .\CortexM3\ARM_GCC_493\Debug\main.o
 .debug_line    0x0000444f      0x19c .\CortexM3\ARM_GCC_493\Debug\ParTest.o
 .debug_line    0x000045eb      0x2c4 .\CortexM3\ARM_GCC_493\Debug\Serial.o
 .debug_line    0x000048af      0x174 .\CortexM3\ARM_GCC_493\Debug\TimerTest.o
 .debug_line    0x00004a23       0x51 .\CortexM3\ARM_GCC_493\Debug\cymetadata.o
 .debug_line    0x00004a74      0x1dc .\CortexM3\ARM_GCC_493\Debug\Cm3Start.o
 .debug_line    0x00004c50      0x219 .\CortexM3\ARM_GCC_493\Debug\FreeRTOS_Demo.a(cyfitter_cfg.o)
 .debug_line    0x00004e69      0x2e4 .\CortexM3\ARM_GCC_493\Debug\FreeRTOS_Demo.a(UART_1.o)
 .debug_line    0x0000514d       0x98 .\CortexM3\ARM_GCC_493\Debug\FreeRTOS_Demo.a(Pin_LED_0.o)
 .debug_line    0x000051e5       0x98 .\CortexM3\ARM_GCC_493\Debug\FreeRTOS_Demo.a(Pin_LED_1.o)
 .debug_line    0x0000527d      0x165 .\CortexM3\ARM_GCC_493\Debug\FreeRTOS_Demo.a(isr_UART1_TX_BYTE_COMPLETE.o)
 .debug_line    0x000053e2      0x165 .\CortexM3\ARM_GCC_493\Debug\FreeRTOS_Demo.a(isr_UART1_RX_BYTE_RECEIVED.o)
 .debug_line    0x00005547      0x198 .\CortexM3\ARM_GCC_493\Debug\FreeRTOS_Demo.a(High_Frequency_PWM_0.o)
 .debug_line    0x000056df      0x164 .\CortexM3\ARM_GCC_493\Debug\FreeRTOS_Demo.a(isr_High_Frequency_2000Hz.o)
 .debug_line    0x00005843      0x1f3 .\CortexM3\ARM_GCC_493\Debug\FreeRTOS_Demo.a(LCD_Character_Display.o)
 .debug_line    0x00005a36       0x98 .\CortexM3\ARM_GCC_493\Debug\FreeRTOS_Demo.a(Pin_LED_2.o)
 .debug_line    0x00005ace       0x98 .\CortexM3\ARM_GCC_493\Debug\FreeRTOS_Demo.a(Pin_LED_3.o)
 .debug_line    0x00005b66      0x198 .\CortexM3\ARM_GCC_493\Debug\FreeRTOS_Demo.a(High_Frequency_PWM_1.o)
 .debug_line    0x00005cfe      0x164 .\CortexM3\ARM_GCC_493\Debug\FreeRTOS_Demo.a(isr_High_Frequency_2001Hz.o)
 .debug_line    0x00005e62      0x163 .\CortexM3\ARM_GCC_493\Debug\FreeRTOS_Demo.a(Timer_20KHz.o)
 .debug_line    0x00005fc5      0x14c .\CortexM3\ARM_GCC_493\Debug\FreeRTOS_Demo.a(isrTimer_20KHz_TC.o)
 .debug_line    0x00006111      0x163 .\CortexM3\ARM_GCC_493\Debug\FreeRTOS_Demo.a(Timer_48MHz.o)
 .debug_line    0x00006274      0x1aa .\CortexM3\ARM_GCC_493\Debug\FreeRTOS_Demo.a(UART_1_IntClock.o)
 .debug_line    0x0000641e      0x882 .\CortexM3\ARM_GCC_493\Debug\FreeRTOS_Demo.a(CyLib.o)
 .debug_line    0x00006ca0      0x37f .\CortexM3\ARM_GCC_493\Debug\FreeRTOS_Demo.a(cyPm.o)
 .debug_line    0x0000701f       0x66 .\CortexM3\ARM_GCC_493\Debug\FreeRTOS_Demo.a(CyBootAsmGnu.o)
 .debug_line    0x00007085      0x205 .\CortexM3\ARM_GCC_493\Debug\FreeRTOS_Demo.a(CyFlash.o)
 .debug_line    0x0000728a      0x215 .\CortexM3\ARM_GCC_493\Debug\FreeRTOS_Demo.a(CySpc.o)

.debug_frame    0x00000000     0x4fc8
 *(.debug_frame)
 .debug_frame   0x00000000       0xa0 .\CortexM3\ARM_GCC_493\Debug\BlockQ.o
 .debug_frame   0x000000a0       0xc4 .\CortexM3\ARM_GCC_493\Debug\blocktim.o
 .debug_frame   0x00000164       0xa0 .\CortexM3\ARM_GCC_493\Debug\comtest.o
 .debug_frame   0x00000204       0xcc .\CortexM3\ARM_GCC_493\Debug\countsem.o
 .debug_frame   0x000002d0       0xa0 .\CortexM3\ARM_GCC_493\Debug\death.o
 .debug_frame   0x00000370       0xfc .\CortexM3\ARM_GCC_493\Debug\dynamic.o
 .debug_frame   0x0000046c       0x58 .\CortexM3\ARM_GCC_493\Debug\flash.o
 .debug_frame   0x000004c4      0x100 .\CortexM3\ARM_GCC_493\Debug\flop.o
 .debug_frame   0x000005c4      0x12c .\CortexM3\ARM_GCC_493\Debug\GenQTest.o
 .debug_frame   0x000006f0       0x84 .\CortexM3\ARM_GCC_493\Debug\integer.o
 .debug_frame   0x00000774      0x1b8 .\CortexM3\ARM_GCC_493\Debug\IntQueue.o
 .debug_frame   0x0000092c       0xa0 .\CortexM3\ARM_GCC_493\Debug\PollQ.o
 .debug_frame   0x000009cc       0xdc .\CortexM3\ARM_GCC_493\Debug\QPeek.o
 .debug_frame   0x00000aa8       0x80 .\CortexM3\ARM_GCC_493\Debug\semtest.o
 .debug_frame   0x00000b28       0xd0 .\CortexM3\ARM_GCC_493\Debug\heap_2.o
 .debug_frame   0x00000bf8       0xd8 .\CortexM3\ARM_GCC_493\Debug\list.o
 .debug_frame   0x00000cd0      0x160 .\CortexM3\ARM_GCC_493\Debug\port.o
 .debug_frame   0x00000e30      0x474 .\CortexM3\ARM_GCC_493\Debug\queue.o
 .debug_frame   0x000012a4      0x7c8 .\CortexM3\ARM_GCC_493\Debug\tasks.o
 .debug_frame   0x00001a6c       0x64 .\CortexM3\ARM_GCC_493\Debug\IntQueueTimer.o
 .debug_frame   0x00001ad0       0xa4 .\CortexM3\ARM_GCC_493\Debug\main.o
 .debug_frame   0x00001b74       0x88 .\CortexM3\ARM_GCC_493\Debug\ParTest.o
 .debug_frame   0x00001bfc      0x100 .\CortexM3\ARM_GCC_493\Debug\Serial.o
 .debug_frame   0x00001cfc       0x54 .\CortexM3\ARM_GCC_493\Debug\TimerTest.o
 .debug_frame   0x00001d50       0xd8 .\CortexM3\ARM_GCC_493\Debug\Cm3Start.o
 .debug_frame   0x00001e28      0x16c .\CortexM3\ARM_GCC_493\Debug\FreeRTOS_Demo.a(cyfitter_cfg.o)
 .debug_frame   0x00001f94      0x42c .\CortexM3\ARM_GCC_493\Debug\FreeRTOS_Demo.a(UART_1.o)
 .debug_frame   0x000023c0       0xa8 .\CortexM3\ARM_GCC_493\Debug\FreeRTOS_Demo.a(Pin_LED_0.o)
 .debug_frame   0x00002468       0xa8 .\CortexM3\ARM_GCC_493\Debug\FreeRTOS_Demo.a(Pin_LED_1.o)
 .debug_frame   0x00002510      0x1e8 .\CortexM3\ARM_GCC_493\Debug\FreeRTOS_Demo.a(isr_UART1_TX_BYTE_COMPLETE.o)
 .debug_frame   0x000026f8      0x1e8 .\CortexM3\ARM_GCC_493\Debug\FreeRTOS_Demo.a(isr_UART1_RX_BYTE_RECEIVED.o)
 .debug_frame   0x000028e0      0x25c .\CortexM3\ARM_GCC_493\Debug\FreeRTOS_Demo.a(High_Frequency_PWM_0.o)
 .debug_frame   0x00002b3c      0x1e8 .\CortexM3\ARM_GCC_493\Debug\FreeRTOS_Demo.a(isr_High_Frequency_2000Hz.o)
 .debug_frame   0x00002d24      0x260 .\CortexM3\ARM_GCC_493\Debug\FreeRTOS_Demo.a(LCD_Character_Display.o)
 .debug_frame   0x00002f84       0xa8 .\CortexM3\ARM_GCC_493\Debug\FreeRTOS_Demo.a(Pin_LED_2.o)
 .debug_frame   0x0000302c       0xa8 .\CortexM3\ARM_GCC_493\Debug\FreeRTOS_Demo.a(Pin_LED_3.o)
 .debug_frame   0x000030d4      0x25c .\CortexM3\ARM_GCC_493\Debug\FreeRTOS_Demo.a(High_Frequency_PWM_1.o)
 .debug_frame   0x00003330      0x1e8 .\CortexM3\ARM_GCC_493\Debug\FreeRTOS_Demo.a(isr_High_Frequency_2001Hz.o)
 .debug_frame   0x00003518      0x208 .\CortexM3\ARM_GCC_493\Debug\FreeRTOS_Demo.a(Timer_20KHz.o)
 .debug_frame   0x00003720      0x1e8 .\CortexM3\ARM_GCC_493\Debug\FreeRTOS_Demo.a(isrTimer_20KHz_TC.o)
 .debug_frame   0x00003908      0x208 .\CortexM3\ARM_GCC_493\Debug\FreeRTOS_Demo.a(Timer_48MHz.o)
 .debug_frame   0x00003b10      0x1b4 .\CortexM3\ARM_GCC_493\Debug\FreeRTOS_Demo.a(UART_1_IntClock.o)
 .debug_frame   0x00003cc4      0xc0c .\CortexM3\ARM_GCC_493\Debug\FreeRTOS_Demo.a(CyLib.o)
 .debug_frame   0x000048d0      0x234 .\CortexM3\ARM_GCC_493\Debug\FreeRTOS_Demo.a(cyPm.o)
 .debug_frame   0x00004b04      0x210 .\CortexM3\ARM_GCC_493\Debug\FreeRTOS_Demo.a(CyFlash.o)
 .debug_frame   0x00004d14      0x1f8 .\CortexM3\ARM_GCC_493\Debug\FreeRTOS_Demo.a(CySpc.o)
 .debug_frame   0x00004f0c       0x20 c:/program files (x86)/cypress/psoc creator/4.0/psoc creator/import/gnu/arm/4.9.3/bin/../lib/gcc/arm-none-eabi/4.9.3/../../../../arm-none-eabi/lib/armv7-m\libg_nano.a(lib_a-errno.o)
 .debug_frame   0x00004f2c       0x28 c:/program files (x86)/cypress/psoc creator/4.0/psoc creator/import/gnu/arm/4.9.3/bin/../lib/gcc/arm-none-eabi/4.9.3/../../../../arm-none-eabi/lib/armv7-m\libg_nano.a(lib_a-exit.o)
 .debug_frame   0x00004f54       0x2c c:/program files (x86)/cypress/psoc creator/4.0/psoc creator/import/gnu/arm/4.9.3/bin/../lib/gcc/arm-none-eabi/4.9.3/../../../../arm-none-eabi/lib/armv7-m\libg_nano.a(lib_a-init.o)
 .debug_frame   0x00004f80       0x28 c:/program files (x86)/cypress/psoc creator/4.0/psoc creator/import/gnu/arm/4.9.3/bin/../lib/gcc/arm-none-eabi/4.9.3/../../../../arm-none-eabi/lib/armv7-m\libg_nano.a(lib_a-memcpy.o)
 .debug_frame   0x00004fa8       0x20 c:/program files (x86)/cypress/psoc creator/4.0/psoc creator/import/gnu/arm/4.9.3/bin/../lib/gcc/arm-none-eabi/4.9.3/../../../../arm-none-eabi/lib/armv7-m\libg_nano.a(lib_a-memset.o)

.debug_str      0x00000000     0x56d8
 *(.debug_str)
 .debug_str     0x00000000      0x3e5 .\CortexM3\ARM_GCC_493\Debug\BlockQ.o
                                0x461 (size before relaxing)
 .debug_str     0x000003e5      0x1b0 .\CortexM3\ARM_GCC_493\Debug\blocktim.o
                                0x3e7 (size before relaxing)
 .debug_str     0x00000595       0xdc .\CortexM3\ARM_GCC_493\Debug\comtest.o
                                0x30c (size before relaxing)
 .debug_str     0x00000671      0x14a .\CortexM3\ARM_GCC_493\Debug\countsem.o
                                0x375 (size before relaxing)
 .debug_str     0x000007bb       0xe5 .\CortexM3\ARM_GCC_493\Debug\death.o
                                0x321 (size before relaxing)
 .debug_str     0x000008a0      0x1fa .\CortexM3\ARM_GCC_493\Debug\dynamic.o
                                0x448 (size before relaxing)
 .debug_str     0x00000a9a       0x74 .\CortexM3\ARM_GCC_493\Debug\flash.o
                                0x28d (size before relaxing)
 .debug_str     0x00000b0e      0x10b .\CortexM3\ARM_GCC_493\Debug\flop.o
                                0x31b (size before relaxing)
 .debug_str     0x00000c19      0x1a8 .\CortexM3\ARM_GCC_493\Debug\GenQTest.o
                                0x40a (size before relaxing)
 .debug_str     0x00000dc1       0x91 .\CortexM3\ARM_GCC_493\Debug\integer.o
                                0x29b (size before relaxing)
 .debug_str     0x00000e52      0x497 .\CortexM3\ARM_GCC_493\Debug\IntQueue.o
                                0x6d8 (size before relaxing)
 .debug_str     0x000012e9       0xc2 .\CortexM3\ARM_GCC_493\Debug\PollQ.o
                                0x330 (size before relaxing)